the parent's own declaration (Physics, a retake of June 2026): 201 {"success":true,"data":[{"id":"2b8c4065-ced9-4f04-bb42-c4db0f006f16","studentId":"Qbd8tDSozRRSdQfybKOZ9Wu5eCMLwHNx","sessionId":"8d4d9545-50e2-441a-a371-a0d91bf
ANSWERED en: shows the results on record
← Sessions
November 2026 – January 2027 — exams demo
Open

Reserve 8 Oct 2026 21:19 – 16 Oct 2026 22:19
Course starts 8 Oct 2026
Due 15 Oct 2026 22:19

Refunds: 100% to week 2 · 50% in weeks 3–6 · 0% from week 7 · fixed: a family has agreed to it

Deadlines
Pearson Edexcel January 2027
17 Oct 2026
Cambridge International November 2026
22 Oct 2026
retakes
 
26 Oct 2026
Subjects
Fees
To verify

Retakes and carried sittings declared by a family or at the desk. Verified, the line stands. Not confirmed: a line not yet paid ends and the family may reserve a first entry; a paid line stands as a first entry before the board's first-entry deadline, and is dropped with its refund after it.

To verify
Answered
STUDENT	LINE	DECLARED SITTING	DECLARED BY	PAID	ANSWER

Hana Ibrahim
STU-20261008-7647D
	Physics
Retake · in school · EGP 11,600
	Cambridge International June 2026	The family
Parent of Hana Ibrahim · 9 Oct 2026
	not yet	verified
The results on record · 9 Oct 2026


Nour Hassan
STU-20261008-F1592
	Mathematics
Retake · self-study · EGP 7,100
	Cambridge International June 2026	The desk
Officer Mona · 8 Oct 2026
	paid	verified
Nadia Samir · 8 Oct 2026


Yara Nabil
STU-20261008-A9DE2
	Biology (A Level) — A2, carry forward
Carry forward · in school · EGP 14,600
	Cambridge International June 2026	The desk
Officer Mona · 8 Oct 2026
	paid	verified
Nadia Samir · 8 Oct 2026
SETTINGS en: reminder hour line: Each reminder is due on its day (seven days before a payment's due date, the day itself, three days after…) at this hour, Cairo time, from 1 to 23 (midnight does not exist on the day summer time starts). A day whose hour passed while the system was down goes out at the next minute, once.
ANSWERED ar: shows the results on record
← الجلسات
نوفمبر 2026 – يناير 2027 — exams demo
مفتوح

الحجز 8 أكتوبر 2026 21:19 – 16 أكتوبر 2026 22:19
بداية الدراسة 8 أكتوبر 2026
مستحق 15 أكتوبر 2026 22:19

الاسترداد: 100% حتى الأسبوع 2 · 50% في الأسابيع 3–6 · 0% من الأسبوع 7 · ثابتة: وافقت عليها أسرة

المواعيد النهائية
Pearson Edexcel يناير 2027
17 أكتوبر 2026
Cambridge International نوفمبر 2026
22 أكتوبر 2026
الإعادات
 
26 أكتوبر 2026
المواد
الرسوم
للتحقق

إعادات ودورات منقولة صرّحت بها أسرة أو المكتب. عند التحقق يبقى السطر. إن لم تُؤكَّد: ينتهي السطر غير المدفوع ويمكن للأسرة حجز قيد أول؛ ويبقى السطر المدفوع قيدًا أول قبل موعد القيد الأول للمجلس، ويُسحب مع استرداده بعده.

للتحقق
تمت الإجابة
طالب	السطر	الدورة المُصرَّح بها	صرّح بها	مدفوع	الإجابة

Hana Ibrahim
STU-20261008-7647D
	Physics
إعادة · في المدرسة · 11,600 جنيه
	Cambridge International June 2026	الأسرة
Parent of Hana Ibrahim · 9 أكتوبر 2026
	ليس بعد	تم التحقق
النتائج المسجلة · 9 أكتوبر 2026


Nour Hassan
STU-20261008-F1592
	Mathematics
إعادة · دراسة ذاتية · 7,100 جنيه
	Cambridge International June 2026	المكتب
Officer Mona · 8 أكتوبر 2026
	مدفوعة	تم التحقق
Nadia Samir · 8 أكتوبر 2026


Yara Nabil
STU-20261008-A9DE2
	Biology (A Level) — A2, carry forward
ترحيل الدرجات · في المدرسة · 14,600 جنيه
	Cambridge International June 2026	المكتب
Officer Mona · 8 أكتوبر 2026
	مدفوعة	تم التحقق
Nadia Samir · 8 أكتوبر 2026
SETTINGS ar: reminder hour line: يُستحق كل تذكير في يومه (قبل موعد الدفع بسبعة أيام، ويوم الموعد نفسه، وبعده بثلاثة أيام…) في هذه الساعة بتوقيت القاهرة، من 1 إلى 23 (منتصف الليل لا وجود له في يوم بدء التوقيت الصيفي). واليوم الذي فاتت ساعته والنظام متوقف يُرسل في الدقيقة التالية مرة واحدة.
ERRORS: none
