shot entries-derive-cambridge-en
DERIVE CAM:
Exam entries

What each candidate is entered for with the board in a series, made from the paid reservations and cash-ins. Tick entries to mark them as sent to the board or to withdraw them; each row says what the board would refuse.

Board series
Cambridge International June 2027
Pearson Edexcel January 2027
Cambridge International November 2026
Cambridge International June 2026
Pearson Edexcel January 2026
The board's entry list
Forecast grades

Entry deadline

22 Oct 2026 12:46
14
 
days left

Retake deadline

26 Oct 2026 12:46
18
 
days left

The board's fee today

Standard fee

Forecast grades due

28 Oct 2026
20
 
days left

Derive entries from reservations

Each paid reservation becomes what its item enters with the board: a Cambridge syllabus as the award with its option code, Pearson units one by one, a paid cash-in as its award. See what it would make first; nothing is made until you confirm.

Close
Preview again

16 paid reservations
0 new entries to make

Everything paid is already entered: there is nothing new to make.
Show only what is new or needs a choice
Candidate	Reserved	What it enters	To do
Hana Ibrahim	Chemistry 0620
O.L.
	
0620
Chemistry
Award
Option CX
Already entered
	—
Laila Mostafa	Biology 0610
O.L.
	
0610
Biology
Award
Already entered
	—
Mariam Khaled	Biology 0610
O.L.
	
0610
Biology
Award
Already entered
	—
Mariam Khaled	English Language 0500
O.L.
	
0500
English Language
Award
Already entered
	—
Mariam Khaled	Mathematics 0580
O.L.
	
0580
Mathematics
Award
Already entered
	—
Nour Hassan	English Language 0500
O.L.
	
0500
English Language
Award
Already entered
	—
Nour Hassan	Mathematics 0580
O.L.
Follows Cambridge International June 2026 Verified
	
0580
Mathematics
Award
Already entered
Retake
	—
Nour Hassan	Physics 0625
O.L.
	
0625
Physics
Award
Already entered
	—
Omar Tarek	Biology 0610
O.L.
	
0610
Biology
Award
Already entered
	—
Omar Tarek	Chemistry 0620
O.L.
	
0620
Chemistry
Award
Option CX
Already entered
	—
Omar Tarek	Physics 0625
O.L.
	
0625
Physics
Award
Already entered
	—
Salma Hany	Physics 0625
O.L.
	
0625
Physics
Award
Already entered
	—
Yara Nabil	Biology (A Level) AL-BIO— A2, carry forward
A.2.
Follows Cambridge International June 2026 Verified
	
9700
Biology
Award
Option BY
Already entered
Carried forward from
June 2026
	—
Youssef Mahmoud	Biology 0610
O.L.
	
0610
Biology
Award
Already entered
	—
Youssef Mahmoud	Chemistry 0620
O.L.
	
0620
Chemistry
Award
Option CX
Already entered
	—
Youssef Mahmoud	Mathematics 0580
O.
shot entries-derive-pearson-en
DERIVE PEA:
Exam entries

What each candidate is entered for with the board in a series, made from the paid reservations and cash-ins. Tick entries to mark them as sent to the board or to withdraw them; each row says what the board would refuse.

Board series
Cambridge International June 2027
Pearson Edexcel January 2027
Cambridge International November 2026
Cambridge International June 2026
Pearson Edexcel January 2026
The board's entry list
Forecast grades

Entry deadline

17 Oct 2026 12:46
9
 
days left

The board's fee today

Standard fee

Derive entries from reservations

Each paid reservation becomes what its item enters with the board: a Cambridge syllabus as the award with its option code, Pearson units one by one, a paid cash-in as its award. See what it would make first; nothing is made until you confirm.

Close
Preview again

7 paid reservations
0 new entries to make

Everything paid is already entered: there is nothing new to make.
Show only what is new or needs a choice
Candidate	Reserved	What it enters	To do
Hana Ibrahim	
Cash-in
Mathematics (IAL)
A.S.
Cash-in awaiting payment
	Nothing	Cash-in awaiting payment: Cash-in (claim the award) — Pearson Edexcel January 2027 (EGP 700.00) — entered once it is paid
Ziad Fouad	
Cash-in
Cash-in (claim the award) — Pearson Edexcel January 2027
Choose the award
	Nothing	Cash-in (claim the award) — Pearson Edexcel January 2027: its line does not say which award it cashes in — add the award entry by hand with this cash-in
Add an entry by hand

For what the reservations cannot make: a paid cash-in whose line does not say the award, a cash-in with no unit sat this series, or the unit of a choice (“one of M1, S1, D1”).

Add an entry
Entries

8 entries · 6 ready for the board · 1 not sent yet

Show withdrawn entries
0 ticked
Mark as sent
Withdraw
	Entry	Option and tier	Retake and carry forward	Forecast grade	Status	What the board would refuse	
Actions

	
0004
Adam Sherif
3 entries
Only this candidate
Candidate details

	
WMA11
Pure Mathematics 1

Unit

	—
	
Retake
Carry forward:
No
	Not asked for	Submitted

8 Oct 2026

	Ready	
Details
Withdraw

	
WMA12
Pure Mathematics 2

Unit

	—
	
Retake
Carry forward:
No
	Not asked for	Submitted

8 Oct 2026

	Ready	
Details
Withdraw

	
XMA01
Mathematics (AS)

Award · Added by hand

	No option codes on the Catalogue: add them there
	
Retake
Carry forward:
No
	Not asked for	Submitted

8 Oct 2026

	Ready	
Details
Withdraw

	
0002
Hana Ibrahim
2 entries
Only this candidate
Candidate details

shot entrylist-pearson-en
LIST PEA:
Entry lists

Each series' entries in the board portal's columns, with everything the board would refuse. Fix what is flagged, then download the rows that are ready.

Board series
Cambridge International June 2027
Pearson Edexcel January 2027
Cambridge International November 2026
Cambridge International June 2026
Pearson Edexcel January 2026

Entry deadline

17 Oct 2026 12:46
9
 
days left

The board's fee today

Standard fee

Centre number

91234

Entry route

Through the British Council

Rows

8 entries · 6 ready

The columns are assumed

The boards' own templates are not in hand yet, so each column below is our reading of the board portal's fields, marked “assumed”. Check the columns and their order against the board's template before uploading the file. Column names stay as the board's portal writes them.
Every row
8
Ready
6
No UCI (the board requires it)
1
Declared earlier sitting not verified yet — entered as declared (the To verify tab)
1
Download for the board's portal
Only ready rows
(6)
All rows
(8)
Download CSV
Candidate
(school record, not in the file)
	What the board would refuse	Centre numberassumed	Candidate numberassumed	UCIassumed	Surnameassumed	Forenamesassumed	Date of birth (DD/MM/YYYY)assumed	Sex (M/F)assumed	Entry code (unit, cash-in or qualification)assumed	Optionassumed	Tier (F/H)assumed	Resit (Y/N)assumed	Seriesassumed	Estimated gradeassumed	Access arrangementsassumed
Ziad Fouad	
Declared earlier sitting not verified yet — entered as declared (the To verify tab)

Fix on:
To verify

	91234	0001	91234B250104Z	FOUAD	Ziad	27/09/2009	M	WMA12	—	—	Y	January 2027	—	—
Ziad Fouad	Ready	91234	0001	91234B250104Z	FOUAD	Ziad	27/09/2009	M	WME01	—	—	N	January 2027	—	—
Hana Ibrahim	Ready	91234	0002	91234B250101H	IBRAHIM	Hana	14/03/2009	F	WMA11	—	—	N	January 2027	—	—
Hana Ibrahim	Ready	91234	0002	91234B250101H	IBRAHIM	Hana	14/03/2009	F	WME01	—	—	N	January 2027	—	—
Laila Mostafa	
No UCI (the board requires it)

Fix on:
Candidate details

	91234	0003	—	MOSTAFA	Laila	19/06/2009	F	WMA11	—	—	N	January 2027	—	—
Adam Sherif	Ready	91234	0004	91234B250102A	SHERIF	Adam Mohamed	05/11/2009	M	WMA11	—	—	N	January 2027	—	—
Adam Sherif	Ready	91234	0004	91234B250102A	SHERIF	Adam Mohamed	05/11/2009	M	WMA12	—	—	N	January 2027	—	—
Adam Sherif	Ready	91234	0004	91234B250102A	SHERIF	Adam Mohamed	05/11/2009	M	XMA01	—	—	N	January 2027	—	—
Paid reservations with no entry

A family paid for these, but nothing is entered with the board for them yet.

Every paid reservation in this series has its entries.

Paid cash-ins with no entry

The family paid the board's cash-in for an award. A cash-in whose line says the award is entered by Derive; the others are added by hand with the cash-in.

Ziad Fouad · Cash-in (claim the award) — Pearson Edexcel January 2027
Add the award by hand
The board's rules · Pearson Edexcel

What the check above and the fee sentences on the Entries screen follow. Each comes from the research; change one when the board's handbook says otherwise.

C
shot entrylist-cambridge-en
LIST CAM:
Entry lists

Each series' entries in the board portal's columns, with everything the board would refuse. Fix what is flagged, then download the rows that are ready.

Board series
Cambridge International June 2027
Pearson Edexcel January 2027
Cambridge International November 2026
Cambridge International June 2026
Pearson Edexcel January 2026

Entry deadline

22 Oct 2026 12:46
14
 
days left

Retake deadline

26 Oct 2026 12:46
18
 
days left

The board's fee today

Standard fee

Forecast grades due

28 Oct 2026
20
 
days left

Centre number

EG123

Entry route

Directly with the board

Rows

16 entries · 6 ready

The columns are assumed

The boards' own templates are not in hand yet, so each column below is our reading of the board portal's fields, marked “assumed”. Check the columns and their order against the board's template before uploading the file. Column names stay as the board's portal writes them.
Every row
16
Ready
6
No legal name as on ID
1
No date of birth
1
No gender recorded
1
No option code (the board requires it)
6
No tier chosen
1
No forecast grade (the board requires it)
9
Download for the board's portal
Only ready rows
(6)
All rows
(16)
Download CSV
Candidate
(school record, not in the file)
	What the board would refuse	Centre numberassumed	Candidate numberassumed	Candidate name (as on ID)assumed	Date of birth (DD/MM/YYYY)assumed	Gender (M/F)assumed	UCI (optional)assumed	Syllabus codeassumed	Option codeassumed	Tierassumed	Retake (Y/N)assumed	Previous centre numberassumed	Previous candidate numberassumed	Carried forward from (series)assumed	Forecast gradeassumed	Access arrangementsassumed
Mariam Khaled	
No option code (the board requires it)
No forecast grade (the board requires it)

Fix on:
Entries
Forecast grades

	EG123	0001	KHALED, Mariam Walid	23/05/2010	F	—	0500	—	—	N	—	—	—	—	—
Mariam Khaled	
No forecast grade (the board requires it)

Fix on:
Forecast grades

	EG123	0001	KHALED, Mariam Walid	23/05/2010	F	—	0580	MX	E	N	—	—	—	—	—
Mariam Khaled	
No forecast grade (the board requires it)

Fix on:
Forecast grades

	EG123	0001	KHALED, Mariam Walid	23/05/2010	F	—	0610	BX	E	N	—	—	—	—	—
Youssef Mahmoud	
No forecast grade (the board requires it)

Fix on:
Forecast grades

	EG123	0002	MAHMOUD, Youssef Ahmed	11/02/2010	M	—	0580	MX	E	N	—	—	—	—	—
Youssef Mahmoud	Ready	EG123	0002	MAHMOUD, Youssef Ahmed	11/02/2010	M	—	0610	BX	E	N	—	—	—	B	—
Youssef Mahmoud	Ready	EG123	0002	MAHMOUD, Youssef Ahmed	11/02/2010	M	—	0620	CX	E	N	—	—	—	B	—
Yara Nabil	Ready	EG123	0003	NABIL, Yara	08/04/2009	F	—	9700	BY	—	N	EG456	0219	June 2026	B	—
Salma Hany	
No legal name as on ID
No date of birth
No gender recorded
No option code (the board requires it)
No forecast grade (the board requires it)

Fix on:
Candidate details
Entries
Forecast grades

	EG123	0004	—	—	—	—	0625	—	—	N	—	—	—	—	—
Omar Tarek	
No option code (the board requires it)
No tier chosen

Fix on:
Entries

	EG123	0005	TAREK, Omar	30/01/2010	M	—	0610	—	—	N	—	—	—	B	25% extra time; Separate room
Omar Tarek	
shot entries-add-cashin-en
shot deadlines-en
DEADLINES:
Exam deadlines

Every date the boards set for every series, in date order, with what the school still has to do for it. The entry deadline is the school's hard stop: after it, nothing more is entered, paid or confirmed for that series.

Print
All boards
Cambridge International
Pearson Edexcel

Series without an entry deadline

Nothing stops entries or payments for these series until the admin sets their entry deadline:

Cambridge International June 2026
Pearson Edexcel January 2026
Open Board series
Next 30 days

10 dates · 4 with something still to do

Date	What the date is	Series	When	Still to do
Sat 17 Oct 2026

Hard stop
12:46

	

Entry deadline (the school's hard stop)

After this time nothing more is entered, paid or confirmed for the series.

	Pearson Edexcel January 2027	In 9 days	
1 draft entries not sent to the board
Open entries

Sun 18 Oct 2026	

Access arrangements due

	Cambridge International November 2026	In 10 days	Nothing outstanding
Open candidates

Sun 18 Oct 2026	

Late entry fee from

	Pearson Edexcel January 2027	In 10 days	Nothing outstanding
Open entries

Thu 22 Oct 2026

Hard stop
12:46

	

Entry deadline (the school's hard stop)

After this time nothing more is entered, paid or confirmed for the series.

	Cambridge International November 2026	In 14 days	
6 draft entries not sent to the board
Open entries

Fri 23 Oct 2026	

Late entry fee from

	Cambridge International November 2026	In 15 days	Nothing outstanding
Open entries

Mon 26 Oct 2026	

Exams
shot to-verify-en
TO VERIFY:
← Sessions
November 2026 – January 2027 — exams demo
Open

Reserve 8 Oct 2026 11:46 – 16 Oct 2026 12:46
Course starts 8 Oct 2026
Due 15 Oct 2026 12:46

Refunds: 100% to week 2 · 50% in weeks 3–6 · 0% from week 7 · fixed: a family has agreed to it

Deadlines
Pearson Edexcel January 2027
17 Oct 2026
Cambridge International November 2026
22 Oct 2026
retakes
 
26 Oct 2026
Subjects
Fees
To verify

Retakes and carried sittings declared by a family or at the desk. Verified, the line stands. Not confirmed: a line not yet paid ends and the family may reserve a first entry; a paid line stands as a first entry before the board's first-entry deadline, and is dropped with its refund after it.

To verify
Answered
STUDENT	LINE	DECLARED SITTING	DECLARED BY	PAID	ANSWER

Nour Hassan
STU-20261008-0EA32
	Mathematics
Retake · self-study · EGP 7,100
	Cambridge International June 2026	The desk
Officer Mona · 8 Oct 2026
	paid	verified
Nadia Samir · 8 Oct 2026


Yara Nabil
STU-20261008-191C0
	Biology (A Level) — A2, carry forward
Carry forward · in school · EGP 14,600
	Cambridge International June 2026	The desk
Officer Mona · 8 Oct 2026
	paid	verified
Nadia Samir · 8 Oct 2026
drop buttons en: 3
shot family-refund-preview-en
FAMILY:
IG
IGCSE Subject Reservation
Children's Registrations

3 registrations total

Full History
+ Register More
All
Pending Parent Approval
Pending Payment
Confirmed
Dropped
Rejected
November 2026 – January 2027 — exams demo· Hana Ibrahim (Grade 12)
active
EGP 19,600
Mathematics (IAL)
IAL-MATHS · Pearson Edexcel
“[DESK] Registered at the finance desk”
Confirmed
EGP 4,000
Receipt RCP-8B45A44876 is ready to collect from the finance desk.
Drop
Swap
Chemistry
0620 · Cambridge International
“[DESK] Registered at the finance desk”
Confirmed
EGP 11,600
Receipt RCP-D6024E8DE7 is ready to collect from the finance desk.
Drop
Swap
Mathematics (IAL)
IAL-MATHS · Pearson Edexcel
“[DESK] Registered at the finance desk”
Confirmed
EGP 4,000
Receipt RCP-29997AEC12 is ready to collect from the finance desk.
Drop
Swap
Drop Subject

You are about to drop Chemistry for Hana Ibrahim.

Refund policy: you will receive 100% = EGP 9,000 back (of EGP 11,600), released to escrow once the subject's receipt is returned to the school.

The board fee stays with the board: the school sent 0620 Chemistry on 8 October 2026.

Cancel
Confirm Drop
shot entries-derive-cambridge-ar
shot entries-derive-pearson-ar
shot entrylist-pearson-ar
shot entrylist-cambridge-ar
shot entries-add-cashin-ar
shot deadlines-ar
shot to-verify-ar
drop buttons ar: 3
shot family-refund-preview-ar
ERRORS: 
coord.nadia@igcse.local ar pageerror: Hydration failed because the server rendered text didn't match the client. As a result this tree will be regenerated on the client. This can happen if a SSR-ed 
coord.nadia@igcse.local ar pageerror: Hydration failed because the server rendered text didn't match the client. As a result this tree will be regenerated on the client. This can happen if a SSR-ed 
coord.nadia@igcse.local ar pageerror: Hydration failed because the server rendered text didn't match the client. As a result this tree will be regenerated on the client. This can happen if a SSR-ed 
coord.nadia@igcse.local ar pageerror: Hydration failed because the server rendered text didn't match the client. As a result this tree will be regenerated on the client. This can happen if a SSR-ed 
coord.nadia@igcse.local ar pageerror: Hydration failed because the server rendered text didn't match the client. As a result this tree will be regenerated on the client. This can happen if a SSR-ed 
coord.nadia@igcse.local ar pageerror: Hydration failed because the server rendered text didn't match the client. As a result this tree will be regenerated on the client. This can happen if a SSR-ed 
coord.nadia@igcse.local ar pageerror: Hydration failed because the server rendered text didn't match the client. As a result this tree will be regenerated on the client. This can happen if a SSR-ed 
coord.nadia@igcse.local ar pageerror: Hydration failed because the server rendered text didn't match the client. As a result this tree will be regenerated on the client. This can happen if a SSR-ed 
coord.nadia@igcse.local ar pageerror: Hydration failed because the server rendered text didn't match the client. As a result this tree will be regenerated on the client. This can happen if a SSR-ed 
parent.hana.ibrahim@igcse.local ar pageerror: Hydration failed because the server rendered text didn't match the client. As a result this tree will be regenerated on the client. This can happen if a SSR-ed 
parent.hana.ibrahim@igcse.local ar pageerror: Hydration failed because the server rendered text didn't match the client. As a result this tree will be regenerated on the client. This can happen if a SSR-ed 
parent.hana.ibrahim@igcse.local ar pageerror: Hydration failed because the server rendered text didn't match the client. As a result this tree will be regenerated on the client. This can happen if a SSR-ed 
