shot review-reserve-en
RESERVE en:
Reserve

Choose your child and the session, tick what they will sit, and pay by exam series.

Child
Choose…
Ziad Fouad · Grade 12
Session
Choose…
November 2026 – January 2027 — exams demo

Reservations close 16 Oct 2026

Tick what you want to sit. A retake the school does not know about yet: choose "retake" and name the sitting, as on the form; the school verifies it. A provisional board fee (ⓟ) is confirmed before you pay.

	SUBJECT · WHAT IS ENTERED	TEACHER	ENTRY	PRICE
O.L.
Biology Cambridge International
	Whole subject
Cambridge International November 2026
			
Chemistry Cambridge International
	Whole subject
Cambridge International November 2026
			
Mathematics Cambridge International
	Whole subject
Cambridge International November 2026
			
Physics Cambridge International
	Whole subject
Cambridge International November 2026
			
English Language Cambridge International
	Whole subject
Cambridge International November 2026
			
A.S. / A.L.
Biology (A Level) Cambridge International
	A Level
Cambridge International November 2026
			
	A2, carry forward
Cambridge International November 2026
			
Mathematics (IAL) Pearson Edexcel
	P1
Pearson Edexcel January 2027
			
	P2 already reserved
Pearson Edexcel January 2027
			
	M1 already reserved
Pearson Edexcel January 2027
			

0 lines · EGP 0

Due 15 Oct 2026

I confirm that I have read the refund policy: of the course fee, 100% to week 2 · 50% in weeks 3–6 · 0% from week 7, counted from the first lesson.
I confirm that the information given is true, complete and accurate.
Reserve

shot review-statement-en
STATEMENT en:
Statement

Every line with its price and why, what is paid and what is still owed, and the payments — one per exam board deadline.

Show ended lines (expired, rejected)
Ziad Fouad

Grade 12 · STU-20261008-65AD7

Price

EGP 8,700

Paid

EGP 8,700

Outstanding

EGP 0

Escrow

EGP 0

November 2026 – January 2027 — exams demo
LINE	PRICE	PAID	OUTSTANDING	DUE	RECEIPT	STATUS

Mathematics (IAL) — P2
Retake, in school · Dina Fathy · Pearson Edexcel January 2027
from Pearson Edexcel January 2026 (declared at the desk) to be verified by the school
	EGP 4,000
course 2,400 × 100% + board 1,600 × 100%
	EGP 4,000	—	—	RCP-E2EBD9AF9E
Ready to Hand Over
	Confirmed

Mathematics (IAL) — M1
First entry, in school · Dina Fathy · Pearson Edexcel January 2027
	EGP 4,000
course 2,400 × 100% + board 1,600 × 100%
	EGP 4,000	—	—	RCP-64F23E4227
Ready to Hand Over
	Confirmed
Cash-in (claim the award) — Pearson Edexcel January 2027 paid
EGP 700
paid EGP 700
Payments

One payment per entry deadline: each series is paid for on its own.

8 Oct 2026 · Charges (cash)
EGP 700
Paid
8 Oct 2026 · Subjects (cash)
Mathematics (IAL) — P2 · RCP-E2EBD9AF9E, Mathematics (IAL) — M1 · RCP-64F23E4227
Pearson Edexcel January 2027 · deadline 17 Oct 2026
EGP 8,000
Paid

shot review-to-verify-before-en
check button (en): 1
shot review-to-verify-before-checked-en
TO VERIFY en:
← Sessions
November 2026 – January 2027 — exams demo
Open

Reserve 8 Oct 2026 11:46 – 16 Oct 2026 12:46
Course starts 8 Oct 2026
Due 15 Oct 2026 12:46

Refunds: 100% to week 2 · 50% in weeks 3–6 · 0% from week 7 · fixed: a family has agreed to it

Deadlines
Pearson Edexcel January 2027
17 Oct 2026
Cambridge International November 2026
22 Oct 2026
retakes
 
26 Oct 2026
Subjects
Fees
To verify

Retakes and carried sittings declared by a family or at the desk. Verified, the line stands. Not confirmed: a line not yet paid ends and the family may reserve a first entry; a paid line stands as a first entry before the board's first-entry deadline, and is dropped with its refund after it.

Check against the results on record
To verify
Answered
0 sittings were verified from the results on record.
STUDENT	LINE	DECLARED SITTING	DECLARED BY	PAID	ANSWER BY	

Ziad Fouad
STU-20261008-65AD7
	Mathematics (IAL) — P2
Retake · in school · EGP 4,000
	Pearson Edexcel January 2026	The desk
Officer Mona · 8 Oct 2026
	paid	17 Oct 2026
9 days left
	Verify Not confirmed

shot review-reserve-ar
RESERVE ar:
الحجز

اختر ابنك والجلسة، وحدد ما سيمتحن فيه، وادفع لكل دورة امتحان.

الابن/الابنة
اختر…
Ziad Fouad · Grade 12
الجلسة
اختر…
November 2026 – January 2027 — exams demo

يُغلق الحجز 16 أكتوبر 2026

حدد ما ستمتحن فيه. إعادة لا تعرفها المدرسة بعد: اختر «إعادة» وسمِّ الدورة كما في الاستمارة، وتتحقق منها المدرسة. رسوم المجلس المؤقتة (ⓟ) تُؤكَّد قبل الدفع.

	المادة · ما يُقيَّد	معلم	القيد	السعر
O.L.
Biology Cambridge International
	المادة كاملة
Cambridge International November 2026
			
Chemistry Cambridge International
	المادة كاملة
Cambridge International November 2026
			
Mathematics Cambridge International
	المادة كاملة
Cambridge International November 2026
			
Physics Cambridge International
	المادة كاملة
Cambridge International November 2026
			
English Language Cambridge International
	المادة كاملة
Cambridge International November 2026
			
A.S. / A.L.
Biology (A Level) Cambridge International
	المستوى A
Cambridge International November 2026
			
	A2, carry forward
Cambridge International November 2026
			
Mathematics (IAL) Pearson Edexcel
	P1
Pearson Edexcel January 2027
			
	P2 محجوز بالفعل
Pearson Edexcel January 2027
			
	M1 محجوز بالفعل
Pearson Edexcel January 2027
			

0 أسطر · 0 جنيه

مستحق 15 أكتوبر 2026

أؤكد أنني قرأت سياسة الاسترداد: من رسوم التدريس، 100% حتى الأسبوع 2 · 50% في الأسابيع 3–6 · 0% من الأسبوع 7، محسوبة من أول حصة.
أؤكد أن المعلومات المقدمة صحيحة وكاملة ودقيقة.
الحجز

LATIN LEFT (reserve): Ziad Fouad | Grade | November | January | exams demo | Biology Cambridge International | Cambridge International November | Chemistry Cambridge International | Mathematics Cambridge International | Physics Cambridge International | English Language Cambridge International | Biology | Level | Cambridge International | carry forward | Mathematics | Pearson Edexcel | Pearson Edexcel January
shot review-statement-ar
STATEMENT ar:
كشف الحساب

كل سطر بسعره وسببه، وما دُفع وما بقي، والدفعات — دفعة لكل موعد للمجلس.

إظهار الأسطر المنتهية (منتهية الصلاحية، مرفوضة)
Ziad Fouad

الصف 12 · STU-20261008-65AD7

السعر

8,700 جنيه

مدفوع

8,700 جنيه

المتبقي

0 جنيه

الرصيد

0 جنيه

November 2026 – January 2027 — exams demo
السطر	السعر	مدفوع	المتبقي	مستحق	الإيصال	الحالة

Mathematics (IAL) — P2
إعادة، في المدرسة · Dina Fathy · Pearson Edexcel January 2027
من Pearson Edexcel January 2026 (صُرّح بها في المكتب) تتحقق منها المدرسة
	4,000 جنيه
التدريس 2,400 × 100% + المجلس 1,600 × 100%
	4,000 جنيه	—	—	RCP-E2EBD9AF9E
Ready to Hand Over
	مؤكد

Mathematics (IAL) — M1
قيد أول، في المدرسة · Dina Fathy · Pearson Edexcel January 2027
	4,000 جنيه
التدريس 2,400 × 100% + المجلس 1,600 × 100%
	4,000 جنيه	—	—	RCP-64F23E4227
Ready to Hand Over
	مؤكد
Cash-in (claim the award) — Pearson Edexcel January 2027 مدفوعة
700 جنيه
مدفوعة 700 جنيه
المدفوعات

دفعة لكل موعد قيد: تُدفع كل دورة وحدها.

8 أكتوبر 2026 · الرسوم الأخرى (cash)
700 جنيه
مدفوع
8 أكتوبر 2026 · المواد (cash)
Mathematics (IAL) — P2 · RCP-E2EBD9AF9E, Mathematics (IAL) — M1 · RCP-64F23E4227
Pearson Edexcel January 2027 · الموعد 17 أكتوبر 2026
8,000 جنيه
مدفوع

LATIN LEFT (statement): Ziad Fouad | STU- | November | January | exams demo | Mathematics | Dina Fathy | Pearson Edexcel January | RCP-E | Ready to Hand Over | RCP- | Cash-in | claim the award | cash
shot review-to-verify-before-ar
check button (ar): 1
shot review-to-verify-before-checked-ar
TO VERIFY ar:
← الجلسات
نوفمبر 2026 – يناير 2027 — exams demo
مفتوح

الحجز 8 أكتوبر 2026 11:46 – 16 أكتوبر 2026 12:46
بداية الدراسة 8 أكتوبر 2026
مستحق 15 أكتوبر 2026 12:46

الاسترداد: 100% حتى الأسبوع 2 · 50% في الأسابيع 3–6 · 0% من الأسبوع 7 · ثابتة: وافقت عليها أسرة

المواعيد النهائية
Pearson Edexcel يناير 2027
17 أكتوبر 2026
Cambridge International نوفمبر 2026
22 أكتوبر 2026
الإعادات
 
26 أكتوبر 2026
المواد
الرسوم
للتحقق

إعادات ودورات منقولة صرّحت بها أسرة أو المكتب. عند التحقق يبقى السطر. إن لم تُؤكَّد: ينتهي السطر غير المدفوع ويمكن للأسرة حجز قيد أول؛ ويبقى السطر المدفوع قيدًا أول قبل موعد القيد الأول للمجلس، ويُسحب مع استرداده بعده.

طابِق مع النتائج المسجلة
للتحقق
تمت الإجابة
تم التحقق من 0 دورات من النتائج المسجلة.
طالب	السطر	الدورة المُصرَّح بها	صرّح بها	مدفوع	الإجابة قبل	

Ziad Fouad
STU-20261008-65AD7
	Mathematics (IAL) — P2
إعادة · في المدرسة · 4,000 جنيه
	Pearson Edexcel January 2026	المكتب
Officer Mona · 8 أكتوبر 2026
	مدفوعة	17 أكتوبر 2026
9 أيام متبقية
	تحقق لم تُؤكَّد

LATIN LEFT (to verify): exams demo | Pearson Edexcel | Cambridge International | Ziad Fouad | STU- | Mathematics | Pearson Edexcel January | Officer Mona
reject Ziad's declaration: 200 {"success":true,"data":{"outcome":"rejected","effect":"stands","registrationId":"e2ebd9af-9ea9-4fb1-97e2-917100934756"}}
shot review-entrylist-retake-differs-en
ENTRY LIST en:
Entry lists

Each series' entries in the board portal's columns, with everything the board would refuse. Fix what is flagged, then download the rows that are ready.

Board series
Cambridge International June 2027
Pearson Edexcel January 2027
Cambridge International November 2026
Cambridge International June 2026
Pearson Edexcel January 2026

Entry deadline

17 Oct 2026 12:46
9
 
days left

The board's fee today

Standard fee

Centre number

91234

Entry route

Through the British Council

Rows

9 entries · 7 ready

The columns are assumed

The boards' own templates are not in hand yet, so each column below is our reading of the board portal's fields, marked “assumed”. Check the columns and their order against the board's template before uploading the file. Column names stay as the board's portal writes them.
Every row
9
Ready
7
No UCI (the board requires it)
1
Its reservation's retake answer changed after the entry was made — amend the entry's retake
1
Download for the board's portal
Only ready rows
(7)
All rows
(9)
Download CSV
Candidate
(school record, not in the file)
	What the board would refuse	Centre numberassumed	Candidate numberassumed	UCIassumed	Surnameassumed	Forenamesassumed	Date of birth (DD/MM/YYYY)assumed	Sex (M/F)assumed	Entry code (unit, cash-in or qualification)assumed	Optionassumed	Tier (F/H)assumed	Resit (Y/N)assumed	Seriesassumed	Estimated gradeassumed	Access arrangementsassumed
Ziad Fouad	
Its reservation's retake answer changed after the entry was made — amend the entry's retake

Fix on:
Entries

	91234	0001	91234B250104Z	FOUAD	Ziad	27/09/2009	M	WMA12	—	—	Y	January 2027	—	—
Ziad Fouad	Ready	91234	0001	91234B250104Z	FOUAD	Ziad	27/09/2009	M	WME01	—	—	N	January 2027	—	—
Ziad Fouad	Ready	91234	0001	91234B250104Z	FOUAD	Ziad	27/09/2009	M	XMA01	—	—	N	January 2027	—	—
Hana Ibrahim	Ready	91234	0002	91234B250101H	IBRAHIM	Hana	14/03/2009	F	WMA11	—	—	N	January 2027	—	—
Hana Ibrahim	Ready	91234	0002	91234B250101H	IBRAHIM	Hana	14/03/2009	F	WME01	—	—	N	January 2027	—	—
Laila Mostafa	
No UCI (the board requires it)

Fix on:
Candidate details

	91234	0003	—	MOSTAFA	Laila	19/06/2009	F	WMA11	—	—	N	January 2027	—	—
Adam Sherif	Ready	91234	0004	91234B250102A	SHERIF	Adam Mohamed	05/11/2009	M	WMA11	—	—	N	January 2027	—	—
Adam Sherif	Ready	91234	0004	91234B250102A	SHERIF	Adam Mohamed	05/11/2009	M	WMA12	—	—	N	January 2027	—	—
Adam Sherif	Ready	91234	0004	91234B250102A	SHERIF	Adam Mohamed	05/11/2009	M	XMA01	—	—	N	January 2027	—	—
Paid reservations with no entry

A family paid for these, but nothing is entered with the board for them yet.

Every paid reservation in this series has its entries.

The board's rules · Pearson Edexcel

What the check above and the fee sentences on the Entries screen follow. Each comes from the research; change one when the board's handbook says otherwise.

Change the rules
Forecast grades are not asked for.
A forecast grade can still change after it is sent.
Option codes are not required.
Every candidate needs a UCI.
A candidate number is fixed once entries are sent.
After the entry deadline, a change to a sent entry is taken, with a fee.
A change to a sent entry costs a fee from the high late fee date

Pearson charges an amendment fee for an option change after the high-late fee date.

A withdrawn entry is refunded by the board up to the high late fee date

Pearson refunds an entry automatically up to the high-late fee date; after it the entry fee is kept.

No carry forward.
The results file names each candidate by UCI

From DISCOVERY_RESEARCH.md §2 (Pearson key dates 2026/27, IAL information manual). IAL unit results are banked under the UCI.

shot review-derive-pearson-en
DERIVE en:
Exam entries

What each candidate is entered for with the board in a series, made from the paid reservations and cash-ins. Tick entries to mark them as sent to the board or to withdraw them; each row says what the board would refuse.

Board series
Cambridge International June 2027
Pearson Edexcel January 2027
Cambridge International November 2026
Cambridge International June 2026
Pearson Edexcel January 2026
The board's entry list
Forecast grades

Entry deadline

17 Oct 2026 12:46
9
 
days left

The board's fee today

Standard fee

Derive entries from reservations

Each paid reservation becomes what its item enters with the board: a Cambridge syllabus as the award with its option code, Pearson units one by one, a paid cash-in as its award. See what it would make first; nothing is made until you confirm.

Close
Preview again

7 paid reservations
0 new entries to make

Everything paid is already entered: there is nothing new to make.
Show only what is new or needs a choice
Candidate	Reserved	What it enters	To do
Hana Ibrahim	
Cash-in
Mathematics (IAL)
A.S.
Cash-in awaiting payment
	Nothing	Cash-in awaiting payment: Cash-in (claim the award) — Pearson Edexcel January 2027 (EGP 700.00) — entered once it is paid
Ziad Fouad	
Cash-in
Cash-in (claim the award) — Pearson Edexcel January 2027
Choose the award
	Nothing	Cash-in (claim the award) — Pearson Edexcel January 2027: its line does not say which award it cashes in — add the award entry by hand with this cash-in
Add an entry by hand

For what the reservations cannot make: a paid cash-in whose line does not say the award, a cash-in with no unit sat this series, or the unit of a choice (“one of M1, S1, D1”).

Add an entry
Entries

9 entries · 7 ready for the board · 2 not sent yet

Show withdrawn entries
0 ticked
Mark as sent
Withdraw
	Entry	Option and tier	Retake and carry forward	Forecast grade	Status	What the board would refuse	
Actions

	
0004
Adam Sherif
3 entries
Only this candidate
Candidate details

	
WMA11
Pure Mathematics 1

Unit

	—
	
Retake
Carry forward:
No
	Not asked for	Submitted

8 Oct 2026

	Ready	
Details
Withdraw

	
WMA12
Pure Mathematics 2

Unit

	—
	
Retake
Carry forward:
No
	Not asked for	Submitted

8 Oct 2026

	Ready	
Details
Withdraw

	
XMA01
Mathematics (AS)

Award · From a paid cash-in

	No option codes on the Catalogue: add them there
	
Retake
Carry forward:
No
	Not asked for	Submitted

8 Oct 2026

	Ready	
Details
Withdraw

	
0002
Hana Ibrahim
2 entries
Only this candidate
Candidate details

	
WMA11
Pure Mathematics 1

Unit

	—
	
Retake
Carry forward:
No
	Not asked for	Submitted

8 Oct 2026

	Ready	
Details
Withdraw

	
WME01
Mechanics 1

Unit

	—
	
Retake
Carry forward:
No
	Not asked for	Submitted

8 Oct 2026

	Ready	
Details
Withdraw

	
0003
Laila Mostafa
1 entry
Only this candidate
Candidate details

	
WMA11
Pure Mathematics 1

Unit

	—
	
Retake
Carry forward:
No
	Not asked for	Draft

If sent today: Standard fee

	
No UCI (the board requires it)
	
Details
Withdraw

	
0001
Ziad Fouad
3 entries
Only this candidate
Candidate details

	
WMA12
Pure Mathematics 2

Unit

	—
	
Retake

The reservation says retake

Carry forward:
No
	Not asked for	Submitted

8 Oct 2026

	
Its reservation's retake answer changed after the entry was made — amend the entry's retake
	
Details
Withdraw

	
WME01
Mechanics 1

Unit

	—
	
Retake
Carry forward:
No
	Not asked for	Submitted

8 Oct 2026

	Ready	
Details
Withdraw

	
XMA01
Mathematics (AS)

Award · From a paid cash-in

	No option codes on

shot review-entrylist-retake-differs-ar
ENTRY LIST ar:
قوائم القيد

قيود كل دورة بأعمدة بوابة المجلس، مع كل ما قد يرفضه المجلس. أصلح المُعلَّم، ثم نزِّل الصفوف الجاهزة.

دورات المجالس
Cambridge International June 2027
Pearson Edexcel January 2027
Cambridge International November 2026
Cambridge International June 2026
Pearson Edexcel January 2026

آخر موعد للقيد

17 أكتوبر 2026 12:46
9
 
أيام متبقية

رسم المجلس اليوم

الرسم العادي

رقم المركز

91234

طريقة القيد

عبر المجلس الثقافي البريطاني

الصفوف

9 قيود · 7 جاهز

الأعمدة مفترضة

نماذج المجالس نفسها ليست متاحة بعد، لذا فكل عمود أدناه قراءتنا لحقول بوابة المجلس، ومُعلَّم "مفترض". راجع الأعمدة وترتيبها مع نموذج المجلس قبل رفع الملف. تبقى أسماء الأعمدة كما تكتبها بوابة المجلس.
كل الصفوف
9
جاهز
7
لا يوجد UCI (يشترطه المجلس)
1
تغيّرت إجابة الحجز عن الإعادة بعد إنشاء القيد - عدّل الإعادة في القيد
1
تنزيل لبوابة المجلس
الصفوف الجاهزة فقط
(7)
كل الصفوف
(9)
تنزيل CSV
المرشح
(سجل المدرسة، ليس في الملف)
	ما قد يرفضه المجلس	Centre numberمفترض	Candidate numberمفترض	UCIمفترض	Surnameمفترض	Forenamesمفترض	Date of birth (DD/MM/YYYY)مفترض	Sex (M/F)مفترض	Entry code (unit, cash-in or qualification)مفترض	Optionمفترض	Tier (F/H)مفترض	Resit (Y/N)مفترض	Seriesمفترض	Estimated gradeمفترض	Access arrangementsمفترض
Ziad Fouad	
تغيّرت إجابة الحجز عن الإعادة بعد إنشاء القيد - عدّل الإعادة في القيد

أصلحه في:
القيود

	91234	0001	91234B250104Z	FOUAD	Ziad	27/09/2009	M	WMA12	—	—	Y	January 2027	—	—
Ziad Fouad	جاهز	91234	0001	91234B250104Z	FOUAD	Ziad	27/09/2009	M	WME01	—	—	N	January 2027	—	—
Ziad Fouad	جاهز	91234	0001	91234B250104Z	FOUAD	Ziad	27/09/2009	M	XMA01	—	—	N	January 2027	—	—
Hana Ibrahim	جاهز	91234	0002	91234B250101H	IBRAHIM	Hana	14/03/2009	F	WMA11	—	—	N	January 2027	—	—
Hana Ibrahim	جاهز	91234	0002	91234B250101H	IBRAHIM	Hana	14/03/2009	F	WME01	—	—	N	January 2027	—	—
Laila Mostafa	
لا يوجد UCI (يشترطه المجلس)

أصلحه في:
بيانات المرشح

	91234	0003	—	MOSTAFA	Laila	19/06/2009	F	WMA11	—	—	N	January 2027	—	—
Adam Sherif	جاهز	91234	0004	91234B250102A	SHERIF	Adam Mohamed	05/11/2009	M	WMA11	—	—	N	January 2027	—	—
Adam Sherif	جاهز	91234	0004	91234B250102A	SHERIF	Adam Mohamed	05/11/2009	M	WMA12	—	—	N	January 2027	—	—
Adam Sherif	جاهز	91234	0004	91234B250102A	SHERIF	Adam Mohamed	05/11/2009	M	XMA01	—	—	N	January 2027	—	—
حجوزات مدفوعة بلا قيد

دفعت الأسرة ثمنها، لكن لم يُقيَّد لها شيء لدى المجلس بعد.

لكل حجز مدفوع في هذه الدورة قيوده.

قواعد المجلس · Pearson Edexcel

ما يتبعه الفحص أعلاه وعبارات الرسوم في شاشة القيود. كل قاعدة مأخوذة من البحث؛ غيّرها حين يقول دليل المجلس غير ذلك.

غيّر القواعد
الدرجات المتوقعة غير مطلوبة.
يمكن تغيير الدرجة المتوقعة بعد إرسالها.
رموز الخيارات غير مطلوبة.
يحتاج كل مرشح رقم UCI.
يثبت رقم المرشح بعد إرسال القيود.
بعد آخر موعد للقيد يُقبل تغيير القيد المُرسل برسم.
يكلّف تغيير القيد المُرسل رسمًا ابتداءً من موعد رسم التأخير المرتفع

تفرض Pearson رسم تعديل على تغيير الخيار بعد موعد رسم التأخير المرتفع.

يرد المجلس رسم القيد المسحوب حتى موعد رسم التأخير المرتفع

ترد Pearson رسم القيد تلقائيًا حتى موعد رسم التأخير المرتفع؛ وبعده يُحتفظ برسم القيد.

لا يوجد ترحيل.
يحدد ملف النتائج كل مرشح بـ UCI

من DISCOVERY_RESEARCH.md §2 (مواعيد Pearson الرئيسية 2026/27، دليل معلومات IAL). تُحفظ نتائج وحدات IAL تحت رقم UCI.

LATIN LEFT (entry list): Cambridge International June | Pearson Edexcel January | Cambridge International November | Centre number | Candidate number | Surname | Forenames | Date of birth | YYYY | Entry code | unit | cash-in or qualification | Option | Tier | Resit | Series | Estimated grade | Access arrangements | Ziad Fouad | FOUAD | Ziad | January | Hana Ibrahim | IBRAHIM | Hana | Laila Mostafa | MOSTAFA | Laila | Adam Sherif | SHERIF | Adam Mohamed | Pearson Edexcel | Pearson | DISCOVERY | RESEARCH
shot review-derive-pearson-ar
DERIVE ar:
قيود الامتحانات

ما قُيِّد له كل مرشح لدى المجلس في دورة، من الحجوزات وطلبات الشهادة (Cash-in) المدفوعة. حدد القيود لتسجيلها كمُرسلة إلى المجلس أو لسحبها؛ يذكر كل صف ما قد يرفضه المجلس.

دورات المجالس
Cambridge International June 2027
Pearson Edexcel January 2027
Cambridge International November 2026
Cambridge International June 2026
Pearson Edexcel January 2026
قائمة القيد للمجلس
الدرجات المتوقعة

آخر موعد للقيد

17 أكتوبر 2026 12:46
9
 
أيام متبقية

رسم المجلس اليوم

الرسم العادي

إنشاء القيود من الحجوزات

يصبح كل حجز مدفوع ما يقيّده بنده لدى المجلس: منهج Cambridge كمؤهل برمز خياره، ووحدات Pearson كلٌّ على حدة، وطلب الشهادة (Cash-in) المدفوع كمؤهله. اطّلع على ما سيُنشأ أولًا؛ لا يُنشأ شيء حتى تؤكد.

إغلاق
معاينة مجددًا

7 حجوزات مدفوعة
0 قيود جديدة ستُنشأ

كل ما دُفع مُقيَّد بالفعل: لا شيء جديد يُنشأ.
اعرض الجديد وما يحتاج اختيارًا فقط
المرشح	المحجوز	ما يقيّده	المطلوب
Hana Ibrahim	
طلب الشهادة (Cash-in)
Mathematics (IAL)
A.S.
طلب الشهادة (Cash-in) بانتظار الدفع
	لا شيء	طلب الشهادة (Cash-in) بانتظار الدفع: Cash-in (claim the award) — Pearson Edexcel January 2027 (700.00 ج.م) - يُقيَّد بعد دفعه
Ziad Fouad	
طلب الشهادة (Cash-in)
Cash-in (claim the award) — Pearson Edexcel January 2027
اختر المؤهل
	لا شيء	Cash-in (claim the award) — Pearson Edexcel January 2027: لا يذكر سطره المؤهل الذي يطلب شهادته - أضف قيد المؤهل يدويًا مع طلب الشهادة هذا
إضافة قيد يدويًا

لما لا تُنشئه الحجوزات: طلب شهادة (Cash-in) مدفوع لا يذكر سطره المؤهل، أو طلب شهادة دون وحدة في هذه الدورة، أو وحدة من اختيار («واحدة من M1 وS1 وD1»).

أضف قيدًا
القيود

9 قيود · 7 جاهز للمجلس · 2 لم يُرسل بعد

اعرض القيود المسحوبة
0 محدد
سجِّل كمُرسل
سحب
	القيد	الخيار والمستوى	الإعادة والترحيل	الدرجة المتوقعة	الحالة	ما قد يرفضه المجلس	
الإجراءات

	
0004
Adam Sherif
3 قيود
هذا المرشح فقط
بيانات المرشح

	
WMA11
Pure Mathematics 1

الوحدة

	—
	
إعادة
الترحيل:
لا
	لا تُطلب	تم الإرسال

8 أكتوبر 2026

	جاهز	
التفاصيل
سحب

	
WMA12
Pure Mathematics 2

الوحدة

	—
	
إعادة
الترحيل:
لا
	لا تُطلب	تم الإرسال

8 أكتوبر 2026

	جاهز	
التفاصيل
سحب

	
XMA01
Mathematics (AS)

مؤهل · من طلب شهادة (Cash-in) مدفوع

	لا توجد رموز خيارات في الدليل: أضفها هناك
	
إعادة
الترحيل:
لا
	لا تُطلب	تم الإرسال

8 أكتوبر 2026

	جاهز	
التفاصيل
سحب

	
0002
Hana Ibrahim
2 قيود
هذا المرشح فقط
بيانات المرشح

	
WMA11
Pure Mathematics 1

الوحدة

	—
	
إعادة
الترحيل:
لا
	لا تُطلب	تم الإرسال

8 أكتوبر 2026

	جاهز	
التفاصيل
سحب

	
WME01
Mechanics 1

الوحدة

	—
	
إعادة
الترحيل:
لا
	لا تُطلب	تم الإرسال

8 أكتوبر 2026

	جاهز	
التفاصيل
سحب

	
0003
Laila Mostafa
قيد واحد
هذا المرشح فقط
بيانات المرشح

	
WMA11
Pure Mathematics 1

الوحدة

	—
	
إعادة
الترحيل:
لا
	لا تُطلب	مسودة

إن أُرسل اليوم: الرسم العادي

	
لا يوجد UCI (يشترطه المجلس)
	
التفاصيل
سحب

	
0001
Ziad Fouad
3 قيود
هذا المرشح فقط
بيانات المرشح

	
WMA12
Pure Mathematics 2

الوحدة

	—
	
إعادة

الحجز يذكر أنها إعادة

الترحيل:
لا
	لا تُطلب	تم الإرسال

8 أكتوبر 2026

	
تغيّرت إجابة الحجز عن الإعادة بعد إنشاء القيد - عدّل الإعادة في القيد
	
التفاصيل
سحب

	
WME01
Mechanics 1

الوحدة

	—
	
إعادة
الترحيل:
لا
	لا تُطلب	تم الإرسال

8 أكتوبر 2026

	جاهز	
التفاصيل
سحب

	
XMA01
Mathematics (AS)

مؤهل · من طلب شهادة (Cash-in) مدفوع

	لا توجد رموز خيارات في الدليل: أضفها هناك
	
إعادة
الترحيل:
لا
	لا تُطلب	مسودة

إن أُرسل اليوم: الرسم العادي

	جاهز	
التفاصيل
سحب

LATIN LEFT (derive): Cash-in | Cambridge International June | Pearson Edexcel January | Cambridge International November | Cambridge | Pearson | Hana Ibrahim | Mathematics | claim the award | Ziad Fouad | Adam Sherif | Pure Mathematics | Mechanics | Laila Mostafa
ERRORS: none
