desk reservation (declared P1 retake, June 2026): 201 {"success":true,"data":{"registrations":[{"id":"0ff67208-6592-47e3-a3a4-4bff02cef361","studentId":"22PnmE9vLmtEDZ72Op9T2ZfRhEyotiLs","sessionId":"242a67fc-edb8-
check button (en): 1
shot review-to-verify-checked-none-en
TO VERIFY en:
← Sessions
November 2026 – January 2027 — exams demo
Open

Reserve 8 Oct 2026 11:46 – 16 Oct 2026 12:46
Course starts 8 Oct 2026
Due 15 Oct 2026 12:46

Refunds: 100% to week 2 · 50% in weeks 3–6 · 0% from week 7 · fixed: a family has agreed to it

Deadlines
Pearson Edexcel January 2027
17 Oct 2026
Cambridge International November 2026
22 Oct 2026
retakes
 
26 Oct 2026
Subjects
Fees
To verify

Retakes and carried sittings declared by a family or at the desk. Verified, the line stands. Not confirmed: a line not yet paid ends and the family may reserve a first entry; a paid line stands as a first entry before the board's first-entry deadline, and is dropped with its refund after it.

Check against the results on record
To verify
Answered
No sitting awaiting an answer has a result on record yet.
STUDENT	LINE	DECLARED SITTING	DECLARED BY	PAID	ANSWER BY	

Salma Hany
STU-20260927-C022B
	Mathematics (IAL) — P1
Retake · in school · EGP 4,000
	Pearson Edexcel June 2026	The desk
Officer Mona · 8 Oct 2026
	not yet	17 Oct 2026
9 days left
	Verify Not confirmed

check button (ar): 1
shot review-to-verify-checked-none-ar
TO VERIFY ar:
← الجلسات
نوفمبر 2026 – يناير 2027 — exams demo
مفتوح

الحجز 8 أكتوبر 2026 11:46 – 16 أكتوبر 2026 12:46
بداية الدراسة 8 أكتوبر 2026
مستحق 15 أكتوبر 2026 12:46

الاسترداد: 100% حتى الأسبوع 2 · 50% في الأسابيع 3–6 · 0% من الأسبوع 7 · ثابتة: وافقت عليها أسرة

المواعيد النهائية
Pearson Edexcel يناير 2027
17 أكتوبر 2026
Cambridge International نوفمبر 2026
22 أكتوبر 2026
الإعادات
 
26 أكتوبر 2026
المواد
الرسوم
للتحقق

إعادات ودورات منقولة صرّحت بها أسرة أو المكتب. عند التحقق يبقى السطر. إن لم تُؤكَّد: ينتهي السطر غير المدفوع ويمكن للأسرة حجز قيد أول؛ ويبقى السطر المدفوع قيدًا أول قبل موعد القيد الأول للمجلس، ويُسحب مع استرداده بعده.

طابِق مع النتائج المسجلة
للتحقق
تمت الإجابة
لا توجد بعد نتيجة مسجلة لأي دورة بانتظار الإجابة.
طالب	السطر	الدورة المُصرَّح بها	صرّح بها	مدفوع	الإجابة قبل	

Salma Hany
STU-20260927-C022B
	Mathematics (IAL) — P1
إعادة · في المدرسة · 4,000 جنيه
	Pearson Edexcel June 2026	المكتب
Officer Mona · 8 أكتوبر 2026
	ليس بعد	17 أكتوبر 2026
9 أيام متبقية
	تحقق لم تُؤكَّد

ERRORS: none
