# Full API suite, local time (Africa/Cairo), worktree agent-ae3ddd804d82aff1d, the review of 426d565's tree
 ✓ test/00-harness.test.ts (4 tests) 3108ms
 ✓ test/01-desk.test.ts (8 tests) 3592ms
 ✓ test/02-money.test.ts (4 tests) 4492ms
 ✓ test/03-v3-flows.test.ts (5 tests | 1 skipped) 4524ms
 ✓ test/04-authz-matrix.test.ts (1 test) 10238ms
 ✓ test/05-object-access.test.ts (16 tests) 7834ms
 ✓ test/06-auth-surface.test.ts (19 tests) 4165ms
 ✓ test/07-audit-trail.test.ts (6 tests) 2263ms
 ✓ test/08-money-rules.test.ts (51 tests) 19643ms
 ✓ test/08b-state-and-time.test.ts (23 tests) 15486ms
 ✓ test/08c-audit-in-transaction.test.ts (18 tests) 12292ms
 ✓ test/08d-foundation-grade.test.ts (28 tests) 17125ms
 ✓ test/08e-foundation-eligibility-changes.test.ts (10 tests) 20467ms
 ✓ test/08f-foundation-structure.test.ts (20 tests) 9122ms
 ✓ test/08g-foundation-races.test.ts (14 tests) 14079ms
 ✓ test/08h-catalogue.test.ts (10 tests) 4495ms
 ✓ test/08i-board-series.test.ts (10 tests) 6113ms
 ✓ test/08j-course-enrolment.test.ts (15 tests) 6053ms
 ✓ test/08k-catalogue-races.test.ts (5 tests) 6128ms
 ✓ test/08l-board-change.test.ts (7 tests) 11069ms
 ✓ test/08m-checkout-per-series.test.ts (10 tests) 13069ms
 ✓ test/08n-session-offers.test.ts (38 tests) 58525ms
 ✓ test/08o-reservation-lines.test.ts (23 tests) 51026ms
 ✓ test/08p-pricing-policies.test.ts (10 tests) 18188ms
 ✓ test/08q-charges.test.ts (46 tests) 48572ms
 ✓ test/08r-exceptions-registry.test.ts (15 tests) 12339ms
 ✓ test/08t-rework-races.test.ts (37 tests) 43884ms
 ✓ test/08x1-exam-entries.test.ts (17 tests) 5927ms
 ✓ test/08x2-exam-days-results.test.ts (14 tests) 6829ms
 ✓ test/08x3-exam-races.test.ts (8 tests) 5824ms
 ✓ test/08x4-exam-entries-rework.test.ts (51 tests) 47668ms
 ✓ test/09-money-invariants.test.ts (54 tests) 1230ms
 Test Files  32 passed (32)
      Tests  596 passed | 1 todo (597)
   Start at  17:27:20
   Duration  514.99s (transform 2.61s, setup 111ms, collect 8.39s, tests 495.37s, environment 5ms, prepare 2.43s)
exit 0
