# Full API suite, local time (Africa/Cairo), worktree agent-ae3ddd804d82aff1d, lockWaiters' wait raised to 20 s
 ✓ test/00-harness.test.ts (4 tests) 2001ms
 ✓ test/01-desk.test.ts (8 tests) 1818ms
 ✓ test/02-money.test.ts (4 tests) 1761ms
 ✓ test/03-v3-flows.test.ts (5 tests | 1 skipped) 2107ms
 ✓ test/04-authz-matrix.test.ts (1 test) 6590ms
 ✓ test/05-object-access.test.ts (17 tests) 6660ms
 ✓ test/06-auth-surface.test.ts (19 tests) 3785ms
 ✓ test/07-audit-trail.test.ts (6 tests) 1813ms
 ✓ test/08-money-rules.test.ts (51 tests) 12205ms
 ✓ test/08b-state-and-time.test.ts (23 tests) 12461ms
 ✓ test/08c-audit-in-transaction.test.ts (18 tests) 6860ms
 ✓ test/08d-foundation-grade.test.ts (28 tests) 7987ms
 ✓ test/08e-foundation-eligibility-changes.test.ts (10 tests) 6055ms
 ✓ test/08f-foundation-structure.test.ts (20 tests) 5634ms
 ✓ test/08g-foundation-races.test.ts (14 tests) 9115ms
 ✓ test/08h-catalogue.test.ts (10 tests) 2775ms
 ✓ test/08i-board-series.test.ts (10 tests) 4588ms
 ✓ test/08j-course-enrolment.test.ts (15 tests) 4230ms
 ✓ test/08k-catalogue-races.test.ts (5 tests) 4678ms
 ✓ test/08l-board-change.test.ts (7 tests) 3569ms
 ✓ test/08m-checkout-per-series.test.ts (10 tests) 9241ms
 ✓ test/08n-session-offers.test.ts (38 tests) 38335ms
 ✓ test/08o-reservation-lines.test.ts (23 tests) 18889ms
 ✓ test/08p-pricing-policies.test.ts (10 tests) 8361ms
 ✓ test/08q-charges.test.ts (46 tests) 30521ms
 ✓ test/08r-exceptions-registry.test.ts (15 tests) 9742ms
 ✓ test/08s-messages-reminders.test.ts (36 tests) 56282ms
 ✓ test/08t-rework-races.test.ts (41 tests) 40038ms
 ✓ test/08x1-exam-entries.test.ts (17 tests) 4197ms
 ✓ test/08x2-exam-days-results.test.ts (14 tests) 4546ms
 ✓ test/08x3-exam-races.test.ts (8 tests) 4282ms
 ✓ test/08x4-exam-entries-rework.test.ts (56 tests) 29239ms
 ✓ test/09-money-invariants.test.ts (59 tests) 1439ms
 Test Files  33 passed (33)
      Tests  647 passed | 1 todo (648)
   Start at  02:08:28
   Duration  373.57s (transform 1.43s, setup 56ms, collect 5.18s, tests 361.80s, environment 3ms, prepare 1.20s)
exit 0
