# Full API suite, local time (Africa/Cairo), worktree agent-ae3ddd804d82aff1d, the review of 093dbd1's tree
 ✓ test/00-harness.test.ts (4 tests) 1757ms
 ✓ test/01-desk.test.ts (8 tests) 1792ms
 ✓ test/02-money.test.ts (4 tests) 1768ms
 ✓ test/03-v3-flows.test.ts (5 tests | 1 skipped) 2183ms
 ✓ test/04-authz-matrix.test.ts (1 test) 6972ms
 ✓ test/05-object-access.test.ts (16 tests) 6455ms
 ✓ test/06-auth-surface.test.ts (19 tests) 3602ms
 ✓ test/07-audit-trail.test.ts (6 tests) 1838ms
 ✓ test/08-money-rules.test.ts (51 tests) 12232ms
 ✓ test/08b-state-and-time.test.ts (23 tests) 12656ms
 ✓ test/08c-audit-in-transaction.test.ts (18 tests) 7228ms
 ✓ test/08d-foundation-grade.test.ts (28 tests) 8083ms
 ✓ test/08e-foundation-eligibility-changes.test.ts (10 tests) 6452ms
 ✓ test/08f-foundation-structure.test.ts (20 tests) 5351ms
 ✓ test/08g-foundation-races.test.ts (14 tests) 9176ms
 ✓ test/08h-catalogue.test.ts (10 tests) 2910ms
 ✓ test/08i-board-series.test.ts (10 tests) 4623ms
 ✓ test/08j-course-enrolment.test.ts (15 tests) 4164ms
 ✓ test/08k-catalogue-races.test.ts (5 tests) 4563ms
 ✓ test/08l-board-change.test.ts (7 tests) 3618ms
 ✓ test/08m-checkout-per-series.test.ts (10 tests) 6185ms
 ✓ test/08n-session-offers.test.ts (38 tests) 23711ms
 ✓ test/08o-reservation-lines.test.ts (23 tests) 16646ms
 ✓ test/08p-pricing-policies.test.ts (10 tests) 8423ms
 ✓ test/08q-charges.test.ts (46 tests) 27254ms
 ✓ test/08r-exceptions-registry.test.ts (15 tests) 9410ms
 ✓ test/08t-rework-races.test.ts (36 tests) 31230ms
 ✓ test/08x1-exam-entries.test.ts (17 tests) 3994ms
 ✓ test/08x2-exam-days-results.test.ts (14 tests) 3852ms
 ✓ test/08x3-exam-races.test.ts (8 tests) 4218ms
 ✓ test/08x4-exam-entries-rework.test.ts (41 tests) 22118ms
 ✓ test/09-money-invariants.test.ts (54 tests) 635ms
 Test Files  32 passed (32)
      Tests  585 passed | 1 todo (586)
   Start at  15:57:32
   Duration  275.09s (transform 1.16s, setup 55ms, collect 4.11s, tests 265.10s, environment 3ms, prepare 1.10s)
exit 0
