# Full API suite, local time (Africa/Cairo), worktree agent-ae3ddd804d82aff1d, the final merge's tree
 ✓ test/00-harness.test.ts (4 tests) 1686ms
 ✓ test/01-desk.test.ts (8 tests) 1558ms
 ✓ test/02-money.test.ts (4 tests) 1618ms
 ✓ test/03-v3-flows.test.ts (5 tests | 1 skipped) 1881ms
 ✓ test/04-authz-matrix.test.ts (1 test) 5759ms
 ✓ test/05-object-access.test.ts (17 tests) 6197ms
 ✓ test/06-auth-surface.test.ts (19 tests) 3478ms
 ✓ test/07-audit-trail.test.ts (6 tests) 1698ms
 ✓ test/08-money-rules.test.ts (51 tests) 11517ms
 ✓ test/08b-state-and-time.test.ts (23 tests) 11991ms
 ✓ test/08c-audit-in-transaction.test.ts (18 tests) 6039ms
 ✓ test/08d-foundation-grade.test.ts (28 tests) 7360ms
 ✓ test/08e-foundation-eligibility-changes.test.ts (10 tests) 5498ms
 ✓ test/08f-foundation-structure.test.ts (20 tests) 5056ms
 ✓ test/08g-foundation-races.test.ts (14 tests) 8400ms
 ✓ test/08h-catalogue.test.ts (10 tests) 2337ms
 ✓ test/08i-board-series.test.ts (10 tests) 4177ms
 ✓ test/08j-course-enrolment.test.ts (15 tests) 3842ms
 ✓ test/08k-catalogue-races.test.ts (5 tests) 4260ms
 ✓ test/08l-board-change.test.ts (7 tests) 3145ms
 ✓ test/08m-checkout-per-series.test.ts (10 tests) 5717ms
 ✓ test/08n-session-offers.test.ts (38 tests) 22006ms
 ✓ test/08o-reservation-lines.test.ts (23 tests) 15372ms
 ✓ test/08p-pricing-policies.test.ts (10 tests) 7804ms
 ✓ test/08q-charges.test.ts (46 tests) 24571ms
 ✓ test/08r-exceptions-registry.test.ts (15 tests) 8239ms
 ✓ test/08s-messages-reminders.test.ts (36 tests) 44889ms
 ✓ test/08t-rework-races.test.ts (41 tests) 39102ms
 ✓ test/08x1-exam-entries.test.ts (17 tests) 3564ms
 ✓ test/08x2-exam-days-results.test.ts (14 tests) 3637ms
 ✓ test/08x3-exam-races.test.ts (8 tests) 4031ms
 ✓ test/08x4-exam-entries-rework.test.ts (56 tests) 27403ms
 ✓ test/09-money-invariants.test.ts (59 tests) 1094ms
 Test Files  33 passed (33)
      Tests  647 passed | 1 todo (648)
   Start at  22:44:15
   Duration  314.70s (transform 1.16s, setup 49ms, collect 3.99s, tests 304.93s, environment 3ms, prepare 1.02s)
exit 0
