# Full API suite, TZ=UTC, worktree agent-ae3ddd804d82aff1d, the review of 093dbd1's tree
 ✓ test/00-harness.test.ts (4 tests) 1834ms
 ✓ test/01-desk.test.ts (8 tests) 1889ms
 ✓ test/02-money.test.ts (4 tests) 1949ms
 ✓ test/03-v3-flows.test.ts (5 tests | 1 skipped) 2185ms
 ✓ test/04-authz-matrix.test.ts (1 test) 6656ms
 ✓ test/05-object-access.test.ts (16 tests) 6229ms
 ✓ test/06-auth-surface.test.ts (19 tests) 3703ms
 ✓ test/07-audit-trail.test.ts (6 tests) 1807ms
 ✓ test/08-money-rules.test.ts (51 tests) 12515ms
 ✓ test/08b-state-and-time.test.ts (23 tests) 12789ms
 ✓ test/08c-audit-in-transaction.test.ts (18 tests) 6947ms
 ✓ test/08d-foundation-grade.test.ts (28 tests) 8331ms
 ✓ test/08e-foundation-eligibility-changes.test.ts (10 tests) 6495ms
 ✓ test/08f-foundation-structure.test.ts (20 tests) 5652ms
 ✓ test/08g-foundation-races.test.ts (14 tests) 9366ms
 ✓ test/08h-catalogue.test.ts (10 tests) 2982ms
 ✓ test/08i-board-series.test.ts (10 tests) 4756ms
 ✓ test/08j-course-enrolment.test.ts (15 tests) 4501ms
 ✓ test/08k-catalogue-races.test.ts (5 tests) 4735ms
 ✓ test/08l-board-change.test.ts (7 tests) 3982ms
 ✓ test/08m-checkout-per-series.test.ts (10 tests) 6284ms
 ✓ test/08n-session-offers.test.ts (38 tests) 24194ms
 ✓ test/08o-reservation-lines.test.ts (23 tests) 18513ms
 ✓ test/08p-pricing-policies.test.ts (10 tests) 8994ms
 ✓ test/08q-charges.test.ts (46 tests) 31167ms
 ✓ test/08r-exceptions-registry.test.ts (15 tests) 10287ms
 ✓ test/08t-rework-races.test.ts (36 tests) 33736ms
 ✓ test/08x1-exam-entries.test.ts (17 tests) 4002ms
 ✓ test/08x2-exam-days-results.test.ts (14 tests) 3864ms
 ✓ test/08x3-exam-races.test.ts (8 tests) 4056ms
 ✓ test/08x4-exam-entries-rework.test.ts (41 tests) 20663ms
 ✓ test/09-money-invariants.test.ts (54 tests) 742ms
 Test Files  32 passed (32)
      Tests  585 passed | 1 todo (586)
   Start at  13:02:42
   Duration  286.64s (transform 1.28s, setup 56ms, collect 4.42s, tests 275.80s, environment 3ms, prepare 1.24s)
exit 0
