# Full API suite, local time, the final merge's tree, first run: one race timed out under load (lockWaiters' 5 s window)
 ✓ test/00-harness.test.ts (4 tests) 3081ms
 ✓ test/01-desk.test.ts (8 tests) 2570ms
 ✓ test/02-money.test.ts (4 tests) 2621ms
 ✓ test/03-v3-flows.test.ts (5 tests | 1 skipped) 3400ms
 ✓ test/04-authz-matrix.test.ts (1 test) 10939ms
 ✓ test/05-object-access.test.ts (17 tests) 9323ms
 ✓ test/06-auth-surface.test.ts (19 tests) 4623ms
 ✓ test/07-audit-trail.test.ts (6 tests) 2870ms
 ✓ test/08-money-rules.test.ts (51 tests) 19275ms
 ✓ test/08b-state-and-time.test.ts (23 tests) 15605ms
 ✓ test/08c-audit-in-transaction.test.ts (18 tests) 6422ms
 ✓ test/08d-foundation-grade.test.ts (28 tests) 7412ms
 ✓ test/08e-foundation-eligibility-changes.test.ts (10 tests) 5902ms
 ✓ test/08f-foundation-structure.test.ts (20 tests) 5449ms
 ✓ test/08g-foundation-races.test.ts (14 tests) 8401ms
 ✓ test/08h-catalogue.test.ts (10 tests) 2409ms
 ✓ test/08i-board-series.test.ts (10 tests) 4238ms
 ✓ test/08j-course-enrolment.test.ts (15 tests) 4073ms
 ✓ test/08k-catalogue-races.test.ts (5 tests) 4629ms
 ✓ test/08l-board-change.test.ts (7 tests) 3304ms
 ✓ test/08m-checkout-per-series.test.ts (10 tests) 6044ms
 ✓ test/08n-session-offers.test.ts (38 tests) 22321ms
 ✓ test/08o-reservation-lines.test.ts (23 tests) 16142ms
 ✓ test/08p-pricing-policies.test.ts (10 tests) 8185ms
 ✓ test/08q-charges.test.ts (46 tests) 25594ms
 ✓ test/08r-exceptions-registry.test.ts (15 tests) 8222ms
 ✓ test/08s-messages-reminders.test.ts (36 tests) 45839ms
 ✓ test/08t-rework-races.test.ts (41 tests) 37243ms
 ✓ test/08x1-exam-entries.test.ts (17 tests) 3641ms
 ✓ test/08x2-exam-days-results.test.ts (14 tests) 3597ms
 ✓ test/08x3-exam-races.test.ts (8 tests) 3855ms
 ✓ test/09-money-invariants.test.ts (59 tests) 1997ms
⎯⎯⎯⎯⎯⎯⎯ Failed Tests 1 ⎯⎯⎯⎯⎯⎯⎯
 FAIL  test/08x4-exam-entries-rework.test.ts > F4 on the reservations rework > a line not paid is never entered (the review of 426d565, item 4) > a derivation racing the family's drop of the line: it waits for the line and enters nothing on the dropped line
 Test Files  1 failed | 32 passed (33)
      Tests  1 failed | 646 passed | 1 todo (648)
   Start at  22:18:09
   Duration  353.96s (transform 1.68s, setup 59ms, collect 5.25s, tests 341.11s, environment 4ms, prepare 1.29s)
exit 1
⎯⎯⎯⎯⎯⎯⎯ Failed Tests 1 ⎯⎯⎯⎯⎯⎯⎯

 FAIL  test/08x4-exam-entries-rework.test.ts > F4 on the reservations rework > a line not paid is never entered (the review of 426d565, item 4) > a derivation racing the family's drop of the line: it waits for the line and enters nothing on the dropped line
Error: waitFor: timed out
