# Full API suite, local time, the final merge's tree, second run: one of D's races timed out under load
 ✓ test/00-harness.test.ts (4 tests) 1780ms
 ✓ test/01-desk.test.ts (8 tests) 1701ms
 ✓ test/02-money.test.ts (4 tests) 1937ms
 ✓ test/03-v3-flows.test.ts (5 tests | 1 skipped) 2039ms
 ✓ test/04-authz-matrix.test.ts (1 test) 6314ms
 ✓ test/05-object-access.test.ts (17 tests) 6301ms
 ✓ test/06-auth-surface.test.ts (19 tests) 3503ms
 ✓ test/07-audit-trail.test.ts (6 tests) 1795ms
 ✓ test/08-money-rules.test.ts (51 tests) 12195ms
 ✓ test/08b-state-and-time.test.ts (23 tests) 11224ms
 ✓ test/08c-audit-in-transaction.test.ts (18 tests) 6170ms
 ✓ test/08d-foundation-grade.test.ts (28 tests) 7731ms
 ✓ test/08e-foundation-eligibility-changes.test.ts (10 tests) 5963ms
 ✓ test/08f-foundation-structure.test.ts (20 tests) 5216ms
 ✓ test/08g-foundation-races.test.ts (14 tests) 8498ms
 ✓ test/08h-catalogue.test.ts (10 tests) 2426ms
 ✓ test/08i-board-series.test.ts (10 tests) 4254ms
 ✓ test/08j-course-enrolment.test.ts (15 tests) 3880ms
 ✓ test/08k-catalogue-races.test.ts (5 tests) 4325ms
 ✓ test/08l-board-change.test.ts (7 tests) 3353ms
 ✓ test/08m-checkout-per-series.test.ts (10 tests) 6029ms
 ✓ test/08n-session-offers.test.ts (38 tests) 22464ms
 ✓ test/08o-reservation-lines.test.ts (23 tests) 16105ms
 ✓ test/08p-pricing-policies.test.ts (10 tests) 8098ms
 ✓ test/08q-charges.test.ts (46 tests) 28146ms
 ✓ test/08r-exceptions-registry.test.ts (15 tests) 8582ms
 ✓ test/08s-messages-reminders.test.ts (36 tests) 48688ms
 ✓ test/08x1-exam-entries.test.ts (17 tests) 3739ms
 ✓ test/08x2-exam-days-results.test.ts (14 tests) 3757ms
 ✓ test/08x3-exam-races.test.ts (8 tests) 4050ms
 ✓ test/08x4-exam-entries-rework.test.ts (56 tests) 28524ms
 ✓ test/09-money-invariants.test.ts (59 tests) 953ms
⎯⎯⎯⎯⎯⎯⎯ Failed Tests 1 ⎯⎯⎯⎯⎯⎯⎯
 FAIL  test/08t-rework-races.test.ts > 08t: the rework races — reminders (step D) > a reminder claimed while the payment is taken: the payment waits for the line, the reminder goes out once, before the payment confirms
 Test Files  1 failed | 32 passed (33)
      Tests  1 failed | 646 passed | 1 todo (648)
   Start at  22:31:14
   Duration  331.68s (transform 1.27s, setup 52ms, collect 4.42s, tests 320.88s, environment 3ms, prepare 1.12s)
exit 1
⎯⎯⎯⎯⎯⎯⎯ Failed Tests 1 ⎯⎯⎯⎯⎯⎯⎯

 FAIL  test/08t-rework-races.test.ts > 08t: the rework races — reminders (step D) > a reminder claimed while the payment is taken: the payment waits for the line, the reminder goes out once, before the payment confirms
Error: waitFor: timed out
