# Full API suite, TZ=UTC, worktree agent-ae3ddd804d82aff1d, the review of 54c225f's tree
 ✓ test/00-harness.test.ts (4 tests) 2002ms
 ✓ test/01-desk.test.ts (8 tests) 2067ms
 ✓ test/02-money.test.ts (4 tests) 1828ms
 ✓ test/03-v3-flows.test.ts (5 tests | 1 skipped) 2365ms
 ✓ test/04-authz-matrix.test.ts (1 test) 6476ms
 ✓ test/05-object-access.test.ts (16 tests) 6176ms
 ✓ test/06-auth-surface.test.ts (19 tests) 3640ms
 ✓ test/07-audit-trail.test.ts (6 tests) 1708ms
 ✓ test/08-money-rules.test.ts (51 tests) 11626ms
 ✓ test/08b-state-and-time.test.ts (23 tests) 12047ms
 ✓ test/08c-audit-in-transaction.test.ts (18 tests) 6533ms
 ✓ test/08d-foundation-grade.test.ts (28 tests) 7354ms
 ✓ test/08e-foundation-eligibility-changes.test.ts (10 tests) 5495ms
 ✓ test/08f-foundation-structure.test.ts (20 tests) 5176ms
 ✓ test/08g-foundation-races.test.ts (14 tests) 8507ms
 ✓ test/08h-catalogue.test.ts (10 tests) 2398ms
 ✓ test/08i-board-series.test.ts (10 tests) 3964ms
 ✓ test/08j-course-enrolment.test.ts (15 tests) 3917ms
 ✓ test/08k-catalogue-races.test.ts (5 tests) 4287ms
 ✓ test/08l-board-change.test.ts (7 tests) 3188ms
 ✓ test/08m-checkout-per-series.test.ts (10 tests) 5808ms
 ✓ test/08n-session-offers.test.ts (38 tests) 21934ms
 ✓ test/08o-reservation-lines.test.ts (23 tests) 15455ms
 ✓ test/08p-pricing-policies.test.ts (10 tests) 7722ms
 ✓ test/08q-charges.test.ts (46 tests) 25276ms
 ✓ test/08r-exceptions-registry.test.ts (15 tests) 11663ms
 ✓ test/08t-rework-races.test.ts (37 tests) 36703ms
 ✓ test/08x1-exam-entries.test.ts (17 tests) 4376ms
 ✓ test/08x2-exam-days-results.test.ts (14 tests) 3855ms
 ✓ test/08x3-exam-races.test.ts (8 tests) 4544ms
 ✓ test/08x4-exam-entries-rework.test.ts (56 tests) 28416ms
 ✓ test/09-money-invariants.test.ts (54 tests) 579ms
 Test Files  32 passed (32)
      Tests  601 passed | 1 todo (602)
   Start at  18:31:59
   Duration  276.44s (transform 1.22s, setup 47ms, collect 3.72s, tests 267.08s, environment 3ms, prepare 1.06s)
exit 0
