# Full API suite, TZ=UTC, the final merge's tree, first run: one of D's races timed out under load
 ✓ test/00-harness.test.ts (4 tests) 1617ms
 ✓ test/01-desk.test.ts (8 tests) 1570ms
 ✓ test/02-money.test.ts (4 tests) 1683ms
 ✓ test/03-v3-flows.test.ts (5 tests | 1 skipped) 1887ms
 ✓ test/04-authz-matrix.test.ts (1 test) 5450ms
 ✓ test/05-object-access.test.ts (17 tests) 5882ms
 ✓ test/06-auth-surface.test.ts (19 tests) 3548ms
 ✓ test/07-audit-trail.test.ts (6 tests) 1707ms
 ✓ test/08-money-rules.test.ts (51 tests) 12063ms
 ✓ test/08b-state-and-time.test.ts (23 tests) 10960ms
 ✓ test/08c-audit-in-transaction.test.ts (18 tests) 5798ms
 ✓ test/08d-foundation-grade.test.ts (28 tests) 7350ms
 ✓ test/08e-foundation-eligibility-changes.test.ts (10 tests) 5837ms
 ✓ test/08f-foundation-structure.test.ts (20 tests) 5327ms
 ✓ test/08g-foundation-races.test.ts (14 tests) 8372ms
 ✓ test/08h-catalogue.test.ts (10 tests) 2505ms
 ✓ test/08i-board-series.test.ts (10 tests) 4351ms
 ✓ test/08j-course-enrolment.test.ts (15 tests) 3936ms
 ✓ test/08k-catalogue-races.test.ts (5 tests) 4313ms
 ✓ test/08l-board-change.test.ts (7 tests) 2970ms
 ✓ test/08m-checkout-per-series.test.ts (10 tests) 5671ms
 ✓ test/08n-session-offers.test.ts (38 tests) 23155ms
 ✓ test/08o-reservation-lines.test.ts (23 tests) 16163ms
 ✓ test/08p-pricing-policies.test.ts (10 tests) 8016ms
 ✓ test/08q-charges.test.ts (46 tests) 24251ms
 ✓ test/08r-exceptions-registry.test.ts (15 tests) 8055ms
 ✓ test/08s-messages-reminders.test.ts (36 tests) 48737ms
 ✓ test/08x1-exam-entries.test.ts (17 tests) 3804ms
 ✓ test/08x2-exam-days-results.test.ts (14 tests) 3885ms
 ✓ test/08x3-exam-races.test.ts (8 tests) 3958ms
 ✓ test/08x4-exam-entries-rework.test.ts (56 tests) 28337ms
 ✓ test/09-money-invariants.test.ts (59 tests) 918ms
⎯⎯⎯⎯⎯⎯⎯ Failed Tests 1 ⎯⎯⎯⎯⎯⎯⎯
 FAIL  test/08t-rework-races.test.ts > 08t: the rework races — reminders (step D) > a reminder claimed while the payment is taken: the payment waits for the line, the reminder goes out once, before the payment confirms
 Test Files  1 failed | 32 passed (33)
      Tests  1 failed | 646 passed | 1 todo (648)
   Start at  19:24:04
   Duration  325.64s (transform 1.12s, setup 48ms, collect 4.08s, tests 315.46s, environment 3ms, prepare 1.06s)
exit 1
⎯⎯⎯⎯⎯⎯⎯ Failed Tests 1 ⎯⎯⎯⎯⎯⎯⎯

 FAIL  test/08t-rework-races.test.ts > 08t: the rework races — reminders (step D) > a reminder claimed while the payment is taken: the payment waits for the line, the reminder goes out once, before the payment confirms
Error: waitFor: timed out
