# Full API suite, TZ=UTC, worktree agent-ae3ddd804d82aff1d, the review of 426d565's tree
 ✓ test/00-harness.test.ts (4 tests) 2697ms
 ✓ test/01-desk.test.ts (8 tests) 1776ms
 ✓ test/02-money.test.ts (4 tests) 1874ms
 ✓ test/03-v3-flows.test.ts (5 tests | 1 skipped) 2360ms
 ✓ test/04-authz-matrix.test.ts (1 test) 7956ms
 ✓ test/05-object-access.test.ts (16 tests) 7926ms
 ✓ test/06-auth-surface.test.ts (19 tests) 4040ms
 ✓ test/07-audit-trail.test.ts (6 tests) 1983ms
 ✓ test/08-money-rules.test.ts (51 tests) 18046ms
 ✓ test/08b-state-and-time.test.ts (23 tests) 17227ms
 ✓ test/08c-audit-in-transaction.test.ts (18 tests) 7473ms
 ✓ test/08d-foundation-grade.test.ts (28 tests) 8026ms
 ✓ test/08e-foundation-eligibility-changes.test.ts (10 tests) 6489ms
 ✓ test/08f-foundation-structure.test.ts (20 tests) 6993ms
 ✓ test/08g-foundation-races.test.ts (14 tests) 9459ms
 ✓ test/08h-catalogue.test.ts (10 tests) 4258ms
 ✓ test/08i-board-series.test.ts (10 tests) 5148ms
 ✓ test/08j-course-enrolment.test.ts (15 tests) 4616ms
 ✓ test/08k-catalogue-races.test.ts (5 tests) 5639ms
 ✓ test/08l-board-change.test.ts (7 tests) 7810ms
 ✓ test/08m-checkout-per-series.test.ts (10 tests) 9215ms
 ✓ test/08n-session-offers.test.ts (38 tests) 40548ms
 ✓ test/08o-reservation-lines.test.ts (23 tests) 22105ms
 ✓ test/08p-pricing-policies.test.ts (10 tests) 10458ms
 ✓ test/08q-charges.test.ts (46 tests) 41097ms
 ✓ test/08r-exceptions-registry.test.ts (15 tests) 12602ms
 ✓ test/08t-rework-races.test.ts (37 tests) 38526ms
 ✓ test/08x1-exam-entries.test.ts (17 tests) 5448ms
 ✓ test/08x2-exam-days-results.test.ts (14 tests) 5429ms
 ✓ test/08x3-exam-races.test.ts (8 tests) 5666ms
 ✓ test/08x4-exam-entries-rework.test.ts (51 tests) 33286ms
 ✓ test/09-money-invariants.test.ts (54 tests) 803ms
 Test Files  32 passed (32)
      Tests  596 passed | 1 todo (597)
   Start at  14:36:03
   Duration  371.14s (transform 2.04s, setup 90ms, collect 5.58s, tests 356.98s, environment 4ms, prepare 1.50s)
exit 0
