# C58: item 7: findOffer's name fallback matches the row's level
# undone in apps/api/src/services/offer.services.ts
# summary
 ❯ test/08n-import.test.ts (67 tests | 1 failed) 13105ms
   × F7: the day-one import > a unit line finds the IAL subject's item; a line naming several is split, one line per item; staff choose an item the words cannot tell; the rules on lines are asked in the review > a row of the A.S. level never lands on an IGCSE subject of the same name: unmapped, it is not offered until the session offers the A.S. one 61ms
 Test Files  1 failed (1)
      Tests  1 failed | 66 passed (67)
   Duration  14.68s (transform 607ms, setup 2ms, collect 250ms, tests 13.10s, environment 0ms, prepare 30ms)
 ❯ test/08n-import.test.ts:1100:84

# failures (messages)
⎯⎯⎯⎯⎯⎯⎯ Failed Tests 1 ⎯⎯⎯⎯⎯⎯⎯

 FAIL  test/08n-import.test.ts > F7: the day-one import > a unit line finds the IAL subject's item; a line naming several is split, one line per item; staff choose an item the words cannot tell; the rules on lines are asked in the review > a row of the A.S. level never lands on an IGCSE subject of the same name: unmapped, it is not offered until the session offers the A.S. one
AssertionError: expected undefined to deeply equal { code: 'not_offered', …(2) }

- Expected: 
{
  "code": "not_offered",
  "detail": "November 2026 – January 2027 — t4-6hh7 offers no subject for \"Level Physics (imp)\"",
  "severity": "error",
}

+ Received: 
undefined

 ❯ test/08n-import.test.ts:1100:84


⎯⎯⎯⎯⎯⎯⎯⎯⎯⎯⎯⎯⎯⎯⎯⎯⎯⎯⎯⎯⎯⎯⎯⎯[1/1]⎯

