# C29: flag 3: the money-record fingerprint without the line's position
# undone in apps/api/src/services/import/view.ts
# summary
 ❯ test/08n-import.test.ts (68 tests | 2 failed) 13858ms
   × F7: the day-one import > the money record (F-01): history only, never a payment > recorded on the students as history; no payment, receipt or balance moves; the same file again adds nothing 88ms
   × F7: the day-one import > the money record (F-01): history only, never a payment > the money record re-exported with a line inserted at the top adds only that line, and keeps what staff left out 28ms
 Test Files  1 failed (1)
      Tests  2 failed | 66 passed (68)
   Duration  15.93s (transform 727ms, setup 2ms, collect 310ms, tests 13.86s, environment 0ms, prepare 38ms)
 ❯ test/08n-import.test.ts:1450:113
 ❯ test/08n-import.test.ts:1463:101

# failures (messages)
⎯⎯⎯⎯⎯⎯⎯ Failed Tests 2 ⎯⎯⎯⎯⎯⎯⎯

 FAIL  test/08n-import.test.ts > F7: the day-one import > the money record (F-01): history only, never a payment > recorded on the students as history; no payment, receipt or balance moves; the same file again adds nothing
AssertionError: expected false to be true // Object.is equality

- Expected
+ Received

- true
+ false

 ❯ test/08n-import.test.ts:1450:113
    1448|       const again = await stage(coordinator, moneyRecord(), 'money-rec…
    1449|       v = await fetchView(coordinator, again);
    1450|       expect(v.rows.filter((r) => r.decision === 'import').every((r) =…
       |                                                                                                                 ^
    1451|       await apiResponse(coordinator.api.v1.imports[':id'].commit.$post…
    1452|       expect(await snapshot()).toEqual({ ...before, money: before.mone…

⎯⎯⎯⎯⎯⎯⎯⎯⎯⎯⎯⎯⎯⎯⎯⎯⎯⎯⎯⎯⎯⎯⎯⎯[1/2]⎯

 FAIL  test/08n-import.test.ts > F7: the day-one import > the money record (F-01): history only, never a payment > the money record re-exported with a line inserted at the top adds only that line, and keeps what staff left out
AssertionError: expected [ [ 2, 'create' ], …(2) ] to deeply equal [ [ 2, 'create' ], …(2) ]

- Expected
+ Received

@@ -3,12 +3,12 @@
      2,
      "create",
    ],
    [
      3,
-     "exists",
+     "create",
    ],
    [
      4,
-     "exists",
+     "create",
    ],
  ]

 ❯ test/08n-import.test.ts:1463:101
    1461|       // Every later line moved down one: what staff decided goes with…
    1462|       expect(v.rows.find((r) => r.rowNumber === 5)).toMatchObject({ de…
    1463|       expect(v.rows.filter((r) => r.decision === 'import').map((r) => …
       |                                                                                                     ^
    1464|       const out = await apiResponse(coordinator.api.v1.imports[':id'].…
    1465|       expect(out.result.created).toMatchObject({ money: 1 });

⎯⎯⎯⎯⎯⎯⎯⎯⎯⎯⎯⎯⎯⎯⎯⎯⎯⎯⎯⎯⎯⎯⎯⎯[2/2]⎯

