# C35: s9: a line with no confirmation on the sheet is an error (consent_missing)
# undone in apps/api/src/services/import/view.ts
# summary
 ❯ test/08n-import.test.ts (68 tests | 1 failed) 13624ms
   × F7: the day-one import > a unit line finds the IAL subject's item; a line naming several is split, one line per item; staff choose an item the words cannot tell; the rules on lines are asked in the review > a line whose family's confirmation is not on the sheet is an error: the import records the sheet's confirmation as the consent 58ms
 Test Files  1 failed (1)
      Tests  1 failed | 67 passed (68)
   Duration  15.46s (transform 727ms, setup 2ms, collect 288ms, tests 13.62s, environment 0ms, prepare 32ms)
 ❯ test/08n-import.test.ts:1349:68

# failures (messages)
⎯⎯⎯⎯⎯⎯⎯ Failed Tests 1 ⎯⎯⎯⎯⎯⎯⎯

 FAIL  test/08n-import.test.ts > F7: the day-one import > a unit line finds the IAL subject's item; a line naming several is split, one line per item; staff choose an item the words cannot tell; the rules on lines are asked in the review > a line whose family's confirmation is not on the sheet is an error: the import records the sheet's confirmation as the consent
AssertionError: expected undefined to deeply equal { code: 'consent_missing', …(2) }

- Expected: 
{
  "code": "consent_missing",
  "detail": null,
  "severity": "error",
}

+ Received: 
undefined

 ❯ test/08n-import.test.ts:1349:68
    1347|       const r = rowAt(await fetchView(adm, id), 'NoConfirm', 3);
    1348|       expect(r.plan.lines[0]).toMatchObject({ itemLabel: 'M1', offerIt…
    1349|       expect(r.problems.find((p) => p.code === 'consent_missing')).toE…
       |                                                                    ^
    1350|       await apiResponse(adm.api.v1.imports[':id'].discard.$post({ para…
    1351|     });

⎯⎯⎯⎯⎯⎯⎯⎯⎯⎯⎯⎯⎯⎯⎯⎯⎯⎯⎯⎯⎯⎯⎯⎯[1/1]⎯

