# C66: 2ca07a4 item 4: "The item for …" translated only as the import's own aria-label
# undone in apps/api/../web/lib/i18n-import.ts
# summary
 ❯ test/08n-import.test.ts (68 tests | 1 failed) 13679ms
   × F7: the day-one import > the Arabic: the import's sentences, and other screens' left to their own translators (the review of 8 Oct, item 4) > the import's own sentences read in Arabic, with A's line refusals it shows on a line 8ms
 Test Files  1 failed (1)
      Tests  1 failed | 67 passed (68)
   Duration  15.41s (transform 625ms, setup 2ms, collect 265ms, tests 13.68s, environment 0ms, prepare 31ms)
 ❯ test/08n-import.test.ts:1429:86

# failures (messages)
⎯⎯⎯⎯⎯⎯⎯ Failed Tests 1 ⎯⎯⎯⎯⎯⎯⎯

 FAIL  test/08n-import.test.ts > F7: the day-one import > the Arabic: the import's sentences, and other screens' left to their own translators (the review of 8 Oct, item 4) > the import's own sentences read in Arabic, with A's line refusals it shows on a line
AssertionError: expected null to be 'بند الجلسة لرمز الجدول paper 2' // Object.is equality

- Expected: 
"بند الجلسة لرمز الجدول paper 2"

+ Received: 
null

 ❯ test/08n-import.test.ts:1429:86
    1427|       expect(translateImportText('the sheet names Mr Teacher, who does…
    1428|       expect(translateImportText('Mathematics A.S./A.L.: choose the it…
    1429|       expect(translateImportText('The session’s item for the sheet’s c…
       |                                                                                      ^
    1430|       // Only the import's own sentence: another screen's "The item fo…
    1431|       expect(translateImportText('The item for paper 2')).toBeNull();

⎯⎯⎯⎯⎯⎯⎯⎯⎯⎯⎯⎯⎯⎯⎯⎯⎯⎯⎯⎯⎯⎯⎯⎯[1/1]⎯

