# C68: a326890 item 2: the fee note's column carries a fee marker in most of its matching cells (an entry-type column says retake, no fee)
# undone in apps/api/src/services/import/normalise.ts
# summary
 ❯ test/08n-import.test.ts (68 tests | 1 failed) 14177ms
   × F7: the day-one import > the note and the self-study answer (review flag 7), and the family's confirmation on a line > the fee note's column is never the parent's name nor an entry-type answer: a column already given a role is left out, and a fee column's cells carry a fee marker (the review of 2ca07a4's round, item 2) 33ms
 Test Files  1 failed (1)
      Tests  1 failed | 67 passed (68)
   Duration  16.51s (transform 715ms, setup 2ms, collect 356ms, tests 14.18s, environment 0ms, prepare 31ms)
 ❯ test/08n-import.test.ts:906:43

# failures (messages)
⎯⎯⎯⎯⎯⎯⎯ Failed Tests 1 ⎯⎯⎯⎯⎯⎯⎯

 FAIL  test/08n-import.test.ts > F7: the day-one import > the note and the self-study answer (review flag 7), and the family's confirmation on a line > the fee note's column is never the parent's name nor an entry-type answer: a column already given a role is left out, and a fee column's cells carry a fee marker (the review of 2ca07a4's round, item 2)
AssertionError: expected { kind: 'sheet', …(32) } to match object { …(4) }
(31 matching properties omitted from actual)

- Expected
+ Received

  {
-   "feeNote": "Self Study 50% School fees",
-   "noteRetake": false,
+   "feeNote": "Retake",
+   "noteRetake": true,
    "parentName": "Retake Paperwork One",
    "selfStudy": true,
  }

 ❯ test/08n-import.test.ts:906:43
    904|       ] }]), 'columns.xlsx', 'school_sheet');
    905|       const v = await fetchView(coordinator, id);
    906|       expect(rowAt(v, 'Columns', 3).data).toMatchObject({ parentName: …
       |                                           ^
    907|       expect(rowAt(v, 'Columns', 4).data).toMatchObject({ parentName: …
    908|       expect(rowAt(v, 'Columns', 5).data).toMatchObject({ feeNote: `Re…

⎯⎯⎯⎯⎯⎯⎯⎯⎯⎯⎯⎯⎯⎯⎯⎯⎯⎯⎯⎯⎯⎯⎯⎯[1/1]⎯

