# C49: item 2: findOffer takes the one offer entering any unit named when none enters them all (the code left for staff)
# undone in apps/api/src/services/offer.services.ts
# summary
 ❯ test/08n-import.test.ts (67 tests | 1 failed) 12917ms
   × F7: the day-one import > a unit line finds the IAL subject's item; a line naming several is split, one line per item; staff choose an item the words cannot tell; the rules on lines are asked in the review > a line naming two units where one cannot be told is held until staff choose the item for that code only; then it makes both lines 33ms
 Test Files  1 failed (1)
      Tests  1 failed | 66 passed (67)
   Duration  14.69s (transform 621ms, setup 2ms, collect 277ms, tests 12.92s, environment 0ms, prepare 31ms)
 ❯ test/08n-import.test.ts:1002:28

# failures (messages)
⎯⎯⎯⎯⎯⎯⎯ Failed Tests 1 ⎯⎯⎯⎯⎯⎯⎯

 FAIL  test/08n-import.test.ts > F7: the day-one import > a unit line finds the IAL subject's item; a line naming several is split, one line per item; staff choose an item the words cannot tell; the rules on lines are asked in the review > a line naming two units where one cannot be told is held until staff choose the item for that code only; then it makes both lines
AssertionError: expected null to deeply equal [ { code: 'p1', …(2) }, …(1) ]

- Expected: 
  {
    "code": "p1",
    "itemLabel": "P1",
    "offerItemId": "06dc2e8e-0bdb-448c-9a54-7548e5f55904",
  },
  {
    "code": "p5",
    "itemLabel": null,
    "offerItemId": null,
  },
]

+ Received: 
null

 ❯ test/08n-import.test.ts:1002:28
    1000|       expect((await putSettings(adm, id, { series: { [`november-${Y}-a…
    1001|       let r = rowAt(await fetchView(adm, id), 'Two units', 3);
    1002|       expect(r.plan.split).toEqual([{ code: 'p1', offerItemId: items.P…
       |                            ^
    1003|       expect(r.plan.lines).toEqual([]);
    1004|       expect(r.problems.find((p) => p.code === 'item_unclear')).toEqua…

⎯⎯⎯⎯⎯⎯⎯⎯⎯⎯⎯⎯⎯⎯⎯⎯⎯⎯⎯⎯⎯⎯⎯⎯[1/1]⎯

