# C55: item 5: the review's dry run reads the exception rows without a lock (a GET holds none)
# undone in apps/api/src/services/import/view.ts
# summary
 ❯ test/08n-import.test.ts (64 tests | 1 failed) 18076ms
   × F7: the day-one import > a unit line finds the IAL subject's item; a line naming several is split, one line per item; staff choose an item the words cannot tell; the rules on lines are asked in the review > the review asks the rules on lines without holding an exception row: a GET answers while the student's gate exception is held by another transaction 4392ms
 Test Files  1 failed (1)
      Tests  1 failed | 63 passed (64)
   Duration  19.91s (transform 741ms, setup 2ms, collect 294ms, tests 18.08s, environment 0ms, prepare 35ms)
 ❯ test/08n-import.test.ts:1175:26

# failures (messages)
⎯⎯⎯⎯⎯⎯⎯ Failed Tests 1 ⎯⎯⎯⎯⎯⎯⎯

 FAIL  test/08n-import.test.ts > F7: the day-one import > a unit line finds the IAL subject's item; a line naming several is split, one line per item; staff choose an item the words cannot tell; the rules on lines are asked in the review > the review asks the rules on lines without holding an exception row: a GET answers while the student's gate exception is held by another transaction
AssertionError: expected 'waited' to be 'answered' // Object.is equality

Expected: "answered"
Received: "waited"

 ❯ test/08n-import.test.ts:1175:26
    1173|       try {
    1174|         const answered = await Promise.race([fetchView(adm, id).then((…
    1175|         expect(answered).toBe('answered');
       |                          ^
    1176|       } finally {
    1177|         await release();

⎯⎯⎯⎯⎯⎯⎯⎯⎯⎯⎯⎯⎯⎯⎯⎯⎯⎯⎯⎯⎯⎯⎯⎯[1/1]⎯

