# C59: item 2: a "one paper" note is one line, never split by the papers the subject names (the early return since 2ca07a4's item 1)
# undone in apps/api/src/services/import/view.ts
# summary
 ❯ test/08n-import.test.ts (68 tests | 2 failed) 13511ms
   × F7: the day-one import > a unit line finds the IAL subject's item; a line naming several is split, one line per item; staff choose an item the words cannot tell; the rules on lines are asked in the review > a "one paper" note on a row naming two papers is one line: never split; staff choose the one paper 58ms
   × F7: the day-one import > a unit line finds the IAL subject's item; a line naming several is split, one line per item; staff choose an item the words cannot tell; the rules on lines are asked in the review > the forms' "(One paper ONLY)" is never the whole subject: the subject's one one-paper item, else staff choose among them (the review of 2ca07a4, item 1) 269ms
 Test Files  1 failed (1)
      Tests  2 failed | 66 passed (68)
   Duration  15.40s (transform 726ms, setup 2ms, collect 319ms, tests 13.51s, environment 0ms, prepare 31ms)
 ❯ test/08n-import.test.ts:1046:44
 ❯ test/08n-import.test.ts:1095:93

# failures (messages)
⎯⎯⎯⎯⎯⎯⎯ Failed Tests 2 ⎯⎯⎯⎯⎯⎯⎯

 FAIL  test/08n-import.test.ts > F7: the day-one import > a unit line finds the IAL subject's item; a line naming several is split, one line per item; staff choose an item the words cannot tell; the rules on lines are asked in the review > a "one paper" note on a row naming two papers is one line: never split; staff choose the one paper
AssertionError: expected [ [ …(3) ], [] ] to deeply equal [ null, [] ]

- Expected
+ Received

  [
-   null,
+   [
+     {
+       "code": "paper 1",
+       "itemLabel": "Paper 1",
+       "offerItemId": "b7f1c772-2e5d-4fb8-b0fb-73f7fc3b304c",
+     },
+     {
+       "code": "paper 2",
+       "itemLabel": "Paper 2",
+       "offerItemId": "b061d864-7fce-40d3-9d9f-505299bdb085",
+     },
+     {
+       "code": "one paper only",
+       "itemLabel": null,
+       "offerItemId": null,
+     },
+   ],
    [],
  ]

 ❯ test/08n-import.test.ts:1046:44


⎯⎯⎯⎯⎯⎯⎯⎯⎯⎯⎯⎯⎯⎯⎯⎯⎯⎯⎯⎯⎯⎯⎯⎯[1/2]⎯

 FAIL  test/08n-import.test.ts > F7: the day-one import > a unit line finds the IAL subject's item; a line naming several is split, one line per item; staff choose an item the words cannot tell; the rules on lines are asked in the review > the forms' "(One paper ONLY)" is never the whole subject: the subject's one one-paper item, else staff choose among them (the review of 2ca07a4, item 1)
AssertionError: expected { code: 'item_unclear', …(2) } to deeply equal { code: 'item_unclear', …(2) }

- Expected
+ Received

  {
    "code": "item_unclear",
-   "detail": "Imp Physics Two: the note says one paper — choose which (Paper 4 only (retake) · Paper 5 only (retake))",
+   "detail": "Imp Physics Two: Paper 4 only (retake) · Paper 5 only (retake) · Whole subject",
    "severity": "error",
  }

 ❯ test/08n-import.test.ts:1095:93
    1093|       // Two: staff choose which; none: staff choose the item, the not…
    1094|       expect(rowAt(v, 'One paper only', 4).plan.lines).toEqual([]);
    1095|       expect(rowAt(v, 'One paper only', 4).problems.find((p) => p.code…
       |                                                                                             ^
    1096|         code: 'item_unclear', severity: 'error', detail: 'Imp Physics …
    1097|       });

⎯⎯⎯⎯⎯⎯⎯⎯⎯⎯⎯⎯⎯⎯⎯⎯⎯⎯⎯⎯⎯⎯⎯⎯[2/2]⎯

