# C63: 2ca07a4 item 2: a self-study-only offer may be 0 (with its reason); open and retakes-only may not
# undone in apps/api/src/services/offer.services.ts
# summary
 ❯ test/08n-import.test.ts (68 tests | 1 failed) 13458ms
   × F7: the day-one import > the catalogue from the review, and a file put aside > MO-9's course fee on the offer: open or retakes-only at 0 refused; self-study only at 0 with a reason; a copy brings an offer it would open at 0 across closed, named (the review of 2ca07a4, item 2) 76ms
 Test Files  1 failed (1)
      Tests  1 failed | 67 passed (68)
   Duration  15.22s (transform 682ms, setup 2ms, collect 280ms, tests 13.46s, environment 0ms, prepare 32ms)
 ❯ test/08n-import.test.ts:1608:86

# failures (messages)
⎯⎯⎯⎯⎯⎯⎯ Failed Tests 1 ⎯⎯⎯⎯⎯⎯⎯

 FAIL  test/08n-import.test.ts > F7: the day-one import > the catalogue from the review, and a file put aside > MO-9's course fee on the offer: open or retakes-only at 0 refused; self-study only at 0 with a reason; a copy brings an offer it would open at 0 across closed, named (the review of 2ca07a4, item 2)
AssertionError: expected { status: 400, …(1) } to deeply equal { status: 400, …(1) }

- Expected
+ Received

  {
-   "error": "Fee Rule Untaught (imp) is self-study only at a course fee of 0: say why (its lines are priced at the board fee alone)",
+   "error": "Fee Rule Untaught (imp) has no course fee: set the school's course fee before it is open in this session (a line is never priced without one)",
    "status": 400,
  }

 ❯ test/08n-import.test.ts:1608:86
    1606|       expect(await refused(post(winter, offerJson(taught, 'retake_only…
    1607|       // Self-study only: 0 needs a reason, as a board fee of 0 does; …
    1608|       expect(await refused(post(winter, offerJson(untaught, 'self_stud…
       |                                                                                      ^
    1609|         status: 400, error: 'Fee Rule Untaught (imp) is self-study onl…
    1610|       });

⎯⎯⎯⎯⎯⎯⎯⎯⎯⎯⎯⎯⎯⎯⎯⎯⎯⎯⎯⎯⎯⎯⎯⎯[1/1]⎯

