# C54: item 5: every student with lines held FOR NO KEY UPDATE in id order before the first line (both lockStudents calls undone since 2ca07a4's item 3 added the early one)
# undone in apps/api/src/services/import/commit.ts
# summary
 ❯ test/08n-import.test.ts (68 tests | 1 failed) 14661ms
   × F7: the day-one import > a unit line finds the IAL subject's item; a line naming several is split, one line per item; staff choose an item the words cannot tell; the rules on lines are asked in the review > the commit holds a family's students before any row that names a subject: while a subject is held FOR UPDATE (a board change), the commit waiting on it already holds the student (the review of 2ca07a4, item 3) 443ms
 Test Files  1 failed (1)
      Tests  1 failed | 67 passed (68)
   Duration  16.87s (transform 706ms, setup 2ms, collect 313ms, tests 14.66s, environment 0ms, prepare 36ms)
 ❯ test/08n-import.test.ts:1306:22

# failures (messages)
⎯⎯⎯⎯⎯⎯⎯ Failed Tests 1 ⎯⎯⎯⎯⎯⎯⎯

 FAIL  test/08n-import.test.ts > F7: the day-one import > a unit line finds the IAL subject's item; a line naming several is split, one line per item; staff choose an item the words cannot tell; the rules on lines are asked in the review > the commit holds a family's students before any row that names a subject: while a subject is held FOR UPDATE (a board change), the commit waiting on it already holds the student (the review of 2ca07a4, item 3)
AssertionError: expected false to be true // Object.is equality

- Expected
+ Received

- true
+ false

 ❯ test/08n-import.test.ts:1306:22
    1304|         catch (err) { if ((err as { code?: string }).code === '55P03')…
    1305|         finally { await c.query('rollback').catch(() => {}); await c.e…
    1306|         expect(held).toBe(true);
       |                      ^
    1307|         await release();
    1308|         expect((await apiResponse(commit)).result.created).toMatchObje…

⎯⎯⎯⎯⎯⎯⎯⎯⎯⎯⎯⎯⎯⎯⎯⎯⎯⎯⎯⎯⎯⎯⎯⎯[1/1]⎯

