# C57: item 6: opening an offer with no course fee, or setting it to 0 while open, is refused (MO-9)
# undone in apps/api/src/services/offer.services.ts
# summary
 ❯ test/08n-import.test.ts (64 tests | 1 failed) 14086ms
   × F7: the day-one import > the catalogue from the review, and a file put aside > the admin adds the sheet's missing subjects in one step, active and with no price (a line is priced from its offer and the fee grid); the coordinator may not 151ms
 Test Files  1 failed (1)
      Tests  1 failed | 63 passed (64)
   Duration  16.15s (transform 698ms, setup 2ms, collect 301ms, tests 14.09s, environment 0ms, prepare 36ms)
 ❯ test/08n-import.test.ts:1454:65

# failures (messages)
⎯⎯⎯⎯⎯⎯⎯ Failed Tests 1 ⎯⎯⎯⎯⎯⎯⎯

 FAIL  test/08n-import.test.ts > F7: the day-one import > the catalogue from the review, and a file put aside > the admin adds the sheet's missing subjects in one step, active and with no price (a line is priced from its offer and the fee grid); the coordinator may not
AssertionError: expected { status: 200, error: '""' } to deeply equal { status: 400, …(1) }

- Expected
+ Received

  {
-   "error": "Astronomy has no course fee: set the school's course fee before it is open in this session (a line is never priced without one)",
-   "status": 400,
+   "error": "\"\"",
+   "status": 200,
  }

 ❯ test/08n-import.test.ts:1454:65
    1452|       const offer = await apiResponse(adm.api.v1.sessions[':id'].offer…
    1453|       const putOffer = (json: { availability?: 'open' | 'closed'; cour…
    1454|       expect(await refused(putOffer({ availability: 'open' }))).toEqua…
       |                                                                 ^
    1455|       expect(await refused(putOffer({ courseFee: 0, availability: 'ope…
    1456|       expect(await one(`select availability, course_fee::float as fee …

⎯⎯⎯⎯⎯⎯⎯⎯⎯⎯⎯⎯⎯⎯⎯⎯⎯⎯⎯⎯⎯⎯⎯⎯[1/1]⎯

