# C67: the harness: pauseAtAudits().paused counts a wait in its own database only
# undone in apps/api/../api/test/helpers.ts
# summary
 ❯ test/00-harness.test.ts (5 tests | 1 failed) 1591ms
   × harness > pauseAtAudits waits for a transaction of this database: another suite on the same server waiting on the same key does not count 36ms
 Test Files  1 failed (1)
      Tests  1 failed | 4 passed (5)
   Duration  3.39s (transform 585ms, setup 2ms, collect 179ms, tests 1.59s, environment 0ms, prepare 30ms)
 ❯ test/00-harness.test.ts:34:54

# failures (messages)
⎯⎯⎯⎯⎯⎯⎯ Failed Tests 1 ⎯⎯⎯⎯⎯⎯⎯

 FAIL  test/00-harness.test.ts > harness > pauseAtAudits waits for a transaction of this database: another suite on the same server waiting on the same key does not count
AssertionError: promise resolved "true" instead of rejecting

- Expected: 
Error {
  "message": "rejected promise",
}

+ Received: 
true

 ❯ test/00-harness.test.ts:34:54
     32|       await waiter.query('begin');
     33|       const waiting = waiter.query('select pg_advisory_xact_lock(40400…
     34|       await expect(pause.paused('HARNESS_PROBE', 800)).rejects.toThrow…
       |                                                      ^
     35|       await holder.query('select pg_advisory_unlock(40400)');
     36|       await waiting;

⎯⎯⎯⎯⎯⎯⎯⎯⎯⎯⎯⎯⎯⎯⎯⎯⎯⎯⎯⎯⎯⎯⎯⎯[1/1]⎯

