# C73: the review of d2fa2cd: "(Paper 41/42 ONLY)" is a one-paper retake (a paper code between "paper" and "only")
# undone in apps/api/src/services/import/normalise.ts
# summary
 ❯ test/08n-import.test.ts (68 tests | 1 failed) 14285ms
   × F7: the day-one import > a unit line finds the IAL subject's item; a line naming several is split, one line per item; staff choose an item the words cannot tell; the rules on lines are asked in the review > the forms' "(One paper ONLY)" is never the whole subject: the subject's one one-paper item, else staff choose among them (the review of 2ca07a4, item 1) 184ms
 Test Files  1 failed (1)
      Tests  1 failed | 67 passed (68)
   Duration  16.70s (transform 745ms, setup 2ms, collect 374ms, tests 14.28s, environment 0ms, prepare 47ms)
 ❯ test/08n-import.test.ts:1109:25

# failures (messages)
⎯⎯⎯⎯⎯⎯⎯ Failed Tests 1 ⎯⎯⎯⎯⎯⎯⎯

 FAIL  test/08n-import.test.ts > F7: the day-one import > a unit line finds the IAL subject's item; a line naming several is split, one line per item; staff choose an item the words cannot tell; the rules on lines are asked in the review > the forms' "(One paper ONLY)" is never the whole subject: the subject's one one-paper item, else staff choose among them (the review of 2ca07a4, item 1)
AssertionError: expected { kind: 'sheet', …(32) } to match object { noteOnePaper: true, …(2) }
(34 matching properties omitted from actual)

- Expected
+ Received

  {
-   "noteOnePaper": true,
+   "noteOnePaper": false,
    "noteRetake": true,
    "selfStudy": true,
  }

 ❯ test/08n-import.test.ts:1109:25
    1107|       // "(Paper 41/42 ONLY)": one paper, which one for staff to choos…
    1108|       const comp = rowAt(v, 'One paper only', 7);
    1109|       expect(comp.data).toMatchObject({ noteOnePaper: true, noteRetake…
       |                         ^
    1110|       expect(comp.plan.lines).toEqual([]);
    1111|       expect(comp.problems.find((p) => p.code === 'item_unclear')).toE…

⎯⎯⎯⎯⎯⎯⎯⎯⎯⎯⎯⎯⎯⎯⎯⎯⎯⎯⎯⎯⎯⎯⎯⎯[1/1]⎯

