# C1: the commit claim (re-run on the new base)
# undone in apps/api/src/services/import/commit.ts
# summary
 ❯ test/08n-import.test.ts (53 tests | 6 failed) 10456ms
   × F7: the day-one import > the review, then a commit creating exactly the reviewed rows > the import is committed: nothing more changes it 22ms
   × F7: the day-one import > a re-run of the same file changes nothing > staged again, it carries the review over and finds everything already there 49ms
   × F7: the day-one import > the catalogue from the review, and a file put aside > the admin adds the sheet's missing subjects in one step, active and with no price (a line is priced from its offer and the fee grid); the coordinator may not 271ms
   × F7: the day-one import > the catalogue from the review, and a file put aside > the list of imports: every file, its state and its counts 10ms
   × F7: the day-one import > two staff committing the same staged file at the same moment > one commit runs, the other is refused while it does; each family is made once 270ms
   × F7: the day-one import > a commit left behind is taken over after 15 minutes, and the one taken over never undoes the new holder > a claim under 15 minutes old is refused, naming who holds it; an older one is taken over and the commit runs 81ms
 Test Files  1 failed (1)
      Tests  6 failed | 47 passed (53)
   Duration  12.30s (transform 706ms, setup 3ms, collect 303ms, tests 10.46s, environment 0ms, prepare 36ms)
 ❯ test/08n-import.test.ts:444:108
 ❯ test/08n-import.test.ts:460:67
 ❯ test/08n-import.test.ts:1156:104
 ❯ test/08n-import.test.ts:1165:21
 ❯ test/08n-import.test.ts:1194:60
 ❯ test/08n-import.test.ts:1215:88

# failures (messages)
