# C6: a new student's line faces the school-fee gate (re-run on the new base)
# undone in apps/api/src/services/import/view.ts
# summary
 ❯ test/08n-import.test.ts (68 tests | 1 failed) 13336ms
   × F7: the day-one import > lines in a session, on the offers and items the sheet names, priced from the fee grids (the admin's) > the school-fee gate is the session's own: a new family owes the year's fee first 76ms
 Test Files  1 failed (1)
      Tests  1 failed | 67 passed (68)
   Duration  15.05s (transform 657ms, setup 2ms, collect 293ms, tests 13.34s, environment 0ms, prepare 32ms)
 ❯ test/08n-import.test.ts:662:90

# failures (messages)
⎯⎯⎯⎯⎯⎯⎯ Failed Tests 1 ⎯⎯⎯⎯⎯⎯⎯

 FAIL  test/08n-import.test.ts > F7: the day-one import > lines in a session, on the offers and items the sheet names, priced from the fee grids (the admin's) > the school-fee gate is the session's own: a new family owes the year's fee first
TypeError: Cannot read properties of undefined (reading 'detail')
 ❯ test/08n-import.test.ts:662:90
    660|       try {
    661|         const v = await fetchView(adm, liveBatch);
    662|         expect(rowAt(v, 'Live', 3).problems.find((p) => p.code === 're…
       |                                                                                          ^
    663|           .toBe(`The ${Y}-${Y + 1} school fee (2500.00 EGP) must be pa…
    664|       } finally {

⎯⎯⎯⎯⎯⎯⎯⎯⎯⎯⎯⎯⎯⎯⎯⎯⎯⎯⎯⎯⎯⎯⎯⎯[1/1]⎯

