# The suite on 669cf84 in local time (Africa/Cairo), TEST_DB_NAME igcse_import_test
 ✓ test/00-harness.test.ts (4 tests) 2067ms
 ✓ test/01-desk.test.ts (8 tests) 1914ms
 ✓ test/02-money.test.ts (4 tests) 2182ms
 ✓ test/03-v3-flows.test.ts (6 tests | 1 skipped) 2465ms
 ✓ test/04-authz-matrix.test.ts (1 test) 7560ms
 ✓ test/05-object-access.test.ts (16 tests) 5903ms
 ✓ test/06-auth-surface.test.ts (19 tests) 3828ms
 ✓ test/07-audit-trail.test.ts (6 tests) 1800ms
 ✓ test/08-money-rules.test.ts (51 tests) 13177ms
 ✓ test/08b-state-and-time.test.ts (23 tests) 12912ms
 ✓ test/08c-audit-in-transaction.test.ts (18 tests) 7481ms
 ✓ test/08d-foundation-grade.test.ts (28 tests) 8767ms
 ✓ test/08e-foundation-eligibility-changes.test.ts (10 tests) 6208ms
 ✓ test/08f-foundation-structure.test.ts (20 tests) 5336ms
 ✓ test/08g-foundation-races.test.ts (14 tests) 9073ms
 ✓ test/08h-catalogue.test.ts (10 tests) 2766ms
 ✓ test/08i-board-series.test.ts (10 tests) 4491ms
 ✓ test/08j-course-enrolment.test.ts (15 tests) 4252ms
 ✓ test/08k-catalogue-races.test.ts (5 tests) 4787ms
 ✓ test/08l-board-change.test.ts (7 tests) 3844ms
 ✓ test/08m-checkout-per-series.test.ts (10 tests) 6543ms
 ✓ test/08n-import.test.ts (55 tests) 11289ms
 ✓ test/08n-session-offers.test.ts (38 tests) 24652ms
 ✓ test/08o-reservation-lines.test.ts (23 tests) 16846ms
 ✓ test/08p-pricing-policies.test.ts (10 tests) 8499ms
 ✓ test/08q-charges.test.ts (46 tests) 29827ms
 ✓ test/08r-exceptions-registry.test.ts (15 tests) 9355ms
 ✓ test/08t-rework-races.test.ts (36 tests) 31797ms
 ✓ test/09-money-invariants.test.ts (48 tests) 750ms
 Test Files  29 passed (29)
      Tests  555 passed | 1 todo (556)
   Duration  260.56s (transform 1.22s, setup 55ms, collect 3.80s, tests 250.37s, environment 3ms, prepare 1.09s)
exit 0
