# The suite on 8562e17 with TZ=UTC, igcse_import_utc_test, run alone, after the local one
 ✓ test/00-harness.test.ts (5 tests) 2738ms
 ✓ test/01-desk.test.ts (8 tests) 1554ms
 ✓ test/02-money.test.ts (4 tests) 1630ms
 ✓ test/03-v3-flows.test.ts (6 tests | 1 skipped) 1908ms
 ✓ test/04-authz-matrix.test.ts (1 test) 6813ms
 ✓ test/05-object-access.test.ts (18 tests) 6713ms
 ✓ test/06-auth-surface.test.ts (19 tests) 3481ms
 ✓ test/07-audit-trail.test.ts (6 tests) 1659ms
 ✓ test/08-money-rules.test.ts (51 tests) 11588ms
 ✓ test/08b-state-and-time.test.ts (23 tests) 11060ms
 ✓ test/08c-audit-in-transaction.test.ts (18 tests) 6219ms
 ✓ test/08d-foundation-grade.test.ts (28 tests) 7139ms
 ✓ test/08e-foundation-eligibility-changes.test.ts (10 tests) 5465ms
 ✓ test/08f-foundation-structure.test.ts (20 tests) 4948ms
 ✓ test/08g-foundation-races.test.ts (14 tests) 8783ms
 ✓ test/08h-catalogue.test.ts (10 tests) 2323ms
 ✓ test/08i-board-series.test.ts (10 tests) 3999ms
 ✓ test/08j-course-enrolment.test.ts (15 tests) 4041ms
 ✓ test/08k-catalogue-races.test.ts (5 tests) 4382ms
 ✓ test/08l-board-change.test.ts (7 tests) 3303ms
 ✓ test/08m-checkout-per-series.test.ts (10 tests) 5820ms
 ✓ test/08n-import.test.ts (68 tests) 14006ms
 ✓ test/08n-session-offers.test.ts (38 tests) 22153ms
 ✓ test/08o-reservation-lines.test.ts (23 tests) 15460ms
 ✓ test/08p-pricing-policies.test.ts (10 tests) 7687ms
 ✓ test/08q-charges.test.ts (46 tests) 24335ms
 ✓ test/08r-exceptions-registry.test.ts (15 tests) 9164ms
 ✓ test/08s-messages-reminders.test.ts (36 tests) 46292ms
 ✓ test/08t-rework-races.test.ts (45 tests) 43674ms
 ✓ test/08x1-exam-entries.test.ts (17 tests) 3900ms
 ✓ test/08x2-exam-days-results.test.ts (14 tests) 3556ms
 ✓ test/08x3-exam-races.test.ts (8 tests) 4083ms
 ✓ test/08x4-exam-entries-rework.test.ts (56 tests) 26706ms
 ✓ test/09-money-invariants.test.ts (61 tests) 990ms
 Test Files  34 passed (34)
      Tests  724 passed | 1 todo (725)
   Start at  00:19:08
   Duration  338.01s (transform 1.38s, setup 44ms, collect 4.55s, tests 327.57s, environment 3ms, prepare 1.03s)
rc=0
