# The suite on 7003e74 in local time (Africa/Cairo), TEST_DB_NAME igcse_import_test (run on the working tree committed as 7003e74; only documents changed after the run started)
 ✓ test/00-harness.test.ts (4 tests) 2250ms
 ✓ test/01-desk.test.ts (8 tests) 2271ms
 ✓ test/02-money.test.ts (4 tests) 2587ms
 ✓ test/03-v3-flows.test.ts (6 tests | 1 skipped) 3229ms
 ✓ test/04-authz-matrix.test.ts (1 test) 8511ms
 ✓ test/05-object-access.test.ts (16 tests) 6554ms
 ✓ test/06-auth-surface.test.ts (19 tests) 3926ms
 ✓ test/07-audit-trail.test.ts (6 tests) 2118ms
 ✓ test/08-money-rules.test.ts (51 tests) 15991ms
 ✓ test/08b-state-and-time.test.ts (23 tests) 14745ms
 ✓ test/08c-audit-in-transaction.test.ts (18 tests) 7858ms
 ✓ test/08d-foundation-grade.test.ts (28 tests) 9132ms
 ✓ test/08e-foundation-eligibility-changes.test.ts (10 tests) 7264ms
 ✓ test/08f-foundation-structure.test.ts (20 tests) 6026ms
 ✓ test/08g-foundation-races.test.ts (14 tests) 9549ms
 ✓ test/08h-catalogue.test.ts (10 tests) 3174ms
 ✓ test/08i-board-series.test.ts (10 tests) 5512ms
 ✓ test/08j-course-enrolment.test.ts (15 tests) 4564ms
 ✓ test/08k-catalogue-races.test.ts (5 tests) 5105ms
 ✓ test/08l-board-change.test.ts (7 tests) 4501ms
 ✓ test/08m-checkout-per-series.test.ts (10 tests) 7939ms
 ✓ test/08n-import.test.ts (64 tests) 17821ms
 ✓ test/08n-session-offers.test.ts (38 tests) 28435ms
 ✓ test/08o-reservation-lines.test.ts (23 tests) 19356ms
 ✓ test/08p-pricing-policies.test.ts (10 tests) 9641ms
 ✓ test/08q-charges.test.ts (46 tests) 32494ms
 ✓ test/08r-exceptions-registry.test.ts (15 tests) 9612ms
 ✓ test/08t-rework-races.test.ts (36 tests) 31129ms
 ✓ test/09-money-invariants.test.ts (48 tests) 631ms
 Test Files  29 passed (29)
      Tests  564 passed | 1 todo (565)
   Start at  16:12:42
   Duration  293.84s (transform 1.47s, setup 65ms, collect 4.51s, tests 281.92s, environment 3ms, prepare 1.23s)
rc=0
