# The suite on d2fa2cd in local time (Africa/Cairo), igcse_import_test, side by side with the UTC run
 ✓ test/00-harness.test.ts (5 tests) 3639ms
 ✓ test/01-desk.test.ts (8 tests) 1886ms
 ✓ test/02-money.test.ts (4 tests) 1818ms
 ✓ test/03-v3-flows.test.ts (6 tests | 1 skipped) 2312ms
 ✓ test/04-authz-matrix.test.ts (1 test) 6265ms
 ✓ test/05-object-access.test.ts (16 tests) 4875ms
 ✓ test/06-auth-surface.test.ts (19 tests) 3453ms
 ✓ test/07-audit-trail.test.ts (6 tests) 1648ms
 ✓ test/08-money-rules.test.ts (51 tests) 11800ms
 ✓ test/08b-state-and-time.test.ts (23 tests) 11465ms
 ✓ test/08c-audit-in-transaction.test.ts (18 tests) 6313ms
 ✓ test/08d-foundation-grade.test.ts (28 tests) 7416ms
 ✓ test/08e-foundation-eligibility-changes.test.ts (10 tests) 5795ms
 ✓ test/08f-foundation-structure.test.ts (20 tests) 5133ms
 ✓ test/08g-foundation-races.test.ts (14 tests) 8441ms
 ✓ test/08h-catalogue.test.ts (10 tests) 2366ms
 ✓ test/08i-board-series.test.ts (10 tests) 4206ms
 ✓ test/08j-course-enrolment.test.ts (15 tests) 3828ms
 ✓ test/08k-catalogue-races.test.ts (5 tests) 4434ms
 ✓ test/08l-board-change.test.ts (7 tests) 3456ms
 ✓ test/08m-checkout-per-series.test.ts (10 tests) 6041ms
 ✓ test/08n-import.test.ts (68 tests) 15206ms
 ✓ test/08n-session-offers.test.ts (38 tests) 23486ms
 ✓ test/08o-reservation-lines.test.ts (23 tests) 16087ms
 ✓ test/08p-pricing-policies.test.ts (10 tests) 8258ms
 ✓ test/08q-charges.test.ts (46 tests) 28016ms
 ✓ test/08r-exceptions-registry.test.ts (15 tests) 8600ms
 ✓ test/08t-rework-races.test.ts (36 tests) 29051ms
 ✓ test/09-money-invariants.test.ts (48 tests) 630ms
 Test Files  29 passed (29)
      Tests  569 passed | 1 todo (570)
   Start at  21:47:40
   Duration  245.09s (transform 1.15s, setup 48ms, collect 3.43s, tests 235.93s, environment 2ms, prepare 937ms)
rc=0
