# The suite on 20be67b in local time (Africa/Cairo), igcse_import_test, run again
 ✓ test/00-harness.test.ts (4 tests) 2802ms
 ✓ test/01-desk.test.ts (8 tests) 2814ms
 ✓ test/02-money.test.ts (4 tests) 3253ms
 ✓ test/03-v3-flows.test.ts (6 tests | 1 skipped) 3773ms
 ✓ test/04-authz-matrix.test.ts (1 test) 11122ms
 ✓ test/05-object-access.test.ts (16 tests) 5916ms
 ✓ test/06-auth-surface.test.ts (19 tests) 4945ms
 ✓ test/07-audit-trail.test.ts (6 tests) 2498ms
 ✓ test/08-money-rules.test.ts (51 tests) 21620ms
 ✓ test/08b-state-and-time.test.ts (23 tests) 20086ms
 ✓ test/08c-audit-in-transaction.test.ts (18 tests) 14687ms
 ✓ test/08d-foundation-grade.test.ts (28 tests) 12592ms
 ✓ test/08e-foundation-eligibility-changes.test.ts (10 tests) 9937ms
 ✓ test/08f-foundation-structure.test.ts (20 tests) 5827ms
 ✓ test/08g-foundation-races.test.ts (14 tests) 10102ms
 ✓ test/08h-catalogue.test.ts (10 tests) 3149ms
 ✓ test/08i-board-series.test.ts (10 tests) 5602ms
 ✓ test/08j-course-enrolment.test.ts (15 tests) 4479ms
 ✓ test/08k-catalogue-races.test.ts (5 tests) 4875ms
 ✓ test/08l-board-change.test.ts (7 tests) 6085ms
 ✓ test/08m-checkout-per-series.test.ts (10 tests) 9460ms
 ✓ test/08n-import.test.ts (67 tests) 20658ms
 ✓ test/08n-session-offers.test.ts (38 tests) 27112ms
 ✓ test/08o-reservation-lines.test.ts (23 tests) 19546ms
 ✓ test/08p-pricing-policies.test.ts (10 tests) 10658ms
 ✓ test/08q-charges.test.ts (46 tests) 55816ms
 ✓ test/08r-exceptions-registry.test.ts (15 tests) 13054ms
 ✓ test/08t-rework-races.test.ts (36 tests) 34882ms
 ✓ test/09-money-invariants.test.ts (48 tests) 1284ms
 Test Files  29 passed (29)
      Tests  567 passed | 1 todo (568)
   Start at  17:34:07
   Duration  360.78s (transform 1.69s, setup 59ms, collect 5.01s, tests 348.63s, environment 3ms, prepare 1.44s)
rc=0
