# The suite on 7003e74 with TZ=UTC, TEST_DB_NAME igcse_import_utc_test (run on the working tree committed as 7003e74; only documents changed after the run started)
 ✓ test/00-harness.test.ts (4 tests) 2202ms
 ✓ test/01-desk.test.ts (8 tests) 2197ms
 ✓ test/02-money.test.ts (4 tests) 2495ms
 ✓ test/03-v3-flows.test.ts (6 tests | 1 skipped) 2982ms
 ✓ test/04-authz-matrix.test.ts (1 test) 8662ms
 ✓ test/05-object-access.test.ts (16 tests) 6417ms
 ✓ test/06-auth-surface.test.ts (19 tests) 3963ms
 ✓ test/07-audit-trail.test.ts (6 tests) 2023ms
 ✓ test/08-money-rules.test.ts (51 tests) 16176ms
 ✓ test/08b-state-and-time.test.ts (23 tests) 14625ms
 ✓ test/08c-audit-in-transaction.test.ts (18 tests) 7910ms
 ✓ test/08d-foundation-grade.test.ts (28 tests) 9451ms
 ✓ test/08e-foundation-eligibility-changes.test.ts (10 tests) 6783ms
 ✓ test/08f-foundation-structure.test.ts (20 tests) 5968ms
 ✓ test/08g-foundation-races.test.ts (14 tests) 9556ms
 ✓ test/08h-catalogue.test.ts (10 tests) 3181ms
 ✓ test/08i-board-series.test.ts (10 tests) 5741ms
 ✓ test/08j-course-enrolment.test.ts (15 tests) 4409ms
 ✓ test/08k-catalogue-races.test.ts (5 tests) 5229ms
 ✓ test/08l-board-change.test.ts (7 tests) 4462ms
 ✓ test/08m-checkout-per-series.test.ts (10 tests) 8230ms
 ✓ test/08n-import.test.ts (64 tests) 17878ms
 ✓ test/08n-session-offers.test.ts (38 tests) 28394ms
 ✓ test/08o-reservation-lines.test.ts (23 tests) 19312ms
 ✓ test/08p-pricing-policies.test.ts (10 tests) 9940ms
 ✓ test/08q-charges.test.ts (46 tests) 32375ms
 ✓ test/08r-exceptions-registry.test.ts (15 tests) 9506ms
 ✓ test/08t-rework-races.test.ts (36 tests) 31024ms
 ✓ test/09-money-invariants.test.ts (48 tests) 581ms
 Test Files  29 passed (29)
      Tests  564 passed | 1 todo (565)
   Start at  13:12:43
   Duration  293.06s (transform 1.49s, setup 68ms, collect 4.56s, tests 281.67s, environment 3ms, prepare 1.21s)
rc=0
