# The suite on 4d5c3d5 in local time (Africa/Cairo), igcse_import_test, side by side with the UTC run
 ✓ test/00-harness.test.ts (5 tests) 2957ms
 ✓ test/01-desk.test.ts (8 tests) 1774ms
 ✓ test/02-money.test.ts (4 tests) 1865ms
 ✓ test/03-v3-flows.test.ts (6 tests | 1 skipped) 2238ms
 ✓ test/04-authz-matrix.test.ts (1 test) 6165ms
 ✓ test/05-object-access.test.ts (16 tests) 5026ms
 ✓ test/06-auth-surface.test.ts (19 tests) 3611ms
 ✓ test/07-audit-trail.test.ts (6 tests) 1721ms
 ✓ test/08-money-rules.test.ts (51 tests) 12407ms
 ✓ test/08b-state-and-time.test.ts (23 tests) 11944ms
 ✓ test/08c-audit-in-transaction.test.ts (18 tests) 6632ms
 ✓ test/08d-foundation-grade.test.ts (28 tests) 7673ms
 ✓ test/08e-foundation-eligibility-changes.test.ts (10 tests) 5824ms
 ✓ test/08f-foundation-structure.test.ts (20 tests) 5143ms
 ✓ test/08g-foundation-races.test.ts (14 tests) 8447ms
 ✓ test/08h-catalogue.test.ts (10 tests) 2511ms
 ✓ test/08i-board-series.test.ts (10 tests) 4449ms
 ✓ test/08j-course-enrolment.test.ts (15 tests) 4023ms
 ✓ test/08k-catalogue-races.test.ts (5 tests) 4530ms
 ✓ test/08l-board-change.test.ts (7 tests) 3936ms
 ✓ test/08m-checkout-per-series.test.ts (10 tests) 6136ms
 ✓ test/08n-import.test.ts (68 tests) 15247ms
 ✓ test/08n-session-offers.test.ts (38 tests) 23255ms
 ✓ test/08o-reservation-lines.test.ts (23 tests) 16442ms
 ✓ test/08p-pricing-policies.test.ts (10 tests) 8191ms
 ✓ test/08q-charges.test.ts (46 tests) 29214ms
 ✓ test/08r-exceptions-registry.test.ts (15 tests) 9229ms
 ✓ test/08t-rework-races.test.ts (36 tests) 29937ms
 ✓ test/09-money-invariants.test.ts (48 tests) 632ms
 Test Files  29 passed (29)
      Tests  569 passed | 1 todo (570)
   Start at  22:27:50
   Duration  251.25s (transform 1.34s, setup 49ms, collect 3.66s, tests 241.16s, environment 2ms, prepare 964ms)
rc=0
