# The suite on 8562e17 in local time (Africa/Cairo), igcse_import_test, run alone
 ✓ test/00-harness.test.ts (5 tests) 2957ms
 ✓ test/01-desk.test.ts (8 tests) 1776ms
 ✓ test/02-money.test.ts (4 tests) 1690ms
 ✓ test/03-v3-flows.test.ts (6 tests | 1 skipped) 1981ms
 ✓ test/04-authz-matrix.test.ts (1 test) 6253ms
 ✓ test/05-object-access.test.ts (18 tests) 6876ms
 ✓ test/06-auth-surface.test.ts (19 tests) 3592ms
 ✓ test/07-audit-trail.test.ts (6 tests) 1779ms
 ✓ test/08-money-rules.test.ts (51 tests) 11136ms
 ✓ test/08b-state-and-time.test.ts (23 tests) 10341ms
 ✓ test/08c-audit-in-transaction.test.ts (18 tests) 5744ms
 ✓ test/08d-foundation-grade.test.ts (28 tests) 7210ms
 ✓ test/08e-foundation-eligibility-changes.test.ts (10 tests) 5248ms
 ✓ test/08f-foundation-structure.test.ts (20 tests) 5112ms
 ✓ test/08g-foundation-races.test.ts (14 tests) 8636ms
 ✓ test/08h-catalogue.test.ts (10 tests) 2263ms
 ✓ test/08i-board-series.test.ts (10 tests) 4040ms
 ✓ test/08j-course-enrolment.test.ts (15 tests) 3766ms
 ✓ test/08k-catalogue-races.test.ts (5 tests) 4562ms
 ✓ test/08l-board-change.test.ts (7 tests) 2762ms
 ✓ test/08m-checkout-per-series.test.ts (10 tests) 5793ms
 ✓ test/08n-import.test.ts (68 tests) 13938ms
 ✓ test/08n-session-offers.test.ts (38 tests) 21851ms
 ✓ test/08o-reservation-lines.test.ts (23 tests) 15112ms
 ✓ test/08p-pricing-policies.test.ts (10 tests) 7638ms
 ✓ test/08q-charges.test.ts (46 tests) 25746ms
 ✓ test/08r-exceptions-registry.test.ts (15 tests) 8139ms
 ✓ test/08s-messages-reminders.test.ts (36 tests) 45568ms
 ✓ test/08t-rework-races.test.ts (45 tests) 43789ms
 ✓ test/08x1-exam-entries.test.ts (17 tests) 3614ms
 ✓ test/08x2-exam-days-results.test.ts (14 tests) 3494ms
 ✓ test/08x3-exam-races.test.ts (8 tests) 3959ms
 ✓ test/08x4-exam-entries-rework.test.ts (56 tests) 27260ms
 ✓ test/09-money-invariants.test.ts (61 tests) 990ms
 Test Files  34 passed (34)
      Tests  724 passed | 1 todo (725)
   Start at  03:13:20
   Duration  335.00s (transform 1.27s, setup 46ms, collect 4.34s, tests 324.62s, environment 2ms, prepare 996ms)
rc=0
