Baseline: TEST_DB_NAME=igcse_rwd_test pnpm --filter @repo/api test, local time (Africa/Cairo), tree = origin/main b76eae4 unchanged, 8 Oct 2026

Files:
 ✓ test/00-harness.test.ts (4 tests) 2318ms
 ✓ test/01-desk.test.ts (8 tests) 1612ms
 ✓ test/02-money.test.ts (4 tests) 1701ms
 ✓ test/03-v3-flows.test.ts (5 tests | 1 skipped) 2437ms
 ✓ test/04-authz-matrix.test.ts (1 test) 5955ms
 ✓ test/05-object-access.test.ts (15 tests) 4318ms
 ✓ test/06-auth-surface.test.ts (19 tests) 3817ms
 ✓ test/07-audit-trail.test.ts (6 tests) 1810ms
 ✓ test/08-money-rules.test.ts (51 tests) 12876ms
 ✓ test/08b-state-and-time.test.ts (23 tests) 12325ms
 ✓ test/08c-audit-in-transaction.test.ts (18 tests) 6659ms
 ✓ test/08d-foundation-grade.test.ts (28 tests) 7918ms
 ✓ test/08e-foundation-eligibility-changes.test.ts (10 tests) 5876ms
 ✓ test/08f-foundation-structure.test.ts (20 tests) 5399ms
 ✓ test/08g-foundation-races.test.ts (14 tests) 9119ms
 ✓ test/08h-catalogue.test.ts (10 tests) 2610ms
 ✓ test/08i-board-series.test.ts (10 tests) 4433ms
 ✓ test/08j-course-enrolment.test.ts (15 tests) 3871ms
 ✓ test/08k-catalogue-races.test.ts (5 tests) 4458ms
 ✓ test/08l-board-change.test.ts (7 tests) 3872ms
 ✓ test/08m-checkout-per-series.test.ts (10 tests) 6007ms
 ✓ test/08n-session-offers.test.ts (38 tests) 23125ms
 ✓ test/08o-reservation-lines.test.ts (23 tests) 16712ms
 ✓ test/08p-pricing-policies.test.ts (10 tests) 8197ms
 ✓ test/08q-charges.test.ts (45 tests) 27289ms
 ✓ test/08r-exceptions-registry.test.ts (15 tests) 8764ms
 ✓ test/08t-rework-races.test.ts (36 tests) 31960ms
 ✓ test/09-money-invariants.test.ts (46 tests) 602ms

 Test Files  28 passed (28)
      Tests  495 passed | 1 todo (496)
   Start at  10:04:14
   Duration  234.53s (transform 940ms, setup 46ms, collect 3.15s, tests 226.04s, environment 2ms, prepare 1000ms)

