The full API suite on igcse_rwd_test in local time (Africa/Cairo), worktree rework-messages: the follow-ups of 9e7a4d6..9037be2 on the merge 6a9a697 (uncommitted tree, committed next)

Files:
 ✓ test/00-harness.test.ts (4 tests) 1820ms
 ✓ test/01-desk.test.ts (8 tests) 1799ms
 ✓ test/02-money.test.ts (4 tests) 1806ms
 ✓ test/03-v3-flows.test.ts (5 tests | 1 skipped) 2203ms
 ✓ test/04-authz-matrix.test.ts (1 test) 5414ms
 ✓ test/05-object-access.test.ts (16 tests) 3920ms
 ✓ test/06-auth-surface.test.ts (19 tests) 3715ms
 ✓ test/07-audit-trail.test.ts (6 tests) 1820ms
 ✓ test/08-money-rules.test.ts (51 tests) 13148ms
 ✓ test/08b-state-and-time.test.ts (23 tests) 14900ms
 ✓ test/08c-audit-in-transaction.test.ts (18 tests) 8218ms
 ✓ test/08d-foundation-grade.test.ts (28 tests) 9210ms
 ✓ test/08e-foundation-eligibility-changes.test.ts (10 tests) 6816ms
 ✓ test/08f-foundation-structure.test.ts (20 tests) 5887ms
 ✓ test/08g-foundation-races.test.ts (14 tests) 9809ms
 ✓ test/08h-catalogue.test.ts (10 tests) 3085ms
 ✓ test/08i-board-series.test.ts (10 tests) 5189ms
 ✓ test/08j-course-enrolment.test.ts (15 tests) 4398ms
 ✓ test/08k-catalogue-races.test.ts (5 tests) 5167ms
 ✓ test/08l-board-change.test.ts (7 tests) 3701ms
 ✓ test/08m-checkout-per-series.test.ts (10 tests) 7108ms
 ✓ test/08n-session-offers.test.ts (38 tests) 25379ms
 ✓ test/08o-reservation-lines.test.ts (23 tests) 16529ms
 ✓ test/08p-pricing-policies.test.ts (10 tests) 8454ms
 ✓ test/08q-charges.test.ts (46 tests) 29837ms
 ✓ test/08r-exceptions-registry.test.ts (15 tests) 9243ms
 ✓ test/08s-messages-reminders.test.ts (36 tests) 70845ms
 ✓ test/08t-rework-races.test.ts (40 tests) 40372ms
 ✓ test/09-money-invariants.test.ts (51 tests) 1863ms

 Test Files  29 passed (29)
      Tests  542 passed | 1 todo (543)
   Start at  16:08:46
   Duration  331.72s (transform 1.24s, setup 65ms, collect 4.19s, tests 321.65s, environment 3ms, prepare 1.13s)

