The full API suite on igcse_rwd_test with TZ=UTC (run alone, after the local run), worktree rework-messages, the same tree

Files:
 ✓ test/00-harness.test.ts (4 tests) 1890ms
 ✓ test/01-desk.test.ts (8 tests) 1932ms
 ✓ test/02-money.test.ts (4 tests) 2181ms
 ✓ test/03-v3-flows.test.ts (5 tests | 1 skipped) 2571ms
 ✓ test/04-authz-matrix.test.ts (1 test) 7208ms
 ✓ test/05-object-access.test.ts (16 tests) 4906ms
 ✓ test/06-auth-surface.test.ts (19 tests) 3853ms
 ✓ test/07-audit-trail.test.ts (6 tests) 1937ms
 ✓ test/08-money-rules.test.ts (51 tests) 15860ms
 ✓ test/08b-state-and-time.test.ts (23 tests) 14838ms
 ✓ test/08c-audit-in-transaction.test.ts (18 tests) 8328ms
 ✓ test/08d-foundation-grade.test.ts (28 tests) 9815ms
 ✓ test/08e-foundation-eligibility-changes.test.ts (10 tests) 7678ms
 ✓ test/08f-foundation-structure.test.ts (20 tests) 6573ms
 ✓ test/08g-foundation-races.test.ts (14 tests) 9409ms
 ✓ test/08h-catalogue.test.ts (10 tests) 3586ms
 ✓ test/08i-board-series.test.ts (10 tests) 5651ms
 ✓ test/08j-course-enrolment.test.ts (15 tests) 4236ms
 ✓ test/08k-catalogue-races.test.ts (5 tests) 4773ms
 ✓ test/08l-board-change.test.ts (7 tests) 4190ms
 ✓ test/08m-checkout-per-series.test.ts (10 tests) 6923ms
 ✓ test/08n-session-offers.test.ts (38 tests) 25077ms
 ✓ test/08o-reservation-lines.test.ts (23 tests) 17127ms
 ✓ test/08p-pricing-policies.test.ts (10 tests) 8752ms
 ✓ test/08q-charges.test.ts (46 tests) 27503ms
 ✓ test/08r-exceptions-registry.test.ts (15 tests) 8711ms
 ✓ test/08s-messages-reminders.test.ts (36 tests) 49489ms
 ✓ test/08t-rework-races.test.ts (40 tests) 36101ms
 ✓ test/09-money-invariants.test.ts (51 tests) 1402ms

 Test Files  29 passed (29)
      Tests  542 passed | 1 todo (543)
   Start at  13:14:26
   Duration  313.54s (transform 1.39s, setup 62ms, collect 4.62s, tests 302.50s, environment 3ms, prepare 1.17s)

