The full API suite on igcse_rwd_test with TZ=UTC (run alone, after the local run), worktree rework-messages, the same tree

Files:
 ✓ test/00-harness.test.ts (4 tests) 1878ms
 ✓ test/01-desk.test.ts (8 tests) 1600ms
 ✓ test/02-money.test.ts (4 tests) 1816ms
 ✓ test/03-v3-flows.test.ts (5 tests | 1 skipped) 2130ms
 ✓ test/04-authz-matrix.test.ts (1 test) 5597ms
 ✓ test/05-object-access.test.ts (16 tests) 4221ms
 ✓ test/06-auth-surface.test.ts (19 tests) 4032ms
 ✓ test/07-audit-trail.test.ts (6 tests) 1776ms
 ✓ test/08-money-rules.test.ts (51 tests) 11883ms
 ✓ test/08b-state-and-time.test.ts (23 tests) 12615ms
 ✓ test/08c-audit-in-transaction.test.ts (18 tests) 6565ms
 ✓ test/08d-foundation-grade.test.ts (28 tests) 7733ms
 ✓ test/08e-foundation-eligibility-changes.test.ts (10 tests) 5902ms
 ✓ test/08f-foundation-structure.test.ts (20 tests) 5498ms
 ✓ test/08g-foundation-races.test.ts (14 tests) 9266ms
 ✓ test/08h-catalogue.test.ts (10 tests) 2576ms
 ✓ test/08i-board-series.test.ts (10 tests) 4374ms
 ✓ test/08j-course-enrolment.test.ts (15 tests) 4096ms
 ✓ test/08k-catalogue-races.test.ts (5 tests) 4778ms
 ✓ test/08l-board-change.test.ts (7 tests) 3477ms
 ✓ test/08m-checkout-per-series.test.ts (10 tests) 6064ms
 ✓ test/08n-session-offers.test.ts (38 tests) 23512ms
 ✓ test/08o-reservation-lines.test.ts (23 tests) 17016ms
 ✓ test/08p-pricing-policies.test.ts (10 tests) 8631ms
 ✓ test/08q-charges.test.ts (46 tests) 27490ms
 ✓ test/08r-exceptions-registry.test.ts (15 tests) 8891ms
 ✓ test/08s-messages-reminders.test.ts (34 tests) 48947ms
 ✓ test/08t-rework-races.test.ts (40 tests) 36534ms
 ✓ test/09-money-invariants.test.ts (51 tests) 944ms

 Test Files  29 passed (29)
      Tests  540 passed | 1 todo (541)
   Start at  12:29:35
   Duration  288.66s (transform 1.07s, setup 45ms, collect 3.56s, tests 279.84s, environment 2ms, prepare 936ms)

