Run 2: TEST_DB_NAME=igcse_rwd_test pnpm --filter @repo/api test, local time (Africa/Cairo); tree = the worktree as it stood at the run's start (08:41:51Z): step D complete but for the school-fee reminder test and the push's re-read, added after

Files:
 ✓ test/00-harness.test.ts (4 tests) 1629ms
 ✓ test/01-desk.test.ts (8 tests) 1689ms
 ✓ test/02-money.test.ts (4 tests) 1826ms
 ✓ test/03-v3-flows.test.ts (5 tests | 1 skipped) 1972ms
 ✓ test/04-authz-matrix.test.ts (1 test) 6240ms
 ✓ test/05-object-access.test.ts (16 tests) 4024ms
 ✓ test/06-auth-surface.test.ts (19 tests) 3704ms
 ✓ test/07-audit-trail.test.ts (6 tests) 1749ms
 ✓ test/08-money-rules.test.ts (51 tests) 12155ms
 ✓ test/08b-state-and-time.test.ts (23 tests) 11973ms
 ✓ test/08c-audit-in-transaction.test.ts (18 tests) 6551ms
 ✓ test/08d-foundation-grade.test.ts (28 tests) 7890ms
 ✓ test/08e-foundation-eligibility-changes.test.ts (10 tests) 5897ms
 ✓ test/08f-foundation-structure.test.ts (20 tests) 5386ms
 ✓ test/08g-foundation-races.test.ts (14 tests) 9042ms
 ✓ test/08h-catalogue.test.ts (10 tests) 2699ms
 ✓ test/08i-board-series.test.ts (10 tests) 4360ms
 ✓ test/08j-course-enrolment.test.ts (15 tests) 4208ms
 ✓ test/08k-catalogue-races.test.ts (5 tests) 4861ms
 ✓ test/08l-board-change.test.ts (7 tests) 3315ms
 ✓ test/08m-checkout-per-series.test.ts (10 tests) 5963ms
 ✓ test/08n-session-offers.test.ts (38 tests) 23231ms
 ✓ test/08o-reservation-lines.test.ts (23 tests) 16473ms
 ✓ test/08p-pricing-policies.test.ts (10 tests) 8419ms
 ✓ test/08q-charges.test.ts (45 tests) 26561ms
 ✓ test/08r-exceptions-registry.test.ts (15 tests) 9294ms
 ✓ test/08s-messages-reminders.test.ts (22 tests) 34361ms
 ✓ test/08t-rework-races.test.ts (39 tests) 36362ms
 ✓ test/09-money-invariants.test.ts (51 tests) 1227ms

 Test Files  29 passed (29)
      Tests  526 passed | 1 todo (527)
   Start at  11:41:51
   Duration  271.43s (transform 980ms, setup 43ms, collect 3.33s, tests 263.06s, environment 2ms, prepare 918ms)

