Run 4: TZ=UTC TEST_DB_NAME=igcse_rwd2_test pnpm --filter @repo/api test at ad671b0

Files:
 ✓ test/00-harness.test.ts (4 tests) 1605ms
 ✓ test/01-desk.test.ts (8 tests) 1616ms
 ✓ test/02-money.test.ts (4 tests) 1704ms
 ✓ test/03-v3-flows.test.ts (5 tests | 1 skipped) 2119ms
 ✓ test/04-authz-matrix.test.ts (1 test) 5812ms
 ✓ test/05-object-access.test.ts (16 tests) 4235ms
 ✓ test/06-auth-surface.test.ts (19 tests) 3812ms
 ✓ test/07-audit-trail.test.ts (6 tests) 1781ms
 ✓ test/08-money-rules.test.ts (51 tests) 12752ms
 ✓ test/08b-state-and-time.test.ts (23 tests) 12689ms
 ✓ test/08c-audit-in-transaction.test.ts (18 tests) 7922ms
 ✓ test/08d-foundation-grade.test.ts (28 tests) 8079ms
 ✓ test/08e-foundation-eligibility-changes.test.ts (10 tests) 6100ms
 ✓ test/08f-foundation-structure.test.ts (20 tests) 5472ms
 ✓ test/08g-foundation-races.test.ts (14 tests) 9152ms
 ✓ test/08h-catalogue.test.ts (10 tests) 2658ms
 ✓ test/08i-board-series.test.ts (10 tests) 4794ms
 ✓ test/08j-course-enrolment.test.ts (15 tests) 4062ms
 ✓ test/08k-catalogue-races.test.ts (5 tests) 4659ms
 ✓ test/08l-board-change.test.ts (7 tests) 4211ms
 ✓ test/08m-checkout-per-series.test.ts (10 tests) 6412ms
 ✓ test/08n-session-offers.test.ts (38 tests) 23328ms
 ✓ test/08o-reservation-lines.test.ts (23 tests) 17073ms
 ✓ test/08p-pricing-policies.test.ts (10 tests) 8712ms
 ✓ test/08q-charges.test.ts (45 tests) 28446ms
 ✓ test/08r-exceptions-registry.test.ts (15 tests) 9115ms
 ✓ test/08s-messages-reminders.test.ts (23 tests) 42791ms
 ✓ test/08t-rework-races.test.ts (39 tests) 36568ms
 ✓ test/09-money-invariants.test.ts (51 tests) 1159ms

 Test Files  29 passed (29)
      Tests  527 passed | 1 todo (528)
   Start at  08:47:42
   Duration  287.73s (transform 1.01s, setup 50ms, collect 3.61s, tests 278.84s, environment 2ms, prepare 984ms)

