Run 5: TEST_DB_NAME=igcse_rwd_test pnpm --filter @repo/api test, local time (Africa/Cairo), alone, at ad671b0

Files:
 ✓ test/00-harness.test.ts (4 tests) 1641ms
 ✓ test/01-desk.test.ts (8 tests) 1711ms
 ✓ test/02-money.test.ts (4 tests) 1690ms
 ✓ test/03-v3-flows.test.ts (5 tests | 1 skipped) 2005ms
 ✓ test/04-authz-matrix.test.ts (1 test) 5595ms
 ✓ test/05-object-access.test.ts (16 tests) 4086ms
 ✓ test/06-auth-surface.test.ts (19 tests) 3786ms
 ✓ test/07-audit-trail.test.ts (6 tests) 1805ms
 ✓ test/08-money-rules.test.ts (51 tests) 12271ms
 ✓ test/08b-state-and-time.test.ts (23 tests) 11914ms
 ✓ test/08c-audit-in-transaction.test.ts (18 tests) 6822ms
 ✓ test/08d-foundation-grade.test.ts (28 tests) 7919ms
 ✓ test/08e-foundation-eligibility-changes.test.ts (10 tests) 5866ms
 ✓ test/08f-foundation-structure.test.ts (20 tests) 5258ms
 ✓ test/08g-foundation-races.test.ts (14 tests) 9238ms
 ✓ test/08h-catalogue.test.ts (10 tests) 2630ms
 ✓ test/08i-board-series.test.ts (10 tests) 4656ms
 ✓ test/08j-course-enrolment.test.ts (15 tests) 4181ms
 ✓ test/08k-catalogue-races.test.ts (5 tests) 4786ms
 ✓ test/08l-board-change.test.ts (7 tests) 3257ms
 ✓ test/08m-checkout-per-series.test.ts (10 tests) 5991ms
 ✓ test/08n-session-offers.test.ts (38 tests) 23661ms
 ✓ test/08o-reservation-lines.test.ts (23 tests) 17221ms
 ✓ test/08p-pricing-policies.test.ts (10 tests) 8206ms
 ✓ test/08q-charges.test.ts (45 tests) 26419ms
 ✓ test/08r-exceptions-registry.test.ts (15 tests) 8880ms
 ✓ test/08s-messages-reminders.test.ts (23 tests) 36497ms
 ✓ test/08t-rework-races.test.ts (39 tests) 35502ms
 ✓ test/09-money-invariants.test.ts (51 tests) 1004ms

 Test Files  29 passed (29)
      Tests  527 passed | 1 todo (528)
   Start at  11:52:58
   Duration  273.69s (transform 1.00s, setup 48ms, collect 3.54s, tests 264.50s, environment 3ms, prepare 967ms)

