Run 6: TEST_DB_NAME=igcse_rwd_test pnpm --filter @repo/api test, local time (Africa/Cairo), at the merge 5c2f2bf (origin/main 2a26557 into feature/rework-messages)

Files:
 ✓ test/00-harness.test.ts (4 tests) 1778ms
 ✓ test/01-desk.test.ts (8 tests) 1662ms
 ✓ test/02-money.test.ts (4 tests) 1854ms
 ✓ test/03-v3-flows.test.ts (5 tests | 1 skipped) 2023ms
 ✓ test/04-authz-matrix.test.ts (1 test) 5936ms
 ✓ test/05-object-access.test.ts (16 tests) 4003ms
 ✓ test/06-auth-surface.test.ts (19 tests) 3758ms
 ✓ test/07-audit-trail.test.ts (6 tests) 1787ms
 ✓ test/08-money-rules.test.ts (51 tests) 11747ms
 ✓ test/08b-state-and-time.test.ts (23 tests) 11609ms
 ✓ test/08c-audit-in-transaction.test.ts (18 tests) 6606ms
 ✓ test/08d-foundation-grade.test.ts (28 tests) 7895ms
 ✓ test/08e-foundation-eligibility-changes.test.ts (10 tests) 5994ms
 ✓ test/08f-foundation-structure.test.ts (20 tests) 5540ms
 ✓ test/08g-foundation-races.test.ts (14 tests) 9210ms
 ✓ test/08h-catalogue.test.ts (10 tests) 2676ms
 ✓ test/08i-board-series.test.ts (10 tests) 4385ms
 ✓ test/08j-course-enrolment.test.ts (15 tests) 4198ms
 ✓ test/08k-catalogue-races.test.ts (5 tests) 4649ms
 ✓ test/08l-board-change.test.ts (7 tests) 3348ms
 ✓ test/08m-checkout-per-series.test.ts (10 tests) 5990ms
 ✓ test/08n-session-offers.test.ts (38 tests) 23145ms
 ✓ test/08o-reservation-lines.test.ts (23 tests) 16637ms
 ✓ test/08p-pricing-policies.test.ts (10 tests) 8263ms
 ✓ test/08q-charges.test.ts (46 tests) 26786ms
 ✓ test/08r-exceptions-registry.test.ts (15 tests) 9071ms
 ✓ test/08s-messages-reminders.test.ts (23 tests) 38962ms
 ✓ test/08t-rework-races.test.ts (39 tests) 35700ms
 ✓ test/09-money-invariants.test.ts (51 tests) 832ms

 Test Files  29 passed (29)
      Tests  528 passed | 1 todo (529)
   Start at  12:13:43
   Duration  274.93s (transform 943ms, setup 44ms, collect 3.43s, tests 266.04s, environment 2ms, prepare 945ms)

