Run 7: TZ=UTC TEST_DB_NAME=igcse_rwd_test pnpm --filter @repo/api test at the merge 5c2f2bf

Files:
 ✓ test/00-harness.test.ts (4 tests) 1687ms
 ✓ test/01-desk.test.ts (8 tests) 1698ms
 ✓ test/02-money.test.ts (4 tests) 1770ms
 ✓ test/03-v3-flows.test.ts (5 tests | 1 skipped) 2193ms
 ✓ test/04-authz-matrix.test.ts (1 test) 5846ms
 ✓ test/05-object-access.test.ts (16 tests) 4237ms
 ✓ test/06-auth-surface.test.ts (19 tests) 3947ms
 ✓ test/07-audit-trail.test.ts (6 tests) 1902ms
 ✓ test/08-money-rules.test.ts (51 tests) 12574ms
 ✓ test/08b-state-and-time.test.ts (23 tests) 12103ms
 ✓ test/08c-audit-in-transaction.test.ts (18 tests) 6680ms
 ✓ test/08d-foundation-grade.test.ts (28 tests) 7842ms
 ✓ test/08e-foundation-eligibility-changes.test.ts (10 tests) 6127ms
 ✓ test/08f-foundation-structure.test.ts (20 tests) 5642ms
 ✓ test/08g-foundation-races.test.ts (14 tests) 9535ms
 ✓ test/08h-catalogue.test.ts (10 tests) 2668ms
 ✓ test/08i-board-series.test.ts (10 tests) 4799ms
 ✓ test/08j-course-enrolment.test.ts (15 tests) 4350ms
 ✓ test/08k-catalogue-races.test.ts (5 tests) 4602ms
 ✓ test/08l-board-change.test.ts (7 tests) 3697ms
 ✓ test/08m-checkout-per-series.test.ts (10 tests) 6136ms
 ✓ test/08n-session-offers.test.ts (38 tests) 24241ms
 ✓ test/08o-reservation-lines.test.ts (23 tests) 16233ms
 ✓ test/08p-pricing-policies.test.ts (10 tests) 8412ms
 ✓ test/08q-charges.test.ts (46 tests) 28333ms
 ✓ test/08r-exceptions-registry.test.ts (15 tests) 8670ms
 ✓ test/08s-messages-reminders.test.ts (23 tests) 39997ms
 ✓ test/08t-rework-races.test.ts (39 tests) 35433ms
 ✓ test/09-money-invariants.test.ts (51 tests) 935ms

 Test Files  29 passed (29)
      Tests  528 passed | 1 todo (529)
   Start at  09:18:26
   Duration  281.30s (transform 1.05s, setup 49ms, collect 3.68s, tests 272.29s, environment 3ms, prepare 993ms)

