Run 8: TEST_DB_NAME=igcse_rwd_test pnpm --filter @repo/api test, local time (Africa/Cairo), on the tree of the review's fixes (committed next)

Files:
 ✓ test/00-harness.test.ts (4 tests) 1852ms
 ✓ test/01-desk.test.ts (8 tests) 1722ms
 ✓ test/02-money.test.ts (4 tests) 1848ms
 ✓ test/03-v3-flows.test.ts (5 tests | 1 skipped) 2164ms
 ✓ test/04-authz-matrix.test.ts (1 test) 5915ms
 ✓ test/05-object-access.test.ts (16 tests) 4391ms
 ✓ test/06-auth-surface.test.ts (19 tests) 3746ms
 ✓ test/07-audit-trail.test.ts (6 tests) 1782ms
 ✓ test/08-money-rules.test.ts (51 tests) 12378ms
 ✓ test/08b-state-and-time.test.ts (23 tests) 11925ms
 ✓ test/08c-audit-in-transaction.test.ts (18 tests) 6584ms
 ✓ test/08d-foundation-grade.test.ts (28 tests) 7990ms
 ✓ test/08e-foundation-eligibility-changes.test.ts (10 tests) 5929ms
 ✓ test/08f-foundation-structure.test.ts (20 tests) 5478ms
 ✓ test/08g-foundation-races.test.ts (14 tests) 9493ms
 ✓ test/08h-catalogue.test.ts (10 tests) 3035ms
 ✓ test/08i-board-series.test.ts (10 tests) 4843ms
 ✓ test/08j-course-enrolment.test.ts (15 tests) 4306ms
 ✓ test/08k-catalogue-races.test.ts (5 tests) 4865ms
 ✓ test/08l-board-change.test.ts (7 tests) 3557ms
 ✓ test/08m-checkout-per-series.test.ts (10 tests) 6140ms
 ✓ test/08n-session-offers.test.ts (38 tests) 23499ms
 ✓ test/08o-reservation-lines.test.ts (23 tests) 26591ms
 ✓ test/08p-pricing-policies.test.ts (10 tests) 22052ms
 ✓ test/08q-charges.test.ts (46 tests) 42341ms
 ✓ test/08r-exceptions-registry.test.ts (15 tests) 9629ms
 ✓ test/08s-messages-reminders.test.ts (30 tests) 51128ms
 ✓ test/08t-rework-races.test.ts (40 tests) 37780ms
 ✓ test/09-money-invariants.test.ts (51 tests) 1133ms

 Test Files  29 passed (29)
      Tests  536 passed | 1 todo (537)
   Start at  13:23:43
   Duration  334.15s (transform 1.17s, setup 74ms, collect 4.29s, tests 324.10s, environment 2ms, prepare 1.07s)

