Run 9: TZ=UTC TEST_DB_NAME=igcse_rwd_test pnpm --filter @repo/api test, on the same tree

Files:
 ✓ test/00-harness.test.ts (4 tests) 1743ms
 ✓ test/01-desk.test.ts (8 tests) 1624ms
 ✓ test/02-money.test.ts (4 tests) 1874ms
 ✓ test/03-v3-flows.test.ts (5 tests | 1 skipped) 2008ms
 ✓ test/04-authz-matrix.test.ts (1 test) 6404ms
 ✓ test/05-object-access.test.ts (16 tests) 4097ms
 ✓ test/06-auth-surface.test.ts (19 tests) 3811ms
 ✓ test/07-audit-trail.test.ts (6 tests) 1778ms
 ✓ test/08-money-rules.test.ts (51 tests) 12356ms
 ✓ test/08b-state-and-time.test.ts (23 tests) 11981ms
 ✓ test/08c-audit-in-transaction.test.ts (18 tests) 7000ms
 ✓ test/08d-foundation-grade.test.ts (28 tests) 8048ms
 ✓ test/08e-foundation-eligibility-changes.test.ts (10 tests) 5978ms
 ✓ test/08f-foundation-structure.test.ts (20 tests) 5428ms
 ✓ test/08g-foundation-races.test.ts (14 tests) 8907ms
 ✓ test/08h-catalogue.test.ts (10 tests) 2482ms
 ✓ test/08i-board-series.test.ts (10 tests) 4437ms
 ✓ test/08j-course-enrolment.test.ts (15 tests) 3889ms
 ✓ test/08k-catalogue-races.test.ts (5 tests) 4461ms
 ✓ test/08l-board-change.test.ts (7 tests) 3518ms
 ✓ test/08m-checkout-per-series.test.ts (10 tests) 6268ms
 ✓ test/08n-session-offers.test.ts (38 tests) 23642ms
 ✓ test/08o-reservation-lines.test.ts (23 tests) 16430ms
 ✓ test/08p-pricing-policies.test.ts (10 tests) 8473ms
 ✓ test/08q-charges.test.ts (46 tests) 28659ms
 ✓ test/08r-exceptions-registry.test.ts (15 tests) 9156ms
 ✓ test/08s-messages-reminders.test.ts (30 tests) 48239ms
 ✓ test/08t-rework-races.test.ts (40 tests) 35805ms
 ✓ test/09-money-invariants.test.ts (51 tests) 1343ms

 Test Files  29 passed (29)
      Tests  536 passed | 1 todo (537)
   Start at  10:29:31
   Duration  289.25s (transform 1.13s, setup 46ms, collect 3.80s, tests 279.84s, environment 3ms, prepare 1.02s)

