# run19-full-local.log: the proof of this run, as vitest reported it (the full log, 41512 lines, 3581100 bytes,
# was the API request log of the suite; kept outside the repo). Per test file, failed tests, failures, summary.

## Test files
 ✓ test/00-harness.test.ts (4 tests) 1531ms
 ✓ test/01-desk.test.ts (8 tests) 1589ms
 ✓ test/02-money.test.ts (4 tests) 1760ms
 ✓ test/03-v3-flows.test.ts (5 tests | 1 skipped) 1995ms
 ✓ test/04-authz-matrix.test.ts (1 test) 5649ms
 ✓ test/05-object-access.test.ts (13 tests) 3988ms
 ✓ test/06-auth-surface.test.ts (19 tests) 3618ms
 ✓ test/07-audit-trail.test.ts (6 tests) 1740ms
 ✓ test/08-money-rules.test.ts (51 tests) 11441ms
 ✓ test/08b-state-and-time.test.ts (23 tests) 11621ms
 ✓ test/08c-audit-in-transaction.test.ts (18 tests) 6313ms
 ✓ test/08d-foundation-grade.test.ts (28 tests) 7478ms
 ✓ test/08e-foundation-eligibility-changes.test.ts (10 tests) 5789ms
 ✓ test/08f-foundation-structure.test.ts (20 tests) 5329ms
 ✓ test/08g-foundation-races.test.ts (14 tests) 8714ms
 ✓ test/08h-catalogue.test.ts (10 tests) 2404ms
 ✓ test/08i-board-series.test.ts (10 tests) 4193ms
 ✓ test/08j-course-enrolment.test.ts (15 tests) 3906ms
 ✓ test/08k-catalogue-races.test.ts (5 tests) 4382ms
 ✓ test/08l-board-change.test.ts (7 tests) 3335ms
 ✓ test/08m-checkout-per-series.test.ts (10 tests) 5800ms
 ✓ test/08n-session-offers.test.ts (15 tests) 10483ms
 ✓ test/08p-pricing-policies.test.ts (6 tests) 6095ms
 ✓ test/08t-rework-races.test.ts (10 tests) 6654ms
 ✓ test/09-money-invariants.test.ts (30 tests) 326ms

## Summary
[clock] database minus host: 4.9 ms (measured within 12 ms)
 Test Files  25 passed (25)
      Tests  341 passed | 1 todo (342)
   Start at  02:05:44
   Duration  133.14s (transform 733ms, setup 45ms, collect 2.51s, tests 126.13s, environment 2ms, prepare 836ms)
