# run17-full-local.log: the proof of this run, as vitest reported it (the full log, 41519 lines, 3582094 bytes,
# was the API request log of the suite; kept outside the repo). Per test file, failed tests, failures, summary.

## Test files
 ✓ test/00-harness.test.ts (4 tests) 1525ms
 ✓ test/01-desk.test.ts (8 tests) 1577ms
 ✓ test/02-money.test.ts (4 tests) 1651ms
 ✓ test/03-v3-flows.test.ts (5 tests | 1 skipped) 1892ms
 ✓ test/04-authz-matrix.test.ts (1 test) 6014ms
 ✓ test/05-object-access.test.ts (13 tests) 3851ms
 ✓ test/06-auth-surface.test.ts (19 tests) 3639ms
 ✓ test/07-audit-trail.test.ts (6 tests) 1656ms
 ✓ test/08-money-rules.test.ts (51 tests) 11048ms
 ✓ test/08b-state-and-time.test.ts (23 tests) 11586ms
 ✓ test/08c-audit-in-transaction.test.ts (18 tests) 6314ms
 ✓ test/08d-foundation-grade.test.ts (28 tests) 7445ms
 ✓ test/08e-foundation-eligibility-changes.test.ts (10 tests) 5519ms
 ✓ test/08f-foundation-structure.test.ts (20 tests) 5236ms
 ✓ test/08g-foundation-races.test.ts (14 tests) 8973ms
 ✓ test/08h-catalogue.test.ts (10 tests) 2539ms
 ✓ test/08i-board-series.test.ts (10 tests) 4187ms
 ✓ test/08j-course-enrolment.test.ts (15 tests) 4031ms
 ✓ test/08k-catalogue-races.test.ts (5 tests) 4522ms
 ✓ test/08l-board-change.test.ts (7 tests) 3104ms
 ✓ test/08m-checkout-per-series.test.ts (10 tests) 5841ms
 ✓ test/08n-session-offers.test.ts (15 tests) 10543ms
 ✓ test/08p-pricing-policies.test.ts (6 tests) 6072ms
 ✓ test/08t-rework-races.test.ts (10 tests) 7173ms
 ✓ test/09-money-invariants.test.ts (30 tests) 326ms

## Summary
[clock] database minus host: -0.8 ms (measured within 3 ms)
 Test Files  25 passed (25)
      Tests  341 passed | 1 todo (342)
   Start at  01:51:14
   Duration  132.83s (transform 679ms, setup 37ms, collect 2.22s, tests 126.26s, environment 2ms, prepare 770ms)
