# run18-full-utc.log: the proof of this run, as vitest reported it (the full log, 41513 lines, 3581685 bytes,
# was the API request log of the suite; kept outside the repo). Per test file, failed tests, failures, summary.

## Test files
 ✓ test/00-harness.test.ts (4 tests) 1520ms
 ✓ test/01-desk.test.ts (8 tests) 1633ms
 ✓ test/02-money.test.ts (4 tests) 1685ms
 ✓ test/03-v3-flows.test.ts (5 tests | 1 skipped) 1933ms
 ✓ test/04-authz-matrix.test.ts (1 test) 5388ms
 ✓ test/05-object-access.test.ts (13 tests) 3863ms
 ✓ test/06-auth-surface.test.ts (19 tests) 3711ms
 ✓ test/07-audit-trail.test.ts (6 tests) 1721ms
 ✓ test/08-money-rules.test.ts (51 tests) 11256ms
 ✓ test/08b-state-and-time.test.ts (23 tests) 11431ms
 ✓ test/08c-audit-in-transaction.test.ts (18 tests) 6191ms
 ✓ test/08d-foundation-grade.test.ts (28 tests) 7647ms
 ✓ test/08e-foundation-eligibility-changes.test.ts (10 tests) 5684ms
 ✓ test/08f-foundation-structure.test.ts (20 tests) 5442ms
 ✓ test/08g-foundation-races.test.ts (14 tests) 9104ms
 ✓ test/08h-catalogue.test.ts (10 tests) 2522ms
 ✓ test/08i-board-series.test.ts (10 tests) 4166ms
 ✓ test/08j-course-enrolment.test.ts (15 tests) 4085ms
 ✓ test/08k-catalogue-races.test.ts (5 tests) 4473ms
 ✓ test/08l-board-change.test.ts (7 tests) 3134ms
 ✓ test/08m-checkout-per-series.test.ts (10 tests) 5913ms
 ✓ test/08n-session-offers.test.ts (15 tests) 10333ms
 ✓ test/08p-pricing-policies.test.ts (6 tests) 6092ms
 ✓ test/08t-rework-races.test.ts (10 tests) 7452ms
 ✓ test/09-money-invariants.test.ts (30 tests) 330ms

## Summary
[clock] database minus host: -0.1 ms (measured within 1 ms)
 Test Files  25 passed (25)
      Tests  341 passed | 1 todo (342)
   Start at  22:53:27
   Duration  133.25s (transform 740ms, setup 37ms, collect 2.20s, tests 126.71s, environment 2ms, prepare 802ms)
