# run22-full-local.log: the proof of this run, as vitest reported it (the full log, 43368 lines, 3792135 bytes,
# was the API request log of the suite; kept outside the repo). Per test file, failed tests, failures, summary.

## Test files
 ✓ test/00-harness.test.ts (4 tests) 1571ms
 ✓ test/01-desk.test.ts (8 tests) 1640ms
 ✓ test/02-money.test.ts (4 tests) 1662ms
 ✓ test/03-v3-flows.test.ts (5 tests | 1 skipped) 1934ms
 ✓ test/04-authz-matrix.test.ts (1 test) 5284ms
 ✓ test/05-object-access.test.ts (13 tests) 3830ms
 ✓ test/06-auth-surface.test.ts (19 tests) 3613ms
 ✓ test/07-audit-trail.test.ts (6 tests) 1631ms
 ✓ test/08-money-rules.test.ts (51 tests) 11156ms
 ✓ test/08b-state-and-time.test.ts (23 tests) 11278ms
 ✓ test/08c-audit-in-transaction.test.ts (18 tests) 6286ms
 ✓ test/08d-foundation-grade.test.ts (28 tests) 7578ms
 ✓ test/08e-foundation-eligibility-changes.test.ts (10 tests) 5693ms
 ✓ test/08f-foundation-structure.test.ts (20 tests) 5457ms
 ✓ test/08g-foundation-races.test.ts (14 tests) 9148ms
 ✓ test/08h-catalogue.test.ts (10 tests) 2588ms
 ✓ test/08i-board-series.test.ts (10 tests) 4156ms
 ✓ test/08j-course-enrolment.test.ts (15 tests) 3991ms
 ✓ test/08k-catalogue-races.test.ts (5 tests) 4628ms
 ✓ test/08l-board-change.test.ts (7 tests) 3037ms
 ✓ test/08m-checkout-per-series.test.ts (10 tests) 5741ms
 ✓ test/08n-session-offers.test.ts (17 tests) 12134ms
 ✓ test/08p-pricing-policies.test.ts (6 tests) 5956ms
 ✓ test/08t-rework-races.test.ts (10 tests) 7163ms
 ✓ test/09-money-invariants.test.ts (30 tests) 320ms

## Summary
[clock] database minus host: -0.7 ms (measured within 2 ms)
 Test Files  25 passed (25)
      Tests  343 passed | 1 todo (344)
   Start at  02:24:39
   Duration  134.07s (transform 692ms, setup 35ms, collect 2.26s, tests 127.48s, environment 2ms, prepare 756ms)
