# run24-full-local.log: the proof of this run, as vitest reported it (the full log, 51641 lines, 4616816 bytes,
# was the API request log of the suite; kept outside the repo). Per test file, failed tests, failures, summary.

## Test files
 ✓ test/00-harness.test.ts (4 tests) 1677ms
 ✓ test/01-desk.test.ts (8 tests) 1594ms
 ✓ test/02-money.test.ts (4 tests) 1651ms
 ✓ test/03-v3-flows.test.ts (5 tests | 1 skipped) 1989ms
 ✓ test/04-authz-matrix.test.ts (1 test) 5226ms
 ✓ test/05-object-access.test.ts (13 tests) 3676ms
 ✓ test/06-auth-surface.test.ts (19 tests) 3639ms
 ✓ test/07-audit-trail.test.ts (6 tests) 1721ms
 ✓ test/08-money-rules.test.ts (51 tests) 10867ms
 ✓ test/08b-state-and-time.test.ts (23 tests) 11333ms
 ✓ test/08c-audit-in-transaction.test.ts (18 tests) 6424ms
 ✓ test/08d-foundation-grade.test.ts (28 tests) 7723ms
 ✓ test/08e-foundation-eligibility-changes.test.ts (10 tests) 5753ms
 ✓ test/08f-foundation-structure.test.ts (20 tests) 5537ms
 ✓ test/08g-foundation-races.test.ts (14 tests) 8373ms
 ✓ test/08h-catalogue.test.ts (10 tests) 2537ms
 ✓ test/08i-board-series.test.ts (10 tests) 4098ms
 ✓ test/08j-course-enrolment.test.ts (15 tests) 3935ms
 ❯ test/08k-catalogue-races.test.ts (5 tests | 1 failed) 4364ms
 ✓ test/08l-board-change.test.ts (7 tests) 3354ms
 ✓ test/08m-checkout-per-series.test.ts (10 tests) 5758ms
 ✓ test/08n-session-offers.test.ts (28 tests) 17825ms
 ✓ test/08p-pricing-policies.test.ts (6 tests) 6106ms
 ✓ test/08t-rework-races.test.ts (10 tests) 6947ms
 ✓ test/09-money-invariants.test.ts (29 tests) 351ms

## Failed tests
   × F0b: races > a registration racing its subject's board change is entered with the new board (review flag 4) 997ms

## Failures
 FAIL  test/08k-catalogue-races.test.ts > F0b: races > a registration racing its subject's board change is entered with the new board (review flag 4)
AssertionError: expected [ { …(3) }, { …(3) } ] to deeply equal [ { …(3) }, { …(3) } ]
- Expected
+ Received
@@ -5,8 +5,8 @@
      "provisional": true,
    },
    {
      "id": "a91b7299-3cd2-4aea-a04e-775b12ec9fb7",
      "price": 1200,
-     "provisional": false,
+     "provisional": true,
    },
  ]
 ❯ test/08k-catalogue-races.test.ts:210:8
    208|     // carried into Pearson's series (the old board's amount, provisio…
    209|     expect(await sql(`select id, price_at_registration::float as price…
    210|       .toEqual([{ id: aReg, price: 1200, provisional: false }, { id: b…
       |        ^
    211|   });
    212| 

## Summary
[clock] database minus host: 0.3 ms (measured within 2 ms)
 Test Files  1 failed | 24 passed (25)
      Tests  1 failed | 352 passed | 1 todo (354)
   Start at  03:57:24
   Duration  139.40s (transform 741ms, setup 38ms, collect 2.44s, tests 132.46s, environment 2ms, prepare 795ms)
