# run26-full-utc.log: the proof of this run, as vitest reported it (the full log, 51610 lines, 4615613 bytes,
# was the API request log of the suite; kept outside the repo). Per test file, failed tests, failures, summary.

## Test files
 ✓ test/00-harness.test.ts (4 tests) 1543ms
 ✓ test/01-desk.test.ts (8 tests) 1646ms
 ✓ test/02-money.test.ts (4 tests) 1645ms
 ✓ test/03-v3-flows.test.ts (5 tests | 1 skipped) 1958ms
 ✓ test/04-authz-matrix.test.ts (1 test) 5094ms
 ✓ test/05-object-access.test.ts (13 tests) 3664ms
 ✓ test/06-auth-surface.test.ts (19 tests) 3634ms
 ✓ test/07-audit-trail.test.ts (6 tests) 1724ms
 ✓ test/08-money-rules.test.ts (51 tests) 11023ms
 ✓ test/08b-state-and-time.test.ts (23 tests) 11223ms
 ✓ test/08c-audit-in-transaction.test.ts (18 tests) 6525ms
 ✓ test/08d-foundation-grade.test.ts (28 tests) 7652ms
 ✓ test/08e-foundation-eligibility-changes.test.ts (10 tests) 6261ms
 ✓ test/08f-foundation-structure.test.ts (20 tests) 5358ms
 ✓ test/08g-foundation-races.test.ts (14 tests) 9054ms
 ✓ test/08h-catalogue.test.ts (10 tests) 2596ms
 ✓ test/08i-board-series.test.ts (10 tests) 4159ms
 ✓ test/08j-course-enrolment.test.ts (15 tests) 3930ms
 ✓ test/08k-catalogue-races.test.ts (5 tests) 4635ms
 ✓ test/08l-board-change.test.ts (7 tests) 3121ms
 ✓ test/08m-checkout-per-series.test.ts (10 tests) 5834ms
 ✓ test/08n-session-offers.test.ts (28 tests) 18085ms
 ✓ test/08p-pricing-policies.test.ts (6 tests) 6246ms
 ✓ test/08t-rework-races.test.ts (10 tests) 7307ms
 ✓ test/09-money-invariants.test.ts (29 tests) 355ms

## Summary
[clock] database minus host: 0.3 ms (measured within 1 ms)
 Test Files  25 passed (25)
      Tests  353 passed | 1 todo (354)
   Start at  01:03:13
   Duration  141.35s (transform 743ms, setup 38ms, collect 2.47s, tests 134.27s, environment 2ms, prepare 835ms)
