# run23-full-utc.log: the proof of this run, as vitest reported it (the full log, 43365 lines, 3791849 bytes,
# was the API request log of the suite; kept outside the repo). Per test file, failed tests, failures, summary.

## Test files
 ✓ test/00-harness.test.ts (4 tests) 1498ms
 ✓ test/01-desk.test.ts (8 tests) 1639ms
 ✓ test/02-money.test.ts (4 tests) 1685ms
 ✓ test/03-v3-flows.test.ts (5 tests | 1 skipped) 1922ms
 ✓ test/04-authz-matrix.test.ts (1 test) 5571ms
 ✓ test/05-object-access.test.ts (13 tests) 3789ms
 ✓ test/06-auth-surface.test.ts (19 tests) 3655ms
 ✓ test/07-audit-trail.test.ts (6 tests) 1726ms
 ✓ test/08-money-rules.test.ts (51 tests) 11237ms
 ✓ test/08b-state-and-time.test.ts (23 tests) 11377ms
 ✓ test/08c-audit-in-transaction.test.ts (18 tests) 6287ms
 ✓ test/08d-foundation-grade.test.ts (28 tests) 7749ms
 ✓ test/08e-foundation-eligibility-changes.test.ts (10 tests) 5708ms
 ✓ test/08f-foundation-structure.test.ts (20 tests) 5376ms
 ✓ test/08g-foundation-races.test.ts (14 tests) 9017ms
 ✓ test/08h-catalogue.test.ts (10 tests) 2563ms
 ✓ test/08i-board-series.test.ts (10 tests) 4192ms
 ✓ test/08j-course-enrolment.test.ts (15 tests) 4011ms
 ✓ test/08k-catalogue-races.test.ts (5 tests) 4652ms
 ✓ test/08l-board-change.test.ts (7 tests) 3232ms
 ✓ test/08m-checkout-per-series.test.ts (10 tests) 5790ms
 ✓ test/08n-session-offers.test.ts (17 tests) 12057ms
 ✓ test/08p-pricing-policies.test.ts (6 tests) 6064ms
 ✓ test/08t-rework-races.test.ts (10 tests) 7179ms
 ✓ test/09-money-invariants.test.ts (30 tests) 319ms

## Summary
[clock] database minus host: -0.4 ms (measured within 1 ms)
 Test Files  25 passed (25)
      Tests  343 passed | 1 todo (344)
   Start at  23:27:06
   Duration  134.91s (transform 702ms, setup 39ms, collect 2.29s, tests 128.29s, environment 2ms, prepare 796ms)
