# run34-full-utc.log: the proof of this run, as vitest reported it (the full log, 60376 lines, 5650199 bytes,
# was the API request log of the suite; kept outside the repo). Per test file, failed tests, failures, summary.

## Test files
 ✓ test/00-harness.test.ts (4 tests) 1431ms
 ✓ test/01-desk.test.ts (8 tests) 1467ms
 ✓ test/02-money.test.ts (4 tests) 1591ms
 ✓ test/03-v3-flows.test.ts (5 tests | 1 skipped) 1829ms
 ✓ test/04-authz-matrix.test.ts (1 test) 4781ms
 ✓ test/05-object-access.test.ts (13 tests) 4180ms
 ✓ test/06-auth-surface.test.ts (19 tests) 3653ms
 ✓ test/07-audit-trail.test.ts (6 tests) 1760ms
 ✓ test/08-money-rules.test.ts (51 tests) 10827ms
 ✓ test/08b-state-and-time.test.ts (23 tests) 10693ms
 ✓ test/08c-audit-in-transaction.test.ts (18 tests) 6080ms
 ✓ test/08d-foundation-grade.test.ts (28 tests) 7442ms
 ✓ test/08e-foundation-eligibility-changes.test.ts (10 tests) 5547ms
 ✓ test/08f-foundation-structure.test.ts (20 tests) 5092ms
 ✓ test/08g-foundation-races.test.ts (14 tests) 8393ms
 ✓ test/08h-catalogue.test.ts (10 tests) 2535ms
 ✓ test/08i-board-series.test.ts (10 tests) 4057ms
 ✓ test/08j-course-enrolment.test.ts (15 tests) 3921ms
 ✓ test/08k-catalogue-races.test.ts (5 tests) 4331ms
 ✓ test/08l-board-change.test.ts (7 tests) 3781ms
 ✓ test/08m-checkout-per-series.test.ts (10 tests) 6149ms
 ✓ test/08n-session-offers.test.ts (37 tests) 21740ms
 ✓ test/08p-pricing-policies.test.ts (7 tests) 7474ms
 ✓ test/08t-rework-races.test.ts (16 tests) 10524ms
 ✓ test/09-money-invariants.test.ts (30 tests) 359ms

## Summary
[clock] database minus host: 0.3 ms (measured within 1 ms)
 Test Files  25 passed (25)
      Tests  370 passed | 1 todo (371)
   Start at  02:44:05
   Duration  146.36s (transform 717ms, setup 40ms, collect 2.38s, tests 139.64s, environment 2ms, prepare 801ms)
utc exit 0
