# run33-full-local.log: the proof of this run, as vitest reported it (the full log, 60375 lines, 5655993 bytes,
# was the API request log of the suite; kept outside the repo). Per test file, failed tests, failures, summary.

## Test files
 ✓ test/00-harness.test.ts (4 tests) 1469ms
 ✓ test/01-desk.test.ts (8 tests) 1608ms
 ✓ test/02-money.test.ts (4 tests) 1654ms
 ✓ test/03-v3-flows.test.ts (5 tests | 1 skipped) 1912ms
 ✓ test/04-authz-matrix.test.ts (1 test) 4436ms
 ✓ test/05-object-access.test.ts (13 tests) 3945ms
 ✓ test/06-auth-surface.test.ts (19 tests) 3656ms
 ✓ test/07-audit-trail.test.ts (6 tests) 1659ms
 ✓ test/08-money-rules.test.ts (51 tests) 11324ms
 ✓ test/08b-state-and-time.test.ts (23 tests) 10829ms
 ✓ test/08c-audit-in-transaction.test.ts (18 tests) 5947ms
 ✓ test/08d-foundation-grade.test.ts (28 tests) 7393ms
 ✓ test/08e-foundation-eligibility-changes.test.ts (10 tests) 5551ms
 ✓ test/08f-foundation-structure.test.ts (20 tests) 5084ms
 ✓ test/08g-foundation-races.test.ts (14 tests) 8381ms
 ✓ test/08h-catalogue.test.ts (10 tests) 2515ms
 ✓ test/08i-board-series.test.ts (10 tests) 4116ms
 ✓ test/08j-course-enrolment.test.ts (15 tests) 3877ms
 ✓ test/08k-catalogue-races.test.ts (5 tests) 4359ms
 ✓ test/08l-board-change.test.ts (7 tests) 3086ms
 ✓ test/08m-checkout-per-series.test.ts (10 tests) 6195ms
 ✓ test/08n-session-offers.test.ts (37 tests) 21802ms
 ✓ test/08p-pricing-policies.test.ts (7 tests) 7339ms
 ✓ test/08t-rework-races.test.ts (16 tests) 10901ms
 ✓ test/09-money-invariants.test.ts (30 tests) 358ms

## Summary
[clock] database minus host: 0.4 ms (measured within 3 ms)
 Test Files  25 passed (25)
      Tests  370 passed | 1 todo (371)
   Start at  05:44:02
   Duration  146.41s (transform 797ms, setup 36ms, collect 2.52s, tests 139.40s, environment 2ms, prepare 820ms)
local exit 0
