# run38-full-utc.log: the proof of this run, as vitest reported it (the full log, 60539 lines, 5638719 bytes,
# was the API request log of the suite; kept outside the repo). Per test file, failed tests, failures, summary.

## Test files
 ✓ test/00-harness.test.ts (4 tests) 1433ms
 ✓ test/01-desk.test.ts (8 tests) 1626ms
 ✓ test/02-money.test.ts (4 tests) 1802ms
 ✓ test/03-v3-flows.test.ts (5 tests | 1 skipped) 2054ms
 ✓ test/04-authz-matrix.test.ts (1 test) 5003ms
 ✓ test/05-object-access.test.ts (13 tests) 3891ms
 ✓ test/06-auth-surface.test.ts (19 tests) 3691ms
 ✓ test/07-audit-trail.test.ts (6 tests) 1698ms
 ✓ test/08-money-rules.test.ts (51 tests) 11512ms
 ✓ test/08b-state-and-time.test.ts (23 tests) 12737ms
 ✓ test/08c-audit-in-transaction.test.ts (18 tests) 6962ms
 ✓ test/08d-foundation-grade.test.ts (28 tests) 7725ms
 ✓ test/08e-foundation-eligibility-changes.test.ts (10 tests) 5690ms
 ✓ test/08f-foundation-structure.test.ts (20 tests) 5345ms
 ✓ test/08g-foundation-races.test.ts (14 tests) 8605ms
 ✓ test/08h-catalogue.test.ts (10 tests) 2549ms
 ✓ test/08i-board-series.test.ts (10 tests) 4171ms
 ✓ test/08j-course-enrolment.test.ts (15 tests) 3887ms
 ✓ test/08k-catalogue-races.test.ts (5 tests) 4463ms
 ✓ test/08l-board-change.test.ts (7 tests) 3506ms
 ✓ test/08m-checkout-per-series.test.ts (10 tests) 5768ms
 ✓ test/08n-session-offers.test.ts (37 tests) 22084ms
 ✓ test/08p-pricing-policies.test.ts (8 tests) 7126ms
 ✓ test/08t-rework-races.test.ts (18 tests) 11672ms
 ✓ test/09-money-invariants.test.ts (30 tests) 354ms

## Summary
[clock] database minus host: -0.0 ms (measured within 1 ms)
 Test Files  25 passed (25)
      Tests  373 passed | 1 todo (374)
   Start at  03:14:22
   Duration  152.39s (transform 728ms, setup 46ms, collect 2.58s, tests 145.35s, environment 4ms, prepare 818ms)
utc exit 0
