# run31-full-local-08f-red.log: the proof of this run, as vitest reported it (the full log, 60162 lines, 5637159 bytes,
# was the API request log of the suite; kept outside the repo). Per test file, failed tests, failures, summary.

## Test files
 ✓ test/00-harness.test.ts (4 tests) 1667ms
 ✓ test/01-desk.test.ts (8 tests) 1627ms
 ✓ test/02-money.test.ts (4 tests) 1747ms
 ✓ test/03-v3-flows.test.ts (5 tests | 1 skipped) 1955ms
 ✓ test/04-authz-matrix.test.ts (1 test) 5649ms
 ✓ test/05-object-access.test.ts (13 tests) 3816ms
 ✓ test/06-auth-surface.test.ts (19 tests) 3720ms
 ✓ test/07-audit-trail.test.ts (6 tests) 1747ms
 ✓ test/08-money-rules.test.ts (51 tests) 11547ms
 ✓ test/08b-state-and-time.test.ts (23 tests) 12633ms
 ✓ test/08c-audit-in-transaction.test.ts (18 tests) 6680ms
 ✓ test/08d-foundation-grade.test.ts (28 tests) 7332ms
 ✓ test/08e-foundation-eligibility-changes.test.ts (10 tests) 6602ms
 ❯ test/08f-foundation-structure.test.ts (20 tests | 1 failed) 5704ms
 ✓ test/08g-foundation-races.test.ts (14 tests) 8967ms
 ✓ test/08h-catalogue.test.ts (10 tests) 2508ms
 ✓ test/08i-board-series.test.ts (10 tests) 4444ms
 ✓ test/08j-course-enrolment.test.ts (15 tests) 4299ms
 ✓ test/08k-catalogue-races.test.ts (5 tests) 4515ms
 ✓ test/08l-board-change.test.ts (7 tests) 3656ms
 ✓ test/08m-checkout-per-series.test.ts (10 tests) 6003ms
 ✓ test/08n-session-offers.test.ts (37 tests) 23437ms
 ✓ test/08p-pricing-policies.test.ts (7 tests) 7129ms
 ✓ test/08t-rework-races.test.ts (16 tests) 10438ms
 ✓ test/09-money-invariants.test.ts (30 tests) 470ms

## Failed tests
   × F0a: settings, uploads, academic structure, sections, teaching > the settings store > every reader sees every key, its default, and whether they may change it 15ms

## Failures
 FAIL  test/08f-foundation-structure.test.ts > F0a: settings, uploads, academic structure, sections, teaching > the settings store > every reader sees every key, its default, and whether they may change it
AssertionError: expected { …(14) } to deeply equal { …(13) }
- Expected
+ Received
@@ -1,9 +1,10 @@
  {
    "calendar.schoolWeekdays": true,
    "catalogue.levelCodeReading": true,
    "eligibility.graduateRetakes": false,
+   "exceptions.boardEntryDeadline": false,
    "payment.graceDays": false,
    "pricing.onePaperCoursePercent": false,
    "pricing.payOnProvisionalFee": false,
    "pricing.retakeTaughtCoursePercent": false,
    "pricing.selfStudyBoardPercent": false,
 ❯ test/08f-foundation-structure.test.ts:56:20
     54|       expect(byKey['calendar.schoolWeekdays']).toMatchObject({ value: …
     55|       const mine = Object.fromEntries((await apiResponse(coordinator.a…
     56|       expect(mine).toEqual({
       |                    ^
     57|         'eligibility.graduateRetakes': false,
     58|         'schoolFee.graduatesExempt': false,

## Summary
[clock] database minus host: -0.2 ms (measured within 2 ms)
 Test Files  1 failed | 24 passed (25)
      Tests  1 failed | 369 passed | 1 todo (371)
   Start at  05:39:11
   Duration  155.95s (transform 872ms, setup 54ms, collect 2.71s, tests 148.29s, environment 2ms, prepare 915ms)
local exit 1
