# run37-full-local.log: the proof of this run, as vitest reported it (the full log, 60267 lines, 5651589 bytes,
# was the API request log of the suite; kept outside the repo). Per test file, failed tests, failures, summary.

## Test files
 ✓ test/00-harness.test.ts (4 tests) 1603ms
 ✓ test/01-desk.test.ts (8 tests) 1642ms
 ✓ test/02-money.test.ts (4 tests) 1683ms
 ✓ test/03-v3-flows.test.ts (5 tests | 1 skipped) 1994ms
 ✓ test/04-authz-matrix.test.ts (1 test) 5195ms
 ✓ test/05-object-access.test.ts (13 tests) 3990ms
 ✓ test/06-auth-surface.test.ts (19 tests) 3652ms
 ✓ test/07-audit-trail.test.ts (6 tests) 1712ms
 ✓ test/08-money-rules.test.ts (51 tests) 11483ms
 ✓ test/08b-state-and-time.test.ts (23 tests) 12999ms
 ✓ test/08c-audit-in-transaction.test.ts (18 tests) 6972ms
 ✓ test/08d-foundation-grade.test.ts (28 tests) 7937ms
 ✓ test/08e-foundation-eligibility-changes.test.ts (10 tests) 5843ms
 ✓ test/08f-foundation-structure.test.ts (20 tests) 5377ms
 ✓ test/08g-foundation-races.test.ts (14 tests) 8671ms
 ✓ test/08h-catalogue.test.ts (10 tests) 2601ms
 ✓ test/08i-board-series.test.ts (10 tests) 4191ms
 ✓ test/08j-course-enrolment.test.ts (15 tests) 3955ms
 ✓ test/08k-catalogue-races.test.ts (5 tests) 4453ms
 ✓ test/08l-board-change.test.ts (7 tests) 3506ms
 ✓ test/08m-checkout-per-series.test.ts (10 tests) 5729ms
 ✓ test/08n-session-offers.test.ts (37 tests) 22159ms
 ✓ test/08p-pricing-policies.test.ts (8 tests) 7293ms
 ✓ test/08t-rework-races.test.ts (18 tests) 11741ms
 ✓ test/09-money-invariants.test.ts (30 tests) 364ms

## Summary
[clock] database minus host: 0.1 ms (measured within 1 ms)
 Test Files  25 passed (25)
      Tests  373 passed | 1 todo (374)
   Start at  06:14:20
   Duration  153.68s (transform 776ms, setup 39ms, collect 2.45s, tests 146.75s, environment 2ms, prepare 828ms)
local exit 0
