# run48-full-utc.log: the proof of this run, as vitest reported it (the full log, 77156 lines, 7207037 bytes,
# was the API request log of the suite; kept outside the repo). Per test file, failed tests, failures, summary.

## Test files
 ✓ test/00-harness.test.ts (4 tests) 1694ms
 ✓ test/01-desk.test.ts (8 tests) 1612ms
 ✓ test/02-money.test.ts (4 tests) 1746ms
 ✓ test/03-v3-flows.test.ts (5 tests | 1 skipped) 2094ms
 ✓ test/04-authz-matrix.test.ts (1 test) 5502ms
 ✓ test/05-object-access.test.ts (14 tests) 3953ms
 ✓ test/06-auth-surface.test.ts (19 tests) 3691ms
 ✓ test/07-audit-trail.test.ts (6 tests) 1720ms
 ✓ test/08-money-rules.test.ts (51 tests) 12256ms
 ✓ test/08b-state-and-time.test.ts (23 tests) 11922ms
 ✓ test/08c-audit-in-transaction.test.ts (18 tests) 6559ms
 ✓ test/08d-foundation-grade.test.ts (28 tests) 7850ms
 ✓ test/08e-foundation-eligibility-changes.test.ts (10 tests) 6278ms
 ✓ test/08f-foundation-structure.test.ts (20 tests) 5299ms
 ✓ test/08g-foundation-races.test.ts (14 tests) 8949ms
 ✓ test/08h-catalogue.test.ts (10 tests) 2531ms
 ✓ test/08i-board-series.test.ts (10 tests) 4444ms
 ✓ test/08j-course-enrolment.test.ts (15 tests) 4040ms
 ✓ test/08k-catalogue-races.test.ts (5 tests) 4524ms
 ✓ test/08l-board-change.test.ts (7 tests) 3545ms
 ✓ test/08m-checkout-per-series.test.ts (10 tests) 6075ms
 ✓ test/08n-session-offers.test.ts (38 tests) 23151ms
 ✓ test/08o-reservation-lines.test.ts (23 tests) 16315ms
 ✓ test/08p-pricing-policies.test.ts (10 tests) 8201ms
 ✓ test/08t-rework-races.test.ts (31 tests) 21008ms
 ✓ test/09-money-invariants.test.ts (33 tests) 466ms

## Summary
[clock] database minus host: -0.2 ms (measured within 2 ms)
 Test Files  26 passed (26)
      Tests  416 passed | 1 todo (417)
   Start at  05:39:41
   Duration  182.79s (transform 829ms, setup 42ms, collect 2.62s, tests 175.43s, environment 2ms, prepare 870ms)
utc exit 0
