# run45-full-utc.log: the proof of this run, as vitest reported it (the full log, 61901 lines, 5834477 bytes,
# was the API request log of the suite; kept outside the repo). Per test file, failed tests, failures, summary.

## Test files
 ✓ test/00-harness.test.ts (4 tests) 1709ms
 ✓ test/01-desk.test.ts (8 tests) 1707ms
 ✓ test/02-money.test.ts (4 tests) 1777ms
 ✓ test/03-v3-flows.test.ts (5 tests | 1 skipped) 2121ms
 ✓ test/04-authz-matrix.test.ts (1 test) 5433ms
 ✓ test/05-object-access.test.ts (13 tests) 4227ms
 ✓ test/06-auth-surface.test.ts (19 tests) 3639ms
 ✓ test/07-audit-trail.test.ts (6 tests) 1742ms
 ✓ test/08-money-rules.test.ts (51 tests) 12151ms
 ✓ test/08b-state-and-time.test.ts (23 tests) 12370ms
 ✓ test/08c-audit-in-transaction.test.ts (18 tests) 6804ms
 ✓ test/08d-foundation-grade.test.ts (28 tests) 8078ms
 ✓ test/08e-foundation-eligibility-changes.test.ts (10 tests) 5972ms
 ✓ test/08f-foundation-structure.test.ts (20 tests) 5490ms
 ✓ test/08g-foundation-races.test.ts (14 tests) 9165ms
 ✓ test/08h-catalogue.test.ts (10 tests) 2680ms
 ✓ test/08i-board-series.test.ts (10 tests) 4465ms
 ✓ test/08j-course-enrolment.test.ts (15 tests) 4134ms
 ✓ test/08k-catalogue-races.test.ts (5 tests) 4765ms
 ✓ test/08l-board-change.test.ts (7 tests) 4127ms
 ✓ test/08m-checkout-per-series.test.ts (10 tests) 6144ms
 ✓ test/08n-session-offers.test.ts (38 tests) 23794ms
 ✓ test/08p-pricing-policies.test.ts (10 tests) 8502ms
 ✓ test/08t-rework-races.test.ts (19 tests) 12406ms
 ✓ test/09-money-invariants.test.ts (30 tests) 443ms

## Summary
[clock] database minus host: -0.1 ms (measured within 3 ms)
 Test Files  25 passed (25)
      Tests  377 passed | 1 todo (378)
   Start at  04:13:13
   Duration  161.20s (transform 829ms, setup 41ms, collect 2.55s, tests 153.84s, environment 2ms, prepare 870ms)
utc exit 0
