# run43-full-utc.log: the proof of this run, as vitest reported it (the full log, 61899 lines, 5834062 bytes,
# was the API request log of the suite; kept outside the repo). Per test file, failed tests, failures, summary.

## Test files
 ✓ test/00-harness.test.ts (4 tests) 1424ms
 ✓ test/01-desk.test.ts (8 tests) 1574ms
 ✓ test/02-money.test.ts (4 tests) 1725ms
 ✓ test/03-v3-flows.test.ts (5 tests | 1 skipped) 1952ms
 ✓ test/04-authz-matrix.test.ts (1 test) 5100ms
 ✓ test/05-object-access.test.ts (13 tests) 3811ms
 ✓ test/06-auth-surface.test.ts (19 tests) 3624ms
 ✓ test/07-audit-trail.test.ts (6 tests) 1694ms
 ✓ test/08-money-rules.test.ts (51 tests) 11327ms
 ✓ test/08b-state-and-time.test.ts (23 tests) 11756ms
 ✓ test/08c-audit-in-transaction.test.ts (18 tests) 6614ms
 ✓ test/08d-foundation-grade.test.ts (28 tests) 7956ms
 ✓ test/08e-foundation-eligibility-changes.test.ts (10 tests) 5619ms
 ✓ test/08f-foundation-structure.test.ts (20 tests) 5273ms
 ✓ test/08g-foundation-races.test.ts (14 tests) 8575ms
 ✓ test/08h-catalogue.test.ts (10 tests) 2619ms
 ✓ test/08i-board-series.test.ts (10 tests) 4127ms
 ✓ test/08j-course-enrolment.test.ts (15 tests) 3960ms
 ✓ test/08k-catalogue-races.test.ts (5 tests) 4349ms
 ✓ test/08l-board-change.test.ts (7 tests) 3656ms
 ✓ test/08m-checkout-per-series.test.ts (10 tests) 5881ms
 ✓ test/08n-session-offers.test.ts (38 tests) 22647ms
 ✓ test/08p-pricing-policies.test.ts (10 tests) 8069ms
 ✓ test/08t-rework-races.test.ts (19 tests) 12251ms
 ✓ test/09-money-invariants.test.ts (30 tests) 371ms

## Summary
[clock] database minus host: -0.7 ms (measured within 1 ms)
 Test Files  25 passed (25)
      Tests  377 passed | 1 todo (378)
   Start at  03:52:38
   Duration  152.86s (transform 741ms, setup 42ms, collect 2.49s, tests 145.95s, environment 2ms, prepare 799ms)
utc exit 0
