shot 01-new-session-copy-summary
MODAL:
New session

Copied; some subjects need a look

Closed, no course fee (open them once it is set): Demo Geography

Self-study only at a course fee of 0, priced at the board fee alone: Demo Astronomy, Demo Cosmology

Type
June
Winter (November – January)
November of
It will be called November 2027 – January 2028. Refunds: 100% to week 2 · 50% in weeks 3–6 · 0% from week 7
Reserve from
Reserve to
Course starts
Payment due
Copy from
Start empty
November 2027 – January 2028
November 2026 – January 2027
November 2026 – January 2027 — November IGCSE

Subjects, teachers, what can be entered and course fees come across; board fees come across provisional until the board publishes.

A session whose reserving starts now or earlier opens at once; otherwise it opens on its start date. Families may preregister for a session that has not opened.

Cancel
Open the session
opened /admin/sessions/b93b87eb-5507-4d34-a7ae-a9bbee92f3d6
shot 02-new-session-subjects
ERRORS: none
