shot 01-new-session-copy-summary
MODAL:
جلسة جديدة

نُسخت؛ وبعض المواد تحتاج إلى نظرة

مغلقة، بلا رسوم تدريس (افتحها حين تُحدَّد): Demo Geography

دراسة ذاتية فقط برسوم تدريس 0، تُسعَّر برسوم المجلس وحدها: Demo Astronomy, Demo Cosmology

النوع
يونيو
الشتاء (نوفمبر – يناير)
نوفمبر عام
سيكون اسمها نوفمبر 2028 – يناير 2029. الاسترداد: 100% حتى الأسبوع 2 · 50% في الأسابيع 3–6 · 0% من الأسبوع 7
الحجز من
الحجز حتى
بداية الدراسة
موعد السداد
نسخ من
البدء فارغة
نوفمبر 2028 – يناير 2029
نوفمبر 2027 – يناير 2028
نوفمبر 2026 – يناير 2027
نوفمبر 2026 – يناير 2027 — November IGCSE

تُنسخ المواد والمعلمون وما يمكن قيده ورسوم التدريس؛ وتُنسخ رسوم المجلس مؤقتة حتى ينشرها المجلس.

الجلسة التي يبدأ حجزها الآن أو قبله تُفتح فورًا؛ وإلا تُفتح في تاريخ بدايتها. ويمكن للأسر التسجيل المسبق في جلسة لم تُفتح بعد.

إلغاء
افتح الجلسة
opened /admin/sessions/71984b55-6bc9-4c5c-9d78-afc562d55e81
shot 02-new-session-subjects
ERRORS: 
pageerror: Hydration failed because the server rendered text didn't match the client. As a result this tree will be regenerated on the client. This can happen if a SSR-ed 
pageerror: Hydration failed because the server rendered text didn't match the client. As a result this tree will be regenerated on the client. This can happen if a SSR-ed 
pageerror: Hydration failed because the server rendered text didn't match the client. As a result this tree will be regenerated on the client. This can happen if a SSR-ed 
pageerror: Hydration failed because the server rendered text didn't match the client. As a result this tree will be regenerated on the client. This can happen if a SSR-ed 
