Control remind-retry: the dialog's "skip a part that went" undone; drive-d4.mjs (en, the second POST dropped once); started 2026-10-08T12:22:58Z; restored after the run

Before:
== igcse_rwd_dev
    name    | reminders 
------------+-----------
 Parent D10 |         6
 Parent D5  |         6
 Parent D7  |         6
 Parent D9  |         6
(4 rows)


Drive:
en BEFORE: button "Remind 4 families"
en PARTIAL:
Failed to fetch
Already sent to 2 people. Sending again sends only the rest.
en ticks disabled: true
en DONE:
Sent to 8 people. The deliveries are in Messages.
en POSTS: [{"part":"overdue","outcome":"201"},{"part":"due","outcome":"dropped"},{"part":"overdue","outcome":"201"},{"part":"due","outcome":"201"}]
en delivered POSTs per part: overdue 2, due 1; dropped due
ERRORS: none


After:
== igcse_rwd_dev
    name    | reminders 
------------+-----------
 Parent D10 |         7
 Parent D5  |         7
 Parent D7  |         8
 Parent D9  |         7
(4 rows)


Restored: True
