# C19: a retake not read from the line's attempt
# undone in: apps/api/src/services/exam-entry.services.ts
# ran: test/08x4-exam-entries-rework.test.ts
# expected red: ["a retake comes from the line's attempt"]
# result: RED as expected

 ❯ test/08x4-exam-entries-rework.test.ts (41 tests | 7 failed) 25888ms
   × F4 on the reservations rework > what a line's item enters (lineItemsFor) > a retake comes from the line's attempt; a rejected declaration is entered as a first entry 269ms
     → expected [ [ 'XW97', false, null, …(1) ] ] to deeply equal [ [ 'XW97', true, …(2) ] ]
   × F4 on the reservations rework > an entry follows its line's answer given after it was made (the review of 093dbd1, item 2) > a retake rejected after its entry was sent: the entry still says retake, and the check asks the coordinator to amend it 25ms
     → expected [ false, null ] to deeply equal [ true, 'registration' ]
   × F4 on the reservations rework > an entry follows its line's answer given after it was made (the review of 093dbd1, item 2) > a retake rejected after its draft was made: the next derivation brings the draft up to date as a first entry, audited 15ms
     → expected false to be true // Object.is equality
   × F4 on the reservations rework > an entry follows its line's answer given after it was made (the review of 093dbd1, item 2) > a retake verified after derivation: nothing changes and nothing is flagged 62ms
     → expected [ 'missing_candidate_number', …(6) ] to not include 'retake_differs_from_line'
   × F4 on the reservations rework > a sitting the school's results show: verified at declaration, only by a real grade, the importer answering (the review of 093dbd1, items 3, 7, 9) > a retake declared after its sitting is on record is verified at once, by the importer; a sitting graded absent waits for the coordinator 169ms
     → expected [ Array(1) ] to deeply equal [ [ 'XWWMA11', true, …(2) ] ]
   × F4 on the reservations rework > each line cut off at its own deadline; the desk's drop past it withdraws the entries > past the entry deadline a retake of the board's previous sitting is still entered and sent, until the retake deadline; a first entry is not sent 44ms
     → expected { …(16) } to match object { is_retake: true, …(1) }
   × F4 on the reservations rework > each line cut off at its own deadline; the desk's drop past it withdraws the entries > a declared retake rejected past the first-entry deadline is dropped: its sent entry withdrawn with it, the board fee kept (the review of 093dbd1, item 1) 10ms
     → expected { …(10) } to match object { boardSent: true, boardPart: +0 }
 Test Files  1 failed (1)
      Tests  7 failed | 34 passed (41)
 ERR_PNPM_RECURSIVE_EXEC_FIRST_FAIL  Command failed with exit code 1: vitest run test/08x4-exam-entries-rework.test.ts
[results] Could not verify the declared sitting of line 6413f8e7-2120-4519-ac43-fc0e5c25dfd6: DrizzleQueryError: Failed query: insert into "audit_log" ("id", "user_id", "action", "entity_type", "entity_id", "previous_data", "new_data", "ip_address", "user_agent", "created_at") values ($1, $2, $3, $4, $5, $6, $7, $8, $9, default)
⎯⎯⎯⎯⎯⎯⎯ Failed Tests 7 ⎯⎯⎯⎯⎯⎯⎯

 FAIL  test/08x4-exam-entries-rework.test.ts > F4 on the reservations rework > what a line's item enters (lineItemsFor) > a retake comes from the line's attempt; a rejected declaration is entered as a first entry
AssertionError: expected [ [ 'XW97', false, null, …(1) ] ] to deeply equal [ [ 'XW97', true, …(2) ] ]

[32m- Expected[39m
[31m+ Received[39m

[2m  [[22m
[2m    [[22m
[2m      "XW97",[22m
[32m-     true,[39m
[32m-     "registration",[39m
[31m+     false,[39m
[31m+     null,[39m
[2m      "c362faf2-a2ab-446b-8c41-f0fec6fd4ffb",[22m
[2m    ],[22m
[2m  ][22m

 ❯ test/08x4-exam-entries-rework.test.ts:179:10
    177|       await derive(w.series.cambridgeNov, fam.rj!.studentId);
    178|       expect((await entriesOf(w.series.cambridgeNov, fam.rt!.studentId…
    179|         .toEqual([[`${T}97`, true, 'registration', rt]]);
       |          ^
    180|       expect((await entriesOf(w.series.cambridgeNov, fam.rj!.studentId…
    181|         .toEqual([[`${T}97`, false, null, rj]]);

⎯⎯⎯⎯⎯⎯⎯⎯⎯⎯⎯⎯⎯⎯⎯⎯⎯⎯⎯⎯⎯⎯⎯⎯[1/7]⎯

 FAIL  test/08x4-exam-entries-rework.test.ts > F4 on the reservations rework > an entry follows its line's answer given after it was made (the review of 093dbd1, item 2) > a retake rejected after its entry was sent: the entry still says retake, and the check asks the coordinator to amend it
AssertionError: expected [ false, null ] to deeply equal [ true, 'registration' ]

[32m- Expected[39m
[31m+ Received[39m

[2m  [[22m
[32m-   true,[39m
[32m-   "registration",[39m
[31m+   false,[39m
[31m+   null,[39m
[2m  ][22m

 ❯ test/08x4-exam-entries-rework.test.ts:643:46
    641|       await derive(nov(), af.ra!.studentId);
    642|       const e = await only('ra');
    643|       expect([e.is_retake, e.retake_source]).toEqual([true, 'registrat…
       |                                              ^
    644|       await send(e.id);
    645|       expect(await verify(al.ra!, { outcome: 'rejected', reason: 'no s…

⎯⎯⎯⎯⎯⎯⎯⎯⎯⎯⎯⎯⎯⎯⎯⎯⎯⎯⎯⎯⎯⎯⎯⎯[2/7]⎯

 FAIL  test/08x4-exam-entries-rework.test.ts > F4 on the reservations rework > an entry follows its line's answer given after it was made (the review of 093dbd1, item 2) > a retake rejected after its draft was made: the next derivation brings the draft up to date as a first entry, audited
AssertionError: expected false to be true // Object.is equality

[32m- Expected[39m
[31m+ Received[39m

[32m- true[39m
[31m+ false[39m

 ❯ test/08x4-exam-entries-rework.test.ts:657:27
    655|       await derive(nov(), af.rb!.studentId);
    656|       const e = await only('rb');
    657|       expect(e.is_retake).toBe(true);
       |                           ^
    658|       await verify(al.rb!, { outcome: 'rejected', reason: 'no such sit…
    659|       expect((await rowOf(e.id)).problems).toContain('retake_differs_f…

⎯⎯⎯⎯⎯⎯⎯⎯⎯⎯⎯⎯⎯⎯⎯⎯⎯⎯⎯⎯⎯⎯⎯⎯[3/7]⎯

 FAIL  test/08x4-exam-entries-rework.test.ts > F4 on the reservations rework > an entry follows its line's answer given after it was made (the review of 093dbd1, item 2) > a retake verified after derivation: nothing changes and nothing is flagged
AssertionError: expected [ 'missing_candidate_number', …(6) ] to not include 'retake_differs_from_line'
 ❯ test/08x4-exam-entries-rework.test.ts:679:48
    677|       const e = await only('rc');
    678|       await verify(al.rc!, { outcome: 'verified', reason: 'the board s…
    679|       expect((await rowOf(e.id)).problems).not.toContain('retake_diffe…
       |                                                ^
    680|       expect(await derive(nov(), af.rc!.studentId)).toMatchObject({ cr…
    681|       expect((await only('rc')).is_retake).toBe(true);

⎯⎯⎯⎯⎯⎯⎯⎯⎯⎯⎯⎯⎯⎯⎯⎯⎯⎯⎯⎯⎯⎯⎯⎯[4/7]⎯

 FAIL  test/08x4-exam-entries-rework.test.ts > F4 on the reservations rework > a sitting the school's results show: verified at declaration, only by a real grade, the importer answering (the review of 093dbd1, items 3, 7, 9) > a retake declared after its sitting is on record is verified at once, by the importer; a sitting graded absent waits for the coordinator
AssertionError: expected [ Array(1) ] to deeply equal [ [ 'XWWMA11', true, …(2) ] ]

[32m- Expected[39m
[31m+ Received[39m

[2m  [[22m
[2m    [[22m
[2m      "XWWMA11",[22m
[2m      true,[22m
[32m-     "registration",[39m
[31m+     "history",[39m
[2m      "424a665d-1e82-478d-963b-39eb08dafc01",[22m
[2m    ],[22m
[2m  ][22m

 ❯ test/08x4-exam-entries-rework.test.ts:796:10
    794|       await derive(w.series.pearsonJan, kf.kr!.studentId);
    795|       expect((await entriesOf(w.series.pearsonJan, kf.kr!.studentId)).…
    796|         .toEqual([[`${T}WMA11`, true, 'registration', kr]]);
       |          ^
    797|     });
    798| 

⎯⎯⎯⎯⎯⎯⎯⎯⎯⎯⎯⎯⎯⎯⎯⎯⎯⎯⎯⎯⎯⎯⎯⎯[5/7]⎯

 FAIL  test/08x4-exam-entries-rework.test.ts > F4 on the reservations rework > each line cut off at its own deadline; the desk's drop past it withdraws the entries > past the entry deadline a retake of the board's previous sitting is still entered and sent, until the retake deadline; a first entry is not sent
AssertionError: expected { …(16) } to match object { is_retake: true, …(1) }
(14 matching properties omitted from actual)

[32m- Expected[39m
[31m+ Received[39m

[2m  {[22m
[32m-   "is_retake": true,[39m
[32m-   "retake_source": "registration",[39m
[31m+   "is_retake": false,[39m
[31m+   "retake_source": null,[39m
[2m  }[22m

 ❯ test/08x4-exam-entries-rework.test.ts:873:18
    871|       expect(await entriesOf(juneSeries, jf.j4!.studentId)).toEqual([]…
    872|       const [e2] = await entriesOf(juneSeries, jf.j2!.studentId);
    873|       expect(e2).toMatchObject({ is_retake: true, retake_source: 'regi…
       |                  ^
    874|       const deadline = new Date((await one<{ d: string }>(`select entr…
    875|       expect(new Date(e2!.created_at).getTime()).toBeGreaterThan(deadl…

⎯⎯⎯⎯⎯⎯⎯⎯⎯⎯⎯⎯⎯⎯⎯⎯⎯⎯⎯⎯⎯⎯⎯⎯[6/7]⎯

 FAIL  test/08x4-exam-entries-rework.test.ts > F4 on the reservations rework > each line cut off at its own deadline; the desk's drop past it withdraws the entries > a declared retake rejected past the first-entry deadline is dropped: its sent entry withdrawn with it, the board fee kept (the review of 093dbd1, item 1)
AssertionError: expected { …(10) } to match object { boardSent: true, boardPart: +0 }
(8 matching properties omitted from actual)

[32m- Expected[39m
[31m+ Received[39m

[2m  {[22m
[32m-   "boardPart": 0,[39m
[32m-   "boardSent": true,[39m
[31m+   "boardPart": 500,[39m
[31m+   "boardSent": false,[39m
[2m  }[22m

 ❯ test/08x4-exam-entries-rework.test.ts:901:22
    899|     it("a declared retake rejected past the first-entry deadline is dr…
    900|       const before = await refundPreview(jf.j2!, j2);
    901|       expect(before).toMatchObject({ boardSent: true, boardPart: 0 });
       |                      ^
    902|       const r = await apiResponse(coord.api.v1.registrations[':id']['v…
    903|       expect(r).toMatchObject({ outcome: 'rejected', effect: 'dropped'…

⎯⎯⎯⎯⎯⎯⎯⎯⎯⎯⎯⎯⎯⎯⎯⎯⎯⎯⎯⎯⎯⎯⎯⎯[7/7]⎯

