# C19b: a rejected declaration not read as a first entry
# undone in: apps/api/src/services/line.services.ts
# ran: test/08x4-exam-entries-rework.test.ts
# expected red: ["a retake comes from the line's attempt"]
# result: RED as expected

 ❯ test/08x4-exam-entries-rework.test.ts (56 tests | 3 failed) 27391ms
   × F4 on the reservations rework > what a line's item enters (lineItemsFor) > a retake comes from the line's attempt; a rejected declaration is entered as a first entry 122ms
     → expected [ [ 'XW97', true, …(2) ] ] to deeply equal [ [ 'XW97', false, null, …(1) ] ]
   × F4 on the reservations rework > an entry follows its line's answer given after it was made (the review of 093dbd1, item 2) > a retake rejected after its entry was sent: the entry still says retake, and the check asks the coordinator to amend it 82ms
     → expected [ 'missing_candidate_number', …(5) ] to include 'retake_differs_from_line'
   × F4 on the reservations rework > an entry follows its line's answer given after it was made (the review of 093dbd1, item 2) > a retake rejected after its draft was made: the next derivation brings the draft up to date as a first entry, audited 56ms
     → expected [ 'missing_candidate_number', …(5) ] to include 'retake_differs_from_line'
 Test Files  1 failed (1)
      Tests  3 failed | 53 passed (56)
 ERR_PNPM_RECURSIVE_EXEC_FIRST_FAIL  Command failed with exit code 1: vitest run test/08x4-exam-entries-rework.test.ts
[results] Could not verify the declared sitting of line dba0cff4-5ff8-41d7-ac1a-138a17e95f23: DrizzleQueryError: Failed query: insert into "audit_log" ("id", "user_id", "action", "entity_type", "entity_id", "previous_data", "new_data", "ip_address", "user_agent", "created_at") values ($1, $2, $3, $4, $5, $6, $7, $8, $9, default)
⎯⎯⎯⎯⎯⎯⎯ Failed Tests 3 ⎯⎯⎯⎯⎯⎯⎯

 FAIL  test/08x4-exam-entries-rework.test.ts > F4 on the reservations rework > what a line's item enters (lineItemsFor) > a retake comes from the line's attempt; a rejected declaration is entered as a first entry
AssertionError: expected [ [ 'XW97', true, …(2) ] ] to deeply equal [ [ 'XW97', false, null, …(1) ] ]

[32m- Expected[39m
[31m+ Received[39m

[2m  [[22m
[2m    [[22m
[2m      "XW97",[22m
[32m-     false,[39m
[32m-     null,[39m
[31m+     true,[39m
[31m+     "registration",[39m
[2m      "cd8bea4b-1ef2-47a6-9684-7aa687403616",[22m
[2m    ],[22m
[2m  ][22m

 ❯ test/08x4-exam-entries-rework.test.ts:181:10
    179|         .toEqual([[`${T}97`, true, 'registration', rt]]);
    180|       expect((await entriesOf(w.series.cambridgeNov, fam.rj!.studentId…
    181|         .toEqual([[`${T}97`, false, null, rj]]);
       |          ^
    182|       const list = await entryList(w.series.cambridgeNov);
    183|       expect(list.rows.find((r) => r.studentId === fam.rt!.studentId)!…

⎯⎯⎯⎯⎯⎯⎯⎯⎯⎯⎯⎯⎯⎯⎯⎯⎯⎯⎯⎯⎯⎯⎯⎯[1/3]⎯

 FAIL  test/08x4-exam-entries-rework.test.ts > F4 on the reservations rework > an entry follows its line's answer given after it was made (the review of 093dbd1, item 2) > a retake rejected after its entry was sent: the entry still says retake, and the check asks the coordinator to amend it
AssertionError: expected [ 'missing_candidate_number', …(5) ] to include 'retake_differs_from_line'
 ❯ test/08x4-exam-entries-rework.test.ts:672:28
    670|       const row = await rowOf(e.id);
    671|       expect(row.values).toMatchObject({ retake: 'Y' });
    672|       expect(row.problems).toContain('retake_differs_from_line');
       |                            ^
    673|       // A derivation leaves a sent entry alone: the coordinator amend…
    674|       expect(await derive(nov(), af.ra!.studentId)).toMatchObject({ cr…

⎯⎯⎯⎯⎯⎯⎯⎯⎯⎯⎯⎯⎯⎯⎯⎯⎯⎯⎯⎯⎯⎯⎯⎯[2/3]⎯

 FAIL  test/08x4-exam-entries-rework.test.ts > F4 on the reservations rework > an entry follows its line's answer given after it was made (the review of 093dbd1, item 2) > a retake rejected after its draft was made: the next derivation brings the draft up to date as a first entry, audited
AssertionError: expected [ 'missing_candidate_number', …(5) ] to include 'retake_differs_from_line'
 ❯ test/08x4-exam-entries-rework.test.ts:683:44
    681|       expect(e.is_retake).toBe(true);
    682|       await verify(al.rb!, { outcome: 'rejected', reason: 'no such sit…
    683|       expect((await rowOf(e.id)).problems).toContain('retake_differs_f…
       |                                            ^
    684|       const preview = await derive(nov(), af.rb!.studentId, false);
    685|       expect(preview.summary).toMatchObject({ newEntries: 0, updates: …

⎯⎯⎯⎯⎯⎯⎯⎯⎯⎯⎯⎯⎯⎯⎯⎯⎯⎯⎯⎯⎯⎯⎯⎯[3/3]⎯

