# C23: refundFor's seam entrySentAt not wired to F4's mark as sent
# undone in: apps/api/src/services/refund.services.ts
# ran: test/08x4-exam-entries-rework.test.ts
# expected red: ['a two-unit line with one unit sent']
# result: RED as expected

 ❯ test/08x4-exam-entries-rework.test.ts (18 tests | 2 failed) 10047ms
   × F4 on the reservations rework > "mark as sent" is what makes a line's board fee sent for its refund (step C's refundFor) > a two-unit line with one unit sent: the board fee stays, the course part by the policy; the preview names what was sent and when 28ms
     → expected { …(10) } to match object { percentage: 50, …(4) }
   × F4 on the reservations rework > each line cut off at its own deadline; the desk's drop past it withdraws the entries > the desk drops a paid line past its deadline: its entries are withdrawn with it, the board fee kept (sent), the notice naming what was sent 25ms
     → expected 'The board fee stays with the board: t…' to be 'The board fee stays with the board: t…' // Object.is equality
 Test Files  1 failed (1)
      Tests  2 failed | 16 passed (18)
 ERR_PNPM_RECURSIVE_EXEC_FIRST_FAIL  Command failed with exit code 1: vitest run test/08x4-exam-entries-rework.test.ts
⎯⎯⎯⎯⎯⎯⎯ Failed Tests 2 ⎯⎯⎯⎯⎯⎯⎯

 FAIL  test/08x4-exam-entries-rework.test.ts > F4 on the reservations rework > "mark as sent" is what makes a line's board fee sent for its refund (step C's refundFor) > a two-unit line with one unit sent: the board fee stays, the course part by the policy; the preview names what was sent and when
AssertionError: expected { …(10) } to match object { percentage: 50, …(4) }
(5 matching properties omitted from actual)

[32m- Expected[39m
[31m+ Received[39m

[2m  {[22m
[32m-   "amount": 500,[39m
[32m-   "boardPart": 0,[39m
[32m-   "boardSent": true,[39m
[31m+   "amount": 1500,[39m
[31m+   "boardPart": 1000,[39m
[31m+   "boardSent": false,[39m
[2m    "coursePart": 500,[22m
[2m    "percentage": 50,[22m
[2m  }[22m

 ❯ test/08x4-exam-entries-rework.test.ts:394:21
    392|       const sentAt = new Date((await one<{ at: string }>(`select submi…
    393|       const after = await preview(fam.r1!, lines.r1!);
    394|       expect(after).toMatchObject({ percentage: 50, coursePart: 500, b…
       |                     ^
    395|       expect(after.sentEntries.map((e) => e.entryCode)).toEqual([`${T}…
    396|       expect(after.boardNote).toBe(`The board fee stays with the board…

⎯⎯⎯⎯⎯⎯⎯⎯⎯⎯⎯⎯⎯⎯⎯⎯⎯⎯⎯⎯⎯⎯⎯⎯[1/2]⎯

 FAIL  test/08x4-exam-entries-rework.test.ts > F4 on the reservations rework > each line cut off at its own deadline; the desk's drop past it withdraws the entries > the desk drops a paid line past its deadline: its entries are withdrawn with it, the board fee kept (sent), the notice naming what was sent
AssertionError: expected 'The board fee stays with the board: t…' to be 'The board fee stays with the board: t…' // Object.is equality

Expected: [32m"The board fee stays with the board: the [7mschool sent XW97 Biology XW on [27m8 October 2026."[39m
Received: [31m"The board fee stays with the board: the [7mentry deadline ([27m8 October 2026[7m) has passed[27m."[39m

 ❯ test/08x4-exam-entries-rework.test.ts:473:30
    471|       const [sentAt] = await sql<{ at: string }>(`select submitted_at …
    472|       expect(done).toMatchObject({ boardSent: true, refundBoardPart: 0…
    473|       expect(done.boardNote).toBe(`The board fee stays with the board:…
       |                              ^
    474|       expect(done.entriesWithdrawn.map((x) => [x.entryCode, x.wasSent]…
    475|       const e = await one<{ id: string; status: string; withdrawal_rea…

⎯⎯⎯⎯⎯⎯⎯⎯⎯⎯⎯⎯⎯⎯⎯⎯⎯⎯⎯⎯⎯⎯⎯⎯[2/2]⎯

