# C31: a held line derived anyway (no "held" outcome)
# undone in: apps/api/src/services/exam-entry.services.ts
# ran: test/08x4-exam-entries-rework.test.ts
# expected red: ['held when the school holds unverified sittings']
# result: RED as expected

 ❯ test/08x4-exam-entries-rework.test.ts (18 tests | 1 failed) 9896ms
   × F4 on the reservations rework > a declared sitting not verified: listed by the entry check, entered as declared or held > held when the school holds unverified sittings: not derived, not sent; verified, it goes 40ms
     → expected [ [ 'entered', null ] ] to deeply equal [ [ 'held', …(1) ] ]
 Test Files  1 failed (1)
      Tests  1 failed | 17 passed (18)
 ERR_PNPM_RECURSIVE_EXEC_FIRST_FAIL  Command failed with exit code 1: vitest run test/08x4-exam-entries-rework.test.ts
⎯⎯⎯⎯⎯⎯⎯ Failed Tests 1 ⎯⎯⎯⎯⎯⎯⎯

 FAIL  test/08x4-exam-entries-rework.test.ts > F4 on the reservations rework > a declared sitting not verified: listed by the entry check, entered as declared or held > held when the school holds unverified sittings: not derived, not sent; verified, it goes
AssertionError: expected [ [ 'entered', null ] ] to deeply equal [ [ 'held', …(1) ] ]

[32m- Expected[39m
[31m+ Received[39m

[2m  [[22m
[2m    [[22m
[32m-     "held",[39m
[32m-     "Pearson Edexcel June 2026 was declared and is not verified yet: the school holds such lines until they are (the To verify tab)",[39m
[31m+     "entered",[39m
[31m+     null,[39m
[2m    ],[22m
[2m  ][22m

 ❯ test/08x4-exam-entries-rework.test.ts:255:62


⎯⎯⎯⎯⎯⎯⎯⎯⎯⎯⎯⎯⎯⎯⎯⎯⎯⎯⎯⎯⎯⎯⎯⎯[1/1]⎯

