# C33: the entry check does not flag a cash-in no longer paid
# undone in: apps/api/src/services/exam-entry.services.ts
# ran: test/08x4-exam-entries-rework.test.ts
# expected red: ['a cash-in whose payment is reversed is flagged']
# result: RED as expected

 ❯ test/08x4-exam-entries-rework.test.ts (18 tests | 1 failed) 10299ms
   × F4 on the reservations rework > a cash-in becomes its award entry, carrying its charge > a cash-in whose payment is reversed is flagged on its entry (cash_in_not_paid) 32ms
     → expected [ 'missing_candidate_number', …(4) ] to include 'cash_in_not_paid'
 Test Files  1 failed (1)
      Tests  1 failed | 17 passed (18)
 ERR_PNPM_RECURSIVE_EXEC_FIRST_FAIL  Command failed with exit code 1: vitest run test/08x4-exam-entries-rework.test.ts
⎯⎯⎯⎯⎯⎯⎯ Failed Tests 1 ⎯⎯⎯⎯⎯⎯⎯

 FAIL  test/08x4-exam-entries-rework.test.ts > F4 on the reservations rework > a cash-in becomes its award entry, carrying its charge > a cash-in whose payment is reversed is flagged on its entry (cash_in_not_paid)
AssertionError: expected [ 'missing_candidate_number', …(4) ] to include 'cash_in_not_paid'
 ❯ test/08x4-exam-entries-rework.test.ts:361:28
    359|       await apiResponse(w.finadmin.api.v1.payments[':id'].reverse.$pos…
    360|       const row = (await entryList(w.series.pearsonJan)).rows.find((r)…
    361|       expect(row.problems).toContain('cash_in_not_paid');
       |                            ^
    362|     });
    363|   });

⎯⎯⎯⎯⎯⎯⎯⎯⎯⎯⎯⎯⎯⎯⎯⎯⎯⎯⎯⎯⎯⎯⎯⎯[1/1]⎯

