# C36: a change request's approval leaves the line's entries live
# undone in: apps/api/src/services/swap.services.ts
# ran: test/08x4-exam-entries-rework.test.ts
# expected red: ['a drop request the parent approves', 'a swap request the parent approves', "a drop request's approval"]
# result: RED as expected

 ❯ test/08x4-exam-entries-rework.test.ts (56 tests | 3 failed) 27065ms
   × F4 on the reservations rework > every other path that ends a paid line withdraws its entries, in its own transaction (the review of 093dbd1, item 1) > a drop request the parent approves: the line's entry is withdrawn with it, the family told 25ms
     → expected [ [ 'submitted', false, null ] ] to deeply equal [ [ 'withdrawn', true, …(1) ] ]
   × F4 on the reservations rework > every other path that ends a paid line withdraws its entries, in its own transaction (the review of 093dbd1, item 1) > a swap request the parent approves: the old line's draft is withdrawn with it; the new line is the one to enter 52ms
     → expected [ [ 'draft', false, null ] ] to deeply equal [ [ 'withdrawn', true, …(1) ] ]
   × F4 on the reservations rework > a refund is priced after the line is locked: "mark as sent" landing meanwhile keeps the board fee (the review of 093dbd1, item 4) > a drop request's approval 256ms
     → expected { …(6) } to match object { status: 'withdrawn', …(1) }
 Test Files  1 failed (1)
      Tests  3 failed | 53 passed (56)
 ERR_PNPM_RECURSIVE_EXEC_FIRST_FAIL  Command failed with exit code 1: vitest run test/08x4-exam-entries-rework.test.ts
[results] Could not verify the declared sitting of line 70079289-8f58-45cc-8ae1-b565f6fe6d80: DrizzleQueryError: Failed query: insert into "audit_log" ("id", "user_id", "action", "entity_type", "entity_id", "previous_data", "new_data", "ip_address", "user_agent", "created_at") values ($1, $2, $3, $4, $5, $6, $7, $8, $9, default)
⎯⎯⎯⎯⎯⎯⎯ Failed Tests 3 ⎯⎯⎯⎯⎯⎯⎯

 FAIL  test/08x4-exam-entries-rework.test.ts > F4 on the reservations rework > every other path that ends a paid line withdraws its entries, in its own transaction (the review of 093dbd1, item 1) > a drop request the parent approves: the line's entry is withdrawn with it, the family told
AssertionError: expected [ [ 'submitted', false, null ] ] to deeply equal [ [ 'withdrawn', true, …(1) ] ]

[32m- Expected[39m
[31m+ Received[39m

[2m  [[22m
[2m    [[22m
[32m-     "withdrawn",[39m
[32m-     true,[39m
[32m-     "the family dropped the subject",[39m
[31m+     "submitted",[39m
[31m+     false,[39m
[31m+     null,[39m
[2m    ],[22m
[2m  ][22m

 ❯ withdrawnWithLine test/08x4-exam-entries-rework.test.ts:75:85
     73|     const rows = await entriesOfLine(lineId);
     74|     expect(rows.length).toBeGreaterThan(0);
     75|     expect(rows.map((r) => [r.status, r.withdrawn_with_line, r.withdra…
       |                                                                                     ^
     76|     await audited(rows.map((r) => r.id), rows.map(() => 'EXAM_ENTRY_WI…
     77|     return rows;
 ❯ test/08x4-exam-entries-rework.test.ts:505:19

⎯⎯⎯⎯⎯⎯⎯⎯⎯⎯⎯⎯⎯⎯⎯⎯⎯⎯⎯⎯⎯⎯⎯⎯[1/3]⎯

 FAIL  test/08x4-exam-entries-rework.test.ts > F4 on the reservations rework > every other path that ends a paid line withdraws its entries, in its own transaction (the review of 093dbd1, item 1) > a swap request the parent approves: the old line's draft is withdrawn with it; the new line is the one to enter
AssertionError: expected [ [ 'draft', false, null ] ] to deeply equal [ [ 'withdrawn', true, …(1) ] ]

[32m- Expected[39m
[31m+ Received[39m

[2m  [[22m
[2m    [[22m
[32m-     "withdrawn",[39m
[32m-     true,[39m
[32m-     "the family swapped the subject",[39m
[31m+     "draft",[39m
[31m+     false,[39m
[31m+     null,[39m
[2m    ],[22m
[2m  ][22m

 ❯ withdrawnWithLine test/08x4-exam-entries-rework.test.ts:75:85
     73|     const rows = await entriesOfLine(lineId);
     74|     expect(rows.length).toBeGreaterThan(0);
     75|     expect(rows.map((r) => [r.status, r.withdrawn_with_line, r.withdra…
       |                                                                                     ^
     76|     await audited(rows.map((r) => r.id), rows.map(() => 'EXAM_ENTRY_WI…
     77|     return rows;
 ❯ test/08x4-exam-entries-rework.test.ts:517:7

⎯⎯⎯⎯⎯⎯⎯⎯⎯⎯⎯⎯⎯⎯⎯⎯⎯⎯⎯⎯⎯⎯⎯⎯[2/3]⎯

 FAIL  test/08x4-exam-entries-rework.test.ts > F4 on the reservations rework > a refund is priced after the line is locked: "mark as sent" landing meanwhile keeps the board fee (the review of 093dbd1, item 4) > a drop request's approval
AssertionError: expected { …(6) } to match object { status: 'withdrawn', …(1) }
(4 matching properties omitted from actual)

[32m- Expected[39m
[31m+ Received[39m

[2m  {[22m
[32m-   "status": "withdrawn",[39m
[32m-   "withdrawn_with_line": true,[39m
[31m+   "status": "submitted",[39m
[31m+   "withdrawn_with_line": false,[39m
[2m  }[22m

 ❯ sendDuring test/08x4-exam-entries-rework.test.ts:625:18
    623|       expect(await credited(lineId)).toBe(before.coursePart);
    624|       const [w1] = await entriesOfLine(lineId);
    625|       expect(w1).toMatchObject({ status: 'withdrawn', withdrawn_with_l…
       |                  ^
    626|       expect(w1!.submitted_at).not.toBeNull();
    627|       expect(await sql<{ n: Record<string, unknown> }>(`select new_dat…
 ❯ test/08x4-exam-entries-rework.test.ts:637:7

⎯⎯⎯⎯⎯⎯⎯⎯⎯⎯⎯⎯⎯⎯⎯⎯⎯⎯⎯⎯⎯⎯⎯⎯[3/3]⎯

