# C37: the family's direct swap leaves the old line's entries live
# undone in: apps/api/src/services/swap.services.ts
# ran: test/08x4-exam-entries-rework.test.ts
# expected red: ["the old line's sent entry is withdrawn with it", "the family's direct swap"]
# result: RED as expected

 ❯ test/08x4-exam-entries-rework.test.ts (51 tests | 2 failed) 26127ms
   × F4 on the reservations rework > every other path that ends a paid line withdraws its entries, in its own transaction (the review of 093dbd1, item 1) > the family's direct swap: the old line's sent entry is withdrawn with it, the family told 54ms
     → expected [ [ 'submitted', false, null ] ] to deeply equal [ [ 'withdrawn', true, …(1) ] ]
   × F4 on the reservations rework > a refund is priced after the line is locked: "mark as sent" landing meanwhile keeps the board fee (the review of 093dbd1, item 4) > the family's direct swap 258ms
     → expected { …(6) } to match object { status: 'withdrawn', …(1) }
 Test Files  1 failed (1)
      Tests  2 failed | 49 passed (51)
 ERR_PNPM_RECURSIVE_EXEC_FIRST_FAIL  Command failed with exit code 1: vitest run test/08x4-exam-entries-rework.test.ts
[results] Could not verify the declared sitting of line 067979c5-aea7-4bc8-a05f-ca421a45f7f5: DrizzleQueryError: Failed query: insert into "audit_log" ("id", "user_id", "action", "entity_type", "entity_id", "previous_data", "new_data", "ip_address", "user_agent", "created_at") values ($1, $2, $3, $4, $5, $6, $7, $8, $9, default)
⎯⎯⎯⎯⎯⎯⎯ Failed Tests 2 ⎯⎯⎯⎯⎯⎯⎯

 FAIL  test/08x4-exam-entries-rework.test.ts > F4 on the reservations rework > every other path that ends a paid line withdraws its entries, in its own transaction (the review of 093dbd1, item 1) > the family's direct swap: the old line's sent entry is withdrawn with it, the family told
AssertionError: expected [ [ 'submitted', false, null ] ] to deeply equal [ [ 'withdrawn', true, …(1) ] ]

[32m- Expected[39m
[31m+ Received[39m

[2m  [[22m
[2m    [[22m
[32m-     "withdrawn",[39m
[32m-     true,[39m
[32m-     "the family swapped the subject",[39m
[31m+     "submitted",[39m
[31m+     false,[39m
[31m+     null,[39m
[2m    ],[22m
[2m  ][22m

 ❯ withdrawnWithLine test/08x4-exam-entries-rework.test.ts:75:85
     73|     const rows = await entriesOfLine(lineId);
     74|     expect(rows.length).toBeGreaterThan(0);
     75|     expect(rows.map((r) => [r.status, r.withdrawn_with_line, r.withdra…
       |                                                                                     ^
     76|     await audited(rows.map((r) => r.id), rows.map(() => 'EXAM_ENTRY_WI…
     77|     return rows;
 ❯ test/08x4-exam-entries-rework.test.ts:526:7

⎯⎯⎯⎯⎯⎯⎯⎯⎯⎯⎯⎯⎯⎯⎯⎯⎯⎯⎯⎯⎯⎯⎯⎯[1/2]⎯

 FAIL  test/08x4-exam-entries-rework.test.ts > F4 on the reservations rework > a refund is priced after the line is locked: "mark as sent" landing meanwhile keeps the board fee (the review of 093dbd1, item 4) > the family's direct swap
AssertionError: expected { …(6) } to match object { status: 'withdrawn', …(1) }
(4 matching properties omitted from actual)

[32m- Expected[39m
[31m+ Received[39m

[2m  {[22m
[32m-   "status": "withdrawn",[39m
[32m-   "withdrawn_with_line": true,[39m
[31m+   "status": "submitted",[39m
[31m+   "withdrawn_with_line": false,[39m
[2m  }[22m

 ❯ sendDuring test/08x4-exam-entries-rework.test.ts:601:18
    599|       expect(await credited(lineId)).toBe(before.coursePart);
    600|       const [w1] = await entriesOfLine(lineId);
    601|       expect(w1).toMatchObject({ status: 'withdrawn', withdrawn_with_l…
       |                  ^
    602|       expect(w1!.submitted_at).not.toBeNull();
    603|       expect(await sql<{ n: Record<string, unknown> }>(`select new_dat…
 ❯ test/08x4-exam-entries-rework.test.ts:618:7

⎯⎯⎯⎯⎯⎯⎯⎯⎯⎯⎯⎯⎯⎯⎯⎯⎯⎯⎯⎯⎯⎯⎯⎯[2/2]⎯

