# C39: step B's rejection after the first-entry deadline leaves the dropped line's entries live
# undone in: apps/api/src/services/verification.services.ts
# ran: test/08x4-exam-entries-rework.test.ts
# expected red: ['a declared retake rejected past the first-entry deadline']
# result: RED as expected

 ❯ test/08x4-exam-entries-rework.test.ts (51 tests | 1 failed) 25194ms
   × F4 on the reservations rework > each line cut off at its own deadline; the desk's drop past it withdraws the entries > a declared retake rejected past the first-entry deadline is dropped: its sent entry withdrawn with it, the board fee kept (the review of 093dbd1, item 1) 23ms
     → expected [ [ 'submitted', false, null ] ] to deeply equal [ [ 'withdrawn', true, …(1) ] ]
 Test Files  1 failed (1)
      Tests  1 failed | 50 passed (51)
 ERR_PNPM_RECURSIVE_EXEC_FIRST_FAIL  Command failed with exit code 1: vitest run test/08x4-exam-entries-rework.test.ts
[results] Could not verify the declared sitting of line a1db51da-2dba-47d0-8b71-47a239a794eb: DrizzleQueryError: Failed query: insert into "audit_log" ("id", "user_id", "action", "entity_type", "entity_id", "previous_data", "new_data", "ip_address", "user_agent", "created_at") values ($1, $2, $3, $4, $5, $6, $7, $8, $9, default)
⎯⎯⎯⎯⎯⎯⎯ Failed Tests 1 ⎯⎯⎯⎯⎯⎯⎯

 FAIL  test/08x4-exam-entries-rework.test.ts > F4 on the reservations rework > each line cut off at its own deadline; the desk's drop past it withdraws the entries > a declared retake rejected past the first-entry deadline is dropped: its sent entry withdrawn with it, the board fee kept (the review of 093dbd1, item 1)
AssertionError: expected [ [ 'submitted', false, null ] ] to deeply equal [ [ 'withdrawn', true, …(1) ] ]

[32m- Expected[39m
[31m+ Received[39m

[2m  [[22m
[2m    [[22m
[32m-     "withdrawn",[39m
[32m-     true,[39m
[32m-     "the declared sitting was not confirmed after the first-entry deadline",[39m
[31m+     "submitted",[39m
[31m+     false,[39m
[31m+     null,[39m
[2m    ],[22m
[2m  ][22m

 ❯ withdrawnWithLine test/08x4-exam-entries-rework.test.ts:75:85
     73|     const rows = await entriesOfLine(lineId);
     74|     expect(rows.length).toBeGreaterThan(0);
     75|     expect(rows.map((r) => [r.status, r.withdrawn_with_line, r.withdra…
       |                                                                                     ^
     76|     await audited(rows.map((r) => r.id), rows.map(() => 'EXAM_ENTRY_WI…
     77|     return rows;
 ❯ test/08x4-exam-entries-rework.test.ts:963:19

⎯⎯⎯⎯⎯⎯⎯⎯⎯⎯⎯⎯⎯⎯⎯⎯⎯⎯⎯⎯⎯⎯⎯⎯[1/1]⎯

