# C40: step B's hold drop leaves the dropped line's entries live
# undone in: apps/api/src/services/verification.services.ts
# ran: test/08x4-exam-entries-rework.test.ts
# expected red: ['the school turns hold on, the deadline passes']
# result: RED as expected

 ❯ test/08x4-exam-entries-rework.test.ts (41 tests | 1 failed) 21346ms
   × F4 on the reservations rework > step B's hold at the deadline drops a paid line and withdraws its entries; a sent one keeps its board fee (the review of 093dbd1, items 1 and 5) > the school turns hold on, the deadline passes: the sent line keeps its board fee and its entry is withdrawn; the unsent one gets it back 175ms
     → expected [ [ 'submitted', false, null ] ] to deeply equal [ [ 'withdrawn', true, …(1) ] ]
 Test Files  1 failed (1)
      Tests  1 failed | 40 passed (41)
 ERR_PNPM_RECURSIVE_EXEC_FIRST_FAIL  Command failed with exit code 1: vitest run test/08x4-exam-entries-rework.test.ts
[results] Could not verify the declared sitting of line 84783bab-40bf-4ca3-b3e0-87621ed0a0df: DrizzleQueryError: Failed query: insert into "audit_log" ("id", "user_id", "action", "entity_type", "entity_id", "previous_data", "new_data", "ip_address", "user_agent", "created_at") values ($1, $2, $3, $4, $5, $6, $7, $8, $9, default)
⎯⎯⎯⎯⎯⎯⎯ Failed Tests 1 ⎯⎯⎯⎯⎯⎯⎯

 FAIL  test/08x4-exam-entries-rework.test.ts > F4 on the reservations rework > step B's hold at the deadline drops a paid line and withdraws its entries; a sent one keeps its board fee (the review of 093dbd1, items 1 and 5) > the school turns hold on, the deadline passes: the sent line keeps its board fee and its entry is withdrawn; the unsent one gets it back
AssertionError: expected [ [ 'submitted', false, null ] ] to deeply equal [ [ 'withdrawn', true, …(1) ] ]

[32m- Expected[39m
[31m+ Received[39m

[2m  [[22m
[2m    [[22m
[32m-     "withdrawn",[39m
[32m-     true,[39m
[32m-     "the declared sitting was not verified by its deadline (the school holds such lines)",[39m
[31m+     "submitted",[39m
[31m+     false,[39m
[31m+     null,[39m
[2m    ],[22m
[2m  ][22m

 ❯ withdrawnWithLine test/08x4-exam-entries-rework.test.ts:75:85
     73|     const rows = await entriesOfLine(lineId);
     74|     expect(rows.length).toBeGreaterThan(0);
     75|     expect(rows.map((r) => [r.status, r.withdrawn_with_line, r.withdra…
       |                                                                                     ^
     76|     await audited(rows.map((r) => r.id), rows.map(() => 'EXAM_ENTRY_WI…
     77|     return rows;
 ❯ test/08x4-exam-entries-rework.test.ts:962:22

⎯⎯⎯⎯⎯⎯⎯⎯⎯⎯⎯⎯⎯⎯⎯⎯⎯⎯⎯⎯⎯⎯⎯⎯[1/1]⎯

