# C41: an entry withdrawn with its line is never made again (read as withdrawn by the coordinator)
# undone in: apps/api/src/services/exam-entry.services.ts
# ran: test/08x4-exam-entries-rework.test.ts
# expected red: ['paid again, the next derivation makes it again']
# result: RED as expected

 ❯ test/08x4-exam-entries-rework.test.ts (51 tests | 1 failed) 25722ms
   × F4 on the reservations rework > every other path that ends a paid line withdraws its entries, in its own transaction (the review of 093dbd1, item 1) > a payment reversal: the entry is withdrawn with the line; paid again, the next derivation makes it again 64ms
     → expected { series: { …(4) }, …(7) } to match object { created: 1 }
 Test Files  1 failed (1)
      Tests  1 failed | 50 passed (51)
 ERR_PNPM_RECURSIVE_EXEC_FIRST_FAIL  Command failed with exit code 1: vitest run test/08x4-exam-entries-rework.test.ts
[results] Could not verify the declared sitting of line 0946826f-2ff0-4e87-ba53-e34390285607: DrizzleQueryError: Failed query: insert into "audit_log" ("id", "user_id", "action", "entity_type", "entity_id", "previous_data", "new_data", "ip_address", "user_agent", "created_at") values ($1, $2, $3, $4, $5, $6, $7, $8, $9, default)
⎯⎯⎯⎯⎯⎯⎯ Failed Tests 1 ⎯⎯⎯⎯⎯⎯⎯

 FAIL  test/08x4-exam-entries-rework.test.ts > F4 on the reservations rework > every other path that ends a paid line withdraws its entries, in its own transaction (the review of 093dbd1, item 1) > a payment reversal: the entry is withdrawn with the line; paid again, the next derivation makes it again
AssertionError: expected { series: { …(4) }, …(7) } to match object { created: 1 }
(15 matching properties omitted from actual)

[32m- Expected[39m
[31m+ Received[39m

[2m  {[22m
[32m-   "created": 1,[39m
[31m+   "created": 0,[39m
[2m  }[22m

 ❯ test/08x4-exam-entries-rework.test.ts:544:69
    542|       await apiResponse(w.officer.api.v1.payments[':id'].confirm.$post…
    543|       expect((await lineOf(pl.rv!)).status).toBe('confirmed');
    544|       expect(await derive(w.series.cambridgeNov, pf.rv!.studentId)).to…
       |                                                                     ^
    545|       const live = await entriesOf(w.series.cambridgeNov, pf.rv!.stude…
    546|       expect(live.map((e) => [e.entry_code, e.status, e.registration_i…

⎯⎯⎯⎯⎯⎯⎯⎯⎯⎯⎯⎯⎯⎯⎯⎯⎯⎯⎯⎯⎯⎯⎯⎯[1/1]⎯

