# C42: the family's direct drop priced before the line is locked
# undone in: apps/api/src/services/swap.services.ts
# ran: test/08x4-exam-entries-rework.test.ts
# expected red: ["the family's direct drop"]
# result: RED as expected

 ❯ test/08x4-exam-entries-rework.test.ts (56 tests | 1 failed) 27538ms
   × F4 on the reservations rework > a refund is priced after the line is locked: "mark as sent" landing meanwhile keeps the board fee (the review of 093dbd1, item 4) > the family's direct drop 248ms
     → expected 1500 to be 1000 // Object.is equality
 Test Files  1 failed (1)
      Tests  1 failed | 55 passed (56)
 ERR_PNPM_RECURSIVE_EXEC_FIRST_FAIL  Command failed with exit code 1: vitest run test/08x4-exam-entries-rework.test.ts
[results] Could not verify the declared sitting of line 7ce64af0-0908-4b05-87cb-dd9f9b680a6c: DrizzleQueryError: Failed query: insert into "audit_log" ("id", "user_id", "action", "entity_type", "entity_id", "previous_data", "new_data", "ip_address", "user_agent", "created_at") values ($1, $2, $3, $4, $5, $6, $7, $8, $9, default)
⎯⎯⎯⎯⎯⎯⎯ Failed Tests 1 ⎯⎯⎯⎯⎯⎯⎯

 FAIL  test/08x4-exam-entries-rework.test.ts > F4 on the reservations rework > a refund is priced after the line is locked: "mark as sent" landing meanwhile keeps the board fee (the review of 093dbd1, item 4) > the family's direct drop
AssertionError: expected 1500 to be 1000 // Object.is equality

[32m- Expected[39m
[31m+ Received[39m

[32m- 1000[39m
[31m+ 1500[39m

 ❯ sendDuring test/08x4-exam-entries-rework.test.ts:623:38
    621|       expect(sent).toEqual({ submitted: 1, skipped: 0 });
    622|       // The board fee stays with the board: the course part alone com…
    623|       expect(await credited(lineId)).toBe(before.coursePart);
       |                                      ^
    624|       const [w1] = await entriesOfLine(lineId);
    625|       expect(w1).toMatchObject({ status: 'withdrawn', withdrawn_with_l…
 ❯ test/08x4-exam-entries-rework.test.ts:631:7

⎯⎯⎯⎯⎯⎯⎯⎯⎯⎯⎯⎯⎯⎯⎯⎯⎯⎯⎯⎯⎯⎯⎯⎯[1/1]⎯

