# C46: a derivation does not bring a draft up to date with its line's answer
# undone in: apps/api/src/services/exam-entry.services.ts
# ran: test/08x4-exam-entries-rework.test.ts
# expected red: ['a retake rejected after its draft was made', 'verified at another centre after derivation', 'verified here after derivation', 'rejected after derivation: the draft loses']
# result: RED as expected

 ❯ test/08x4-exam-entries-rework.test.ts (56 tests | 4 failed) 26850ms
   × F4 on the reservations rework > an entry follows its line's answer given after it was made (the review of 093dbd1, item 2) > a retake rejected after its draft was made: the next derivation brings the draft up to date as a first entry, audited 68ms
     → expected { registrations: 1, …(3) } to match object { newEntries: +0, updates: 1 }
   × F4 on the reservations rework > an entry follows its line's answer given after it was made (the review of 093dbd1, item 2) > verified at another centre after derivation: flagged, then the draft is brought up to date with that centre and candidate number 47ms
     → expected { series: { …(4) }, …(7) } to match object { created: +0, updated: 1 }
   × F4 on the reservations rework > an entry follows its line's answer given after it was made (the review of 093dbd1, item 2) > verified here after derivation: the next derivation confirms the suggested carry forward 51ms
     → expected { series: { …(4) }, …(7) } to match object { updated: 1 }
   × F4 on the reservations rework > an entry follows its line's answer given after it was made (the review of 093dbd1, item 2) > rejected after derivation: the draft loses the carry forward and its option; a sent entry keeps them and is flagged 129ms
     → expected { series: { …(4) }, …(7) } to match object { updated: 1 }
 Test Files  1 failed (1)
      Tests  4 failed | 52 passed (56)
 ERR_PNPM_RECURSIVE_EXEC_FIRST_FAIL  Command failed with exit code 1: vitest run test/08x4-exam-entries-rework.test.ts
[results] Could not verify the declared sitting of line ee3d0129-0037-4488-809d-10854161c429: DrizzleQueryError: Failed query: insert into "audit_log" ("id", "user_id", "action", "entity_type", "entity_id", "previous_data", "new_data", "ip_address", "user_agent", "created_at") values ($1, $2, $3, $4, $5, $6, $7, $8, $9, default)
⎯⎯⎯⎯⎯⎯⎯ Failed Tests 4 ⎯⎯⎯⎯⎯⎯⎯

 FAIL  test/08x4-exam-entries-rework.test.ts > F4 on the reservations rework > an entry follows its line's answer given after it was made (the review of 093dbd1, item 2) > a retake rejected after its draft was made: the next derivation brings the draft up to date as a first entry, audited
AssertionError: expected { registrations: 1, …(3) } to match object { newEntries: +0, updates: 1 }
(2 matching properties omitted from actual)

[32m- Expected[39m
[31m+ Received[39m

[2m  {[22m
[2m    "newEntries": 0,[22m
[32m-   "updates": 1,[39m
[31m+   "updates": 0,[39m
[2m  }[22m

 ❯ test/08x4-exam-entries-rework.test.ts:685:31
    683|       expect((await rowOf(e.id)).problems).toContain('retake_differs_f…
    684|       const preview = await derive(nov(), af.rb!.studentId, false);
    685|       expect(preview.summary).toMatchObject({ newEntries: 0, updates: …
       |                               ^
    686|       expect(preview.rows.map((r) => [r.outcome, r.entries.map((x) => …
    687|       expect(await derive(nov(), af.rb!.studentId)).toMatchObject({ cr…

⎯⎯⎯⎯⎯⎯⎯⎯⎯⎯⎯⎯⎯⎯⎯⎯⎯⎯⎯⎯⎯⎯⎯⎯[1/4]⎯

 FAIL  test/08x4-exam-entries-rework.test.ts > F4 on the reservations rework > an entry follows its line's answer given after it was made (the review of 093dbd1, item 2) > verified at another centre after derivation: flagged, then the draft is brought up to date with that centre and candidate number
AssertionError: expected { series: { …(4) }, …(7) } to match object { created: +0, updated: 1 }
(14 matching properties omitted from actual)

[32m- Expected[39m
[31m+ Received[39m

[2m  {[22m
[2m    "created": 0,[22m
[32m-   "updated": 1,[39m
[31m+   "updated": 0,[39m
[2m  }[22m

 ❯ test/08x4-exam-entries-rework.test.ts:721:53


⎯⎯⎯⎯⎯⎯⎯⎯⎯⎯⎯⎯⎯⎯⎯⎯⎯⎯⎯⎯⎯⎯⎯⎯[2/4]⎯

 FAIL  test/08x4-exam-entries-rework.test.ts > F4 on the reservations rework > an entry follows its line's answer given after it was made (the review of 093dbd1, item 2) > verified here after derivation: the next derivation confirms the suggested carry forward
AssertionError: expected { series: { …(4) }, …(7) } to match object { updated: 1 }
(15 matching properties omitted from actual)

[32m- Expected[39m
[31m+ Received[39m

[2m  {[22m
[32m-   "updated": 1,[39m
[31m+   "updated": 0,[39m
[2m  }[22m

 ❯ test/08x4-exam-entries-rework.test.ts:737:53
    735|       expect(row.problems).toContain('carry_forward_to_confirm');
    736|       expect(row.problems).not.toContain('carry_forward_differs_from_l…
    737|       expect(await derive(nov(), af.cc!.studentId)).toMatchObject({ up…
       |                                                     ^
    738|       expect(await only('cc')).toMatchObject({ carry_forward: 'confirm…
    739|       expect((await rowOf(e.id)).problems).not.toContain('carry_forwar…

⎯⎯⎯⎯⎯⎯⎯⎯⎯⎯⎯⎯⎯⎯⎯⎯⎯⎯⎯⎯⎯⎯⎯⎯[3/4]⎯

 FAIL  test/08x4-exam-entries-rework.test.ts > F4 on the reservations rework > an entry follows its line's answer given after it was made (the review of 093dbd1, item 2) > rejected after derivation: the draft loses the carry forward and its option; a sent entry keeps them and is flagged
AssertionError: expected { series: { …(4) }, …(7) } to match object { updated: 1 }
(15 matching properties omitted from actual)

[32m- Expected[39m
[31m+ Received[39m

[2m  {[22m
[32m-   "updated": 1,[39m
[31m+   "updated": 0,[39m
[2m  }[22m

 ❯ test/08x4-exam-entries-rework.test.ts:759:53
    757|       expect((await rowOf(draft.id)).problems).toContain('carry_forwar…
    758|       expect((await rowOf(sent.id)).problems).toContain('carry_forward…
    759|       expect(await derive(nov(), af.ce!.studentId)).toMatchObject({ up…
       |                                                     ^
    760|       expect(await only('ce')).toMatchObject({ id: draft.id, option_co…
    761|       expect((await rowOf(draft.id)).problems).not.toContain('carry_fo…

⎯⎯⎯⎯⎯⎯⎯⎯⎯⎯⎯⎯⎯⎯⎯⎯⎯⎯⎯⎯⎯⎯⎯⎯[4/4]⎯

