# C5: the forecast teacher check (teacherOf) removed
# undone in: apps/api/src/services/exam-entry.services.ts
# ran: test/08x1-exam-entries.test.ts test/08x4-exam-entries-rework.test.ts test/05-object-access.test.ts
# expected red: ['flags a missing forecast grade', "the P1 teacher gives P1's, not P2's", 'F4 exam entries']
# result: RED as expected

 ❯ test/05-object-access.test.ts (16 tests | 1 failed) 6731ms
   × object-level access between families > F4 exam entries: another family reads none of A's exams; a teacher reaches only their own candidates and room; the gate nothing 2250ms
     → teacher sets B's forecast answered 200: {"success":true,"data":{"id":"642f0525-c444-4151-a2bb-82047e1e39fe","studentId":"PnynjRqH6jwnsmcmZFoFkQ3Qn17HLN0t","boardSeriesId":"bf4de1fb-b7d0-45ab-999a-395446cfc1cf","boardCode":"cambridge","regis: expected 200 to be greater than or equal to 400
 ❯ test/08x1-exam-entries.test.ts (17 tests | 1 failed) 3317ms
   × F4: candidates and entries > the entry list and its check > flags a missing forecast grade (Cambridge requires one) and every other gap; the teacher of the subject fills it 40ms
     → expected { status: 200, error: '""' } to deeply equal { status: 403, …(1) }
 ❯ test/08x4-exam-entries-rework.test.ts (51 tests | 1 failed) 25809ms
   × F4 on the reservations rework > what a line's item enters (lineItemsFor) > the forecast's teacher is the one who teaches that unit (teacherOf with the unit): the P1 teacher gives P1's, not P2's 30ms
     → expected { status: 200, error: '""' } to deeply equal { status: 403, …(1) }
 Test Files  3 failed (3)
      Tests  3 failed | 81 passed (84)
 ERR_PNPM_RECURSIVE_EXEC_FIRST_FAIL  Command failed with exit code 1: vitest run test/08x1-exam-entries.test.ts test/08x4-exam-entries-rework.test.ts test/05-object-access.test.ts
[results] Could not verify the declared sitting of line e0b07455-8ca5-4f61-bbc3-be0a2b7d13c8: DrizzleQueryError: Failed query: insert into "audit_log" ("id", "user_id", "action", "entity_type", "entity_id", "previous_data", "new_data", "ip_address", "user_agent", "created_at") values ($1, $2, $3, $4, $5, $6, $7, $8, $9, default)
⎯⎯⎯⎯⎯⎯⎯ Failed Tests 3 ⎯⎯⎯⎯⎯⎯⎯

 FAIL  test/05-object-access.test.ts > object-level access between families > F4 exam entries: another family reads none of A's exams; a teacher reaches only their own candidates and room; the gate nothing
AssertionError: teacher sets B's forecast answered 200: {"success":true,"data":{"id":"642f0525-c444-4151-a2bb-82047e1e39fe","studentId":"PnynjRqH6jwnsmcmZFoFkQ3Qn17HLN0t","boardSeriesId":"bf4de1fb-b7d0-45ab-999a-395446cfc1cf","boardCode":"cambridge","regis: expected 200 to be greater than or equal to 400
 ❯ refusedAs test/05-object-access.test.ts:30:96
     28|   const body = (await res.json().catch(() => ({}))) as { error?: unkno…
     29|   attempts.push([label, String(res.status), typeof body.error === 'str…
     30|   expect(res.status, `${label} answered ${res.status}: ${JSON.stringif…
       |                                                                                                ^
     31|   expect(res.status, `${label} answered ${res.status}`).toBeLessThan(5…
     32|   return res.status;
 ❯ test/05-object-access.test.ts:489:14

⎯⎯⎯⎯⎯⎯⎯⎯⎯⎯⎯⎯⎯⎯⎯⎯⎯⎯⎯⎯⎯⎯⎯⎯[1/3]⎯

 FAIL  test/08x1-exam-entries.test.ts > F4: candidates and entries > the entry list and its check > flags a missing forecast grade (Cambridge requires one) and every other gap; the teacher of the subject fills it
AssertionError: expected { status: 200, error: '""' } to deeply equal { status: 403, …(1) }

[32m- Expected[39m
[31m+ Received[39m

[2m  {[22m
[32m-   "error": "Only the candidate's teacher for this subject, or the coordinator, gives this forecast",[39m
[32m-   "status": 403,[39m
[31m+   "error": "\"\"",[39m
[31m+   "status": 200,[39m
[2m  }[22m

 ❯ test/08x1-exam-entries.test.ts:161:10
    159|       expect(await apiResponse(w.teacher.api.v1.exams.entries[':id'].f…
    160|       expect(await refused(w.teacher.api.v1.exams.entries[':id'].forec…
    161|         .toEqual({ status: 403, error: "Only the candidate's teacher f…
       |          ^
    162|       expect((await refused(w.teacher.api.v1.exams.entries[':id'].fore…
    163|       // The teacher's own list holds only their candidates.

⎯⎯⎯⎯⎯⎯⎯⎯⎯⎯⎯⎯⎯⎯⎯⎯⎯⎯⎯⎯⎯⎯⎯⎯[2/3]⎯

 FAIL  test/08x4-exam-entries-rework.test.ts > F4 on the reservations rework > what a line's item enters (lineItemsFor) > the forecast's teacher is the one who teaches that unit (teacherOf with the unit): the P1 teacher gives P1's, not P2's
AssertionError: expected { status: 200, error: '""' } to deeply equal { status: 403, …(1) }

[32m- Expected[39m
[31m+ Received[39m

[2m  {[22m
[32m-   "error": "Only the candidate's teacher for this subject, or the coordinator, gives this forecast",[39m
[32m-   "status": 403,[39m
[31m+   "error": "\"\"",[39m
[31m+   "status": 200,[39m
[2m  }[22m

 ❯ test/08x4-exam-entries-rework.test.ts:155:10
    153|       expect(await apiResponse(w.teacher.api.v1.exams.entries[':id'].f…
    154|       expect(await refused(w.teacher.api.v1.exams.entries[':id'].forec…
    155|         .toEqual({ status: 403, error: "Only the candidate's teacher f…
       |          ^
    156|       expect(await apiResponse(w.teacher2.api.v1.exams.entries[':id'].…
    157|       // Each teacher's own list holds only their unit (Pearson asks f…

⎯⎯⎯⎯⎯⎯⎯⎯⎯⎯⎯⎯⎯⎯⎯⎯⎯⎯⎯⎯⎯⎯⎯⎯[3/3]⎯

