# C51: a verification failing after the import commits fails the import
# undone in: apps/api/src/services/exam-result.services.ts
# ran: test/08x4-exam-entries-rework.test.ts
# expected red: ['reads as results saved']
# result: RED as expected

 ❯ test/08x4-exam-entries-rework.test.ts (41 tests | 1 failed) 21108ms
   × F4 on the reservations rework > a sitting the school's results show: verified at declaration, only by a real grade, the importer answering (the review of 093dbd1, items 3, 7, 9) > a verification failing after the import commits reads as results saved; the To verify tab's check answers it later, as the coordinator 93ms
 Test Files  1 failed (1)
      Tests  1 failed | 40 passed (41)
 ERR_PNPM_RECURSIVE_EXEC_FIRST_FAIL  Command failed with exit code 1: vitest run test/08x4-exam-entries-rework.test.ts
⎯⎯⎯⎯⎯⎯⎯ Failed Tests 1 ⎯⎯⎯⎯⎯⎯⎯

 FAIL  test/08x4-exam-entries-rework.test.ts > F4 on the reservations rework > a sitting the school's results show: verified at declaration, only by a real grade, the importer answering (the review of 093dbd1, items 3, 7, 9) > a verification failing after the import commits reads as results saved; the To verify tab's check answers it later, as the coordinator
Error: Failed to read the results
 ❯ apiResponse ../../packages/validations/src/api-response.ts:49:11
 ❯ test/08x4-exam-entries-rework.test.ts:807:16
    805|       let done = null as Awaited<ReturnType<typeof importing>> | null;
    806|       try {
    807|         done = await importing();
       |                ^
    808|       } finally {
    809|         await release();

⎯⎯⎯⎯⎯⎯⎯⎯⎯⎯⎯⎯⎯⎯⎯⎯⎯⎯⎯⎯⎯⎯⎯⎯[1/1]⎯

