# C52: a sitting verified at declaration attributed to the result's importer, not the one declaring (the review of 426d565, item 7)
# undone in: apps/api/src/services/exam-result.services.ts
# ran: test/08x4-exam-entries-rework.test.ts
# expected red: ['is verified at once, by the one declaring it']
# result: RED as expected

 ❯ test/08x4-exam-entries-rework.test.ts (51 tests | 1 failed) 26403ms
   × F4 on the reservations rework > a sitting the school's results show: verified at declaration, only by a real grade, the importer answering (the review of 093dbd1, items 3, 7, 9) > a retake declared after its sitting is on record is verified at once, by the one declaring it, the reason naming the result and its importer; a sitting graded absent waits for the coordinator 95ms
     → expected 'HZpgoqcnB44DzomCqdDRc5xIhBMxHV6e' to be 'bDiB6NwbnLbTDRO4BGkEjXDkBICq02eu' // Object.is equality
 Test Files  1 failed (1)
      Tests  1 failed | 50 passed (51)
 ERR_PNPM_RECURSIVE_EXEC_FIRST_FAIL  Command failed with exit code 1: vitest run test/08x4-exam-entries-rework.test.ts
[results] Could not verify the declared sitting of line a89625b8-82b4-4b18-8677-43545b4c0449: DrizzleQueryError: Failed query: insert into "audit_log" ("id", "user_id", "action", "entity_type", "entity_id", "previous_data", "new_data", "ip_address", "user_agent", "created_at") values ($1, $2, $3, $4, $5, $6, $7, $8, $9, default)
⎯⎯⎯⎯⎯⎯⎯ Failed Tests 1 ⎯⎯⎯⎯⎯⎯⎯

 FAIL  test/08x4-exam-entries-rework.test.ts > F4 on the reservations rework > a sitting the school's results show: verified at declaration, only by a real grade, the importer answering (the review of 093dbd1, items 3, 7, 9) > a retake declared after its sitting is on record is verified at once, by the one declaring it, the reason naming the result and its importer; a sitting graded absent waits for the coordinator
AssertionError: expected 'HZpgoqcnB44DzomCqdDRc5xIhBMxHV6e' to be 'bDiB6NwbnLbTDRO4BGkEjXDkBICq02eu' // Object.is equality

Expected: [32m"bDiB6NwbnLbTDRO4BGkEjXDkBICq02eu"[39m
Received: [31m"HZpgoqcnB44DzomCqdDRc5xIhBMxHV6e"[39m

 ❯ test/08x4-exam-entries-rework.test.ts:825:36
    823|       expect((await lineOf(kr)).outcome).toBe('verified');
    824|       // The desk declared it (the review of 426d565, item 7): the adm…
    825|       expect(await verifiedBy(kr)).toBe(w.officer.id);
       |                                    ^
    826|       const a = await answer(kr);
    827|       expect(a.user_id).toBe(w.officer.id);

⎯⎯⎯⎯⎯⎯⎯⎯⎯⎯⎯⎯⎯⎯⎯⎯⎯⎯⎯⎯⎯⎯⎯⎯[1/1]⎯

