# C53: step B's hold sweep counts every line's board fee not sent
# undone in: apps/api/src/services/verification.services.ts
# ran: test/08x4-exam-entries-rework.test.ts
# expected red: ['the school turns hold on, the deadline passes']
# result: RED as expected

 ❯ test/08x4-exam-entries-rework.test.ts (56 tests | 1 failed) 27700ms
   × F4 on the reservations rework > step B's hold at the deadline drops a paid line and withdraws its entries; a sent one keeps its board fee (the review of 093dbd1, items 1 and 5) > the school turns hold on, the deadline passes: the sent line keeps its board fee and its entry is withdrawn; the unsent one gets it back 191ms
     → expected 1500 to be 1000 // Object.is equality
 Test Files  1 failed (1)
      Tests  1 failed | 55 passed (56)
 ERR_PNPM_RECURSIVE_EXEC_FIRST_FAIL  Command failed with exit code 1: vitest run test/08x4-exam-entries-rework.test.ts
[results] Could not verify the declared sitting of line 6ccae246-c86a-4a2e-b0e0-26fb58c3c1c4: DrizzleQueryError: Failed query: insert into "audit_log" ("id", "user_id", "action", "entity_type", "entity_id", "previous_data", "new_data", "ip_address", "user_agent", "created_at") values ($1, $2, $3, $4, $5, $6, $7, $8, $9, default)
⎯⎯⎯⎯⎯⎯⎯ Failed Tests 1 ⎯⎯⎯⎯⎯⎯⎯

 FAIL  test/08x4-exam-entries-rework.test.ts > F4 on the reservations rework > step B's hold at the deadline drops a paid line and withdraws its entries; a sent one keeps its board fee (the review of 093dbd1, items 1 and 5) > the school turns hold on, the deadline passes: the sent line keeps its board fee and its entry is withdrawn; the unsent one gets it back
AssertionError: expected 1500 to be 1000 // Object.is equality

[32m- Expected[39m
[31m+ Received[39m

[32m- 1000[39m
[31m+ 1500[39m

 ❯ test/08x4-exam-entries-rework.test.ts:1261:36
    1259|         for (const id of [h1, h2]) expect((await lineOf(id)).status).t…
    1260|         // The board fee stays with the board for the line whose entry…
    1261|         expect(await credited(h1)).toBe(p1.amount);
       |                                    ^
    1262|         expect(await credited(h2)).toBe(p2.amount);
    1263|         expect(p2.amount - p1.amount).toBe(500);

⎯⎯⎯⎯⎯⎯⎯⎯⎯⎯⎯⎯⎯⎯⎯⎯⎯⎯⎯⎯⎯⎯⎯⎯[1/1]⎯

