# C57: the admin's move leaves a line's entries in the series it leaves
# undone in: apps/api/src/services/series.services.ts
# ran: test/08x4-exam-entries-rework.test.ts
# expected red: ["the admin's move: a sent entry refuses it"]
# result: RED as expected

 ❯ test/08x4-exam-entries-rework.test.ts (56 tests | 2 failed) 27521ms
   × F4 on the reservations rework > a line moved to another series takes its drafts with it, and a sent entry refuses the move (the review of 426d565, item 2) > the admin's move: a sent entry refuses it, naming the entry; a draft is withdrawn with its line and made again where the line goes 730ms
     → expected { status: 200, error: '""' } to deeply equal { status: 409, …(1) }
   × F4 on the reservations rework > after a move (the review of 54c225f, items 1 and 3) > what staff set on a draft withdrawn by the move is carried to the entry made in the new series (item 3) 355ms
     → expected 1 row, got 2 for: select option_code, staff_set from exam_entry where registration_id = $1 and status = 'draft'
 Test Files  1 failed (1)
      Tests  2 failed | 54 passed (56)
 ERR_PNPM_RECURSIVE_EXEC_FIRST_FAIL  Command failed with exit code 1: vitest run test/08x4-exam-entries-rework.test.ts
[results] Could not verify the declared sitting of line ad37eefb-f2bb-4dfc-b517-7fe9fb4c68da: DrizzleQueryError: Failed query: insert into "audit_log" ("id", "user_id", "action", "entity_type", "entity_id", "previous_data", "new_data", "ip_address", "user_agent", "created_at") values ($1, $2, $3, $4, $5, $6, $7, $8, $9, default)
⎯⎯⎯⎯⎯⎯⎯ Failed Tests 2 ⎯⎯⎯⎯⎯⎯⎯

 FAIL  test/08x4-exam-entries-rework.test.ts > F4 on the reservations rework > a line moved to another series takes its drafts with it, and a sent entry refuses the move (the review of 426d565, item 2) > the admin's move: a sent entry refuses it, naming the entry; a draft is withdrawn with its line and made again where the line goes
AssertionError: expected { status: 200, error: '""' } to deeply equal { status: 409, …(1) }

[32m- Expected[39m
[31m+ Received[39m

[2m  {[22m
[32m-   "error": "XW97 Biology XW for Student x-xw-mvs has already gone to the board in Cambridge International June 2027 (exams xw move a): withdraw its entries first",[39m
[32m-   "status": 409,[39m
[31m+   "error": "\"\"",[39m
[31m+   "status": 200,[39m
[2m  }[22m

 ❯ test/08x4-exam-entries-rework.test.ts:1058:41
    1056|         param: { id: sess }, json: { registrationIds: [id], boardSerie…
    1057|       });
    1058|       expect(await refused(move(p.ls))).toEqual({ status: 409, error: …
       |                                         ^
    1059|       expect([await seriesOfLine(p.ls), await statusOf(p.sent.id)]).to…
    1060|       await apiResponse(move(p.ld));

⎯⎯⎯⎯⎯⎯⎯⎯⎯⎯⎯⎯⎯⎯⎯⎯⎯⎯⎯⎯⎯⎯⎯⎯[1/2]⎯

 FAIL  test/08x4-exam-entries-rework.test.ts > F4 on the reservations rework > after a move (the review of 54c225f, items 1 and 3) > what staff set on a draft withdrawn by the move is carried to the entry made in the new series (item 3)
Error: expected 1 row, got 2 for: select option_code, staff_set from exam_entry where registration_id = $1 and status = 'draft'
 ❯ one test/helpers.ts:69:32
     67| export async function one<T = Json>(text: string, params: unknown[] = …
     68|   const rows = await sql<T>(text, params);
     69|   if (rows.length !== 1) throw new Error(`expected 1 row, got ${rows.l…
       |                                ^
     70|   return rows[0] as T;
     71| }
 ❯ test/08x4-exam-entries-rework.test.ts:1179:14

⎯⎯⎯⎯⎯⎯⎯⎯⎯⎯⎯⎯⎯⎯⎯⎯⎯⎯⎯⎯⎯⎯⎯⎯[2/2]⎯

