# C59: a subject's board change leaves its lines' entries with the old board
# undone in: apps/api/src/services/catalogue.services.ts
# ran: test/08x4-exam-entries-rework.test.ts
# expected red: ["a subject's board change: refused while a line has a sent entry"]
# result: RED as expected

 ❯ test/08x4-exam-entries-rework.test.ts (51 tests | 1 failed) 26820ms
   × F4 on the reservations rework > a line moved to another series takes its drafts with it, and a sent entry refuses the move (the review of 426d565, item 2) > a subject's board change: refused while a line has a sent entry; once that is withdrawn, the lines move to the new board's series and the drafts are withdrawn 764ms
     → expected { status: 200, error: '""' } to deeply equal { status: 400, …(1) }
 Test Files  1 failed (1)
      Tests  1 failed | 50 passed (51)
 ERR_PNPM_RECURSIVE_EXEC_FIRST_FAIL  Command failed with exit code 1: vitest run test/08x4-exam-entries-rework.test.ts
[results] Could not verify the declared sitting of line be65249a-562d-4c0d-a035-0347f351456e: DrizzleQueryError: Failed query: insert into "audit_log" ("id", "user_id", "action", "entity_type", "entity_id", "previous_data", "new_data", "ip_address", "user_agent", "created_at") values ($1, $2, $3, $4, $5, $6, $7, $8, $9, default)
⎯⎯⎯⎯⎯⎯⎯ Failed Tests 1 ⎯⎯⎯⎯⎯⎯⎯

 FAIL  test/08x4-exam-entries-rework.test.ts > F4 on the reservations rework > a line moved to another series takes its drafts with it, and a sent entry refuses the move (the review of 426d565, item 2) > a subject's board change: refused while a line has a sent entry; once that is withdrawn, the lines move to the new board's series and the drafts are withdrawn
AssertionError: expected { status: 200, error: '""' } to deeply equal { status: 400, …(1) }

[32m- Expected[39m
[31m+ Received[39m

[2m  {[22m
[32m-   "error": "XW97 Biology XW for Student x-xw-bcs has already gone to the board in Cambridge International June 2027 (exams xw board): withdraw its entries first",[39m
[32m-   "status": 400,[39m
[31m+   "error": "\"\"",[39m
[31m+   "status": 200,[39m
[2m  }[22m

 ❯ test/08x4-exam-entries-rework.test.ts:1055:39
    1053|       const change = () => w.adm.api.v1.subjects[':id'].$put({ param: …
    1054|       // The subject form's route answers each of its refusals 400 (th…
    1055|       expect(await refused(change())).toEqual({ status: 400, error: re…
       |                                       ^
    1056|       expect(await seriesOfLine(p.ld)).toBe(from);
    1057|       await byHand(p.sent.id);

⎯⎯⎯⎯⎯⎯⎯⎯⎯⎯⎯⎯⎯⎯⎯⎯⎯⎯⎯⎯⎯⎯⎯⎯[1/1]⎯

