# C61: what staff set by hand is brought back to the line's answer by a derivation
# undone in: apps/api/src/services/exam-entry.services.ts
# ran: test/08x4-exam-entries-rework.test.ts
# expected red: ["a coordinator's untick on a draft stays", 'typed by hand on a draft stays']
# result: RED as expected

 ❯ test/08x4-exam-entries-rework.test.ts (51 tests | 2 failed) 27270ms
   × F4 on the reservations rework > an entry follows its line's answer given after it was made (the review of 093dbd1, item 2) > a coordinator's untick on a draft stays: the next derivation does not tick it again, and the check does not flag it 402ms
     → expected { series: { …(4) }, …(7) } to match object { created: +0, updated: +0 }
   × F4 on the reservations rework > an entry follows its line's answer given after it was made (the review of 093dbd1, item 2) > another centre's candidate number typed by hand on a draft stays: the next derivation does not overwrite it 378ms
     → expected { series: { …(4) }, …(7) } to match object { created: +0, updated: +0 }
 Test Files  1 failed (1)
      Tests  2 failed | 49 passed (51)
 ERR_PNPM_RECURSIVE_EXEC_FIRST_FAIL  Command failed with exit code 1: vitest run test/08x4-exam-entries-rework.test.ts
[results] Could not verify the declared sitting of line fca7dd74-e035-4e64-a6d6-43735fef0336: DrizzleQueryError: Failed query: insert into "audit_log" ("id", "user_id", "action", "entity_type", "entity_id", "previous_data", "new_data", "ip_address", "user_agent", "created_at") values ($1, $2, $3, $4, $5, $6, $7, $8, $9, default)
⎯⎯⎯⎯⎯⎯⎯ Failed Tests 2 ⎯⎯⎯⎯⎯⎯⎯

 FAIL  test/08x4-exam-entries-rework.test.ts > F4 on the reservations rework > an entry follows its line's answer given after it was made (the review of 093dbd1, item 2) > a coordinator's untick on a draft stays: the next derivation does not tick it again, and the check does not flag it
AssertionError: expected { series: { …(4) }, …(7) } to match object { created: +0, updated: +0 }
(14 matching properties omitted from actual)

[32m- Expected[39m
[31m+ Received[39m

[2m  {[22m
[2m    "created": 0,[22m
[32m-   "updated": 0,[39m
[31m+   "updated": 1,[39m
[2m  }[22m

 ❯ test/08x4-exam-entries-rework.test.ts:765:49
    763|       await apiResponse(coord.api.v1.exams.entries[':id'].$put({ param…
    764|       expect((await one<{ s: string[] }>(`select staff_set as s from e…
    765|       expect(await derive(nov(), hu.studentId)).toMatchObject({ create…
       |                                                 ^
    766|       expect((await entriesOf(nov(), hu.studentId))[0]).toMatchObject(…
    767|       expect((await rowOf(e!.id)).problems).not.toContain('retake_diff…

⎯⎯⎯⎯⎯⎯⎯⎯⎯⎯⎯⎯⎯⎯⎯⎯⎯⎯⎯⎯⎯⎯⎯⎯[1/2]⎯

 FAIL  test/08x4-exam-entries-rework.test.ts > F4 on the reservations rework > an entry follows its line's answer given after it was made (the review of 093dbd1, item 2) > another centre's candidate number typed by hand on a draft stays: the next derivation does not overwrite it
AssertionError: expected { series: { …(4) }, …(7) } to match object { created: +0, updated: +0 }
(14 matching properties omitted from actual)

[32m- Expected[39m
[31m+ Received[39m

[2m  {[22m
[2m    "created": 0,[22m
[32m-   "updated": 0,[39m
[31m+   "updated": 1,[39m
[2m  }[22m

 ❯ test/08x4-exam-entries-rework.test.ts:779:49
    777|       // The statement had it wrong: the coordinator types the number …
    778|       await apiResponse(coord.api.v1.exams.entries[':id'].$put({ param…
    779|       expect(await derive(nov(), ht.studentId)).toMatchObject({ create…
       |                                                 ^
    780|       expect((await entriesOf(nov(), ht.studentId))[0]).toMatchObject(…
    781|       expect((await rowOf(e!.id)).problems).not.toContain('carry_forwa…

⎯⎯⎯⎯⎯⎯⎯⎯⎯⎯⎯⎯⎯⎯⎯⎯⎯⎯⎯⎯⎯⎯⎯⎯[2/2]⎯

