# C65: derivation locks the entries it brings up to date one by one in its rows' order
# undone in: apps/api/src/services/exam-entry.services.ts
# ran: test/08t-rework-races.test.ts
# expected red: ['a derivation bringing drafts up to date while they are marked as sent']
# result: RED as expected

 ❯ test/08t-rework-races.test.ts (37 tests | 1 failed) 33534ms
   × 08t: F4 — a derivation bringing drafts up to date while they are marked as sent > two drafts brought up to date as both are sent: the send waits for the derivation, nothing deadlocks 1826ms
 Test Files  1 failed (1)
      Tests  1 failed | 36 passed (37)
 ERR_PNPM_RECURSIVE_EXEC_FIRST_FAIL  Command failed with exit code 1: vitest run test/08t-rework-races.test.ts
⎯⎯⎯⎯⎯⎯⎯ Failed Tests 1 ⎯⎯⎯⎯⎯⎯⎯

 FAIL  test/08t-rework-races.test.ts > 08t: F4 — a derivation bringing drafts up to date while they are marked as sent > two drafts brought up to date as both are sent: the send waits for the derivation, nothing deadlocks
Error: Failed to record the entries as sent
 ❯ apiResponse ../../packages/validations/src/api-response.ts:49:11
 ❯ test/08t-rework-races.test.ts:1382:17
    1380|       await lockWaiters(2);
    1381|       await p.release('EXAM_ENTRY_UPDATED');
    1382|       results = await Promise.all([deriving, sending]);
       |                 ^
    1383|     } finally {
    1384|       await p.releaseAll();

⎯⎯⎯⎯⎯⎯⎯⎯⎯⎯⎯⎯⎯⎯⎯⎯⎯⎯⎯⎯⎯⎯⎯⎯[1/1]⎯

