# C66: a send in a series the line has left still counted as sent (the board fee kept after a move)
# undone in: apps/api/src/services/refund.services.ts
# ran: test/08x4-exam-entries-rework.test.ts
# expected red: ['dropped in the new series before anything is sent there']
# result: RED as expected

 ❯ test/08x4-exam-entries-rework.test.ts (56 tests | 1 failed) 27134ms
   × F4 on the reservations rework > after a move (the review of 54c225f, items 1 and 3) > a sent entry withdrawn so its line could move: dropped in the new series before anything is sent there, the board fee comes back (item 1) 357ms
     → expected { …(10) } to match object { boardSent: false, …(2) }
 Test Files  1 failed (1)
      Tests  1 failed | 55 passed (56)
 ERR_PNPM_RECURSIVE_EXEC_FIRST_FAIL  Command failed with exit code 1: vitest run test/08x4-exam-entries-rework.test.ts
[results] Could not verify the declared sitting of line af0b6cf6-a2eb-4893-a284-996ff5449aae: DrizzleQueryError: Failed query: insert into "audit_log" ("id", "user_id", "action", "entity_type", "entity_id", "previous_data", "new_data", "ip_address", "user_agent", "created_at") values ($1, $2, $3, $4, $5, $6, $7, $8, $9, default)
⎯⎯⎯⎯⎯⎯⎯ Failed Tests 1 ⎯⎯⎯⎯⎯⎯⎯

 FAIL  test/08x4-exam-entries-rework.test.ts > F4 on the reservations rework > after a move (the review of 54c225f, items 1 and 3) > a sent entry withdrawn so its line could move: dropped in the new series before anything is sent there, the board fee comes back (item 1)
AssertionError: expected { …(10) } to match object { boardSent: false, …(2) }
(7 matching properties omitted from actual)

[32m- Expected[39m
[31m+ Received[39m

[2m  {[22m
[32m-   "boardPart": 500,[39m
[32m-   "boardSent": false,[39m
[32m-   "sentEntries": [],[39m
[31m+   "boardPart": 0,[39m
[31m+   "boardSent": true,[39m
[31m+   "sentEntries": [[39m
[31m+     {[39m
[31m+       "entryCode": "XW97",[39m
[31m+       "submittedAt": "2026-10-08T19:07:04.159Z",[39m
[31m+       "title": "Biology XW",[39m
[31m+     },[39m
[31m+   ],[39m
[2m  }[22m

 ❯ test/08x4-exam-entries-rework.test.ts:1164:22
    1162|       const before = await refundPreview(f, line);
    1163|       // The send in the series it left is not this series' (the lead:…
    1164|       expect(before).toMatchObject({ boardSent: false, boardPart: 500,…
       |                      ^
    1165|       const drop = await apiResponse(f.parent.api.v1.registrations[':i…
    1166|       expect(drop).toMatchObject({ refundAmount: before.amount });

⎯⎯⎯⎯⎯⎯⎯⎯⎯⎯⎯⎯⎯⎯⎯⎯⎯⎯⎯⎯⎯⎯⎯⎯[1/1]⎯

