# C67: a family's own declaration answered in the family's name
# undone in: apps/api/src/services/exam-result.services.ts
# ran: test/08x4-exam-entries-rework.test.ts
# expected red: ["a family's own declaration the results on record show is verified with no person"]
# result: RED as expected

 ❯ test/08x4-exam-entries-rework.test.ts (56 tests | 1 failed) 27329ms
   × F4 on the reservations rework > a sitting the school's results show: verified at declaration, only by a real grade, the importer answering (the review of 093dbd1, items 3, 7, 9) > a family's own declaration the results on record show is verified with no person as its answerer, the reason naming the result and its importer (the review of 54c225f, item 2) 43ms
     → expected 'vjBfRVSqdXB6dVR9aFOYN1Gysd67tAED' to be null
 Test Files  1 failed (1)
      Tests  1 failed | 55 passed (56)
 ERR_PNPM_RECURSIVE_EXEC_FIRST_FAIL  Command failed with exit code 1: vitest run test/08x4-exam-entries-rework.test.ts
[results] Could not verify the declared sitting of line 1275b3c9-9fa3-4a66-8d2a-9f19182a5e49: DrizzleQueryError: Failed query: insert into "audit_log" ("id", "user_id", "action", "entity_type", "entity_id", "previous_data", "new_data", "ip_address", "user_agent", "created_at") values ($1, $2, $3, $4, $5, $6, $7, $8, $9, default)
⎯⎯⎯⎯⎯⎯⎯ Failed Tests 1 ⎯⎯⎯⎯⎯⎯⎯

 FAIL  test/08x4-exam-entries-rework.test.ts > F4 on the reservations rework > a sitting the school's results show: verified at declaration, only by a real grade, the importer answering (the review of 093dbd1, items 3, 7, 9) > a family's own declaration the results on record show is verified with no person as its answerer, the reason naming the result and its importer (the review of 54c225f, item 2)
AssertionError: expected 'vjBfRVSqdXB6dVR9aFOYN1Gysd67tAED' to be null

[32m- Expected:[39m 
null

[31m+ Received:[39m 
"vjBfRVSqdXB6dVR9aFOYN1Gysd67tAED"

 ❯ test/08x4-exam-entries-rework.test.ts:878:42
    876|       } }));
    877|       expect((await lineOf(line!.id)).outcome).toBe('verified');
    878|       expect(await verifiedBy(line!.id)).toBeNull();
       |                                          ^
    879|       const a = await one<{ user_id: string | null; n: Record<string, …
    880|         `select user_id, new_data as n from audit_log where entity_id …

⎯⎯⎯⎯⎯⎯⎯⎯⎯⎯⎯⎯⎯⎯⎯⎯⎯⎯⎯⎯⎯⎯⎯⎯[1/1]⎯

