# C68: what staff set on an entry withdrawn with its line not carried to the entry made again
# undone in: apps/api/src/services/exam-entry.services.ts
# ran: test/08x4-exam-entries-rework.test.ts
# expected red: ['carried to the entry made again after a second payment', 'carried to the entry made in the new series']
# result: RED as expected

 ❯ test/08x4-exam-entries-rework.test.ts (56 tests | 2 failed) 27096ms
   × F4 on the reservations rework > every other path that ends a paid line withdraws its entries, in its own transaction (the review of 093dbd1, item 1) > what staff set on an entry withdrawn with its line is carried to the entry made again after a second payment (the review of 54c225f, item 3) 386ms
     → expected { …(3) } to match object { option_code: 'B2', …(1) }
   × F4 on the reservations rework > after a move (the review of 54c225f, items 1 and 3) > what staff set on a draft withdrawn by the move is carried to the entry made in the new series (item 3) 345ms
     → expected { option_code: null, staff_set: [] } to deeply equal { option_code: 'A1', …(1) }
 Test Files  1 failed (1)
      Tests  2 failed | 54 passed (56)
 ERR_PNPM_RECURSIVE_EXEC_FIRST_FAIL  Command failed with exit code 1: vitest run test/08x4-exam-entries-rework.test.ts
[results] Could not verify the declared sitting of line f6215bd6-c932-47c2-b6d0-7a30b8bfc5c5: DrizzleQueryError: Failed query: insert into "audit_log" ("id", "user_id", "action", "entity_type", "entity_id", "previous_data", "new_data", "ip_address", "user_agent", "created_at") values ($1, $2, $3, $4, $5, $6, $7, $8, $9, default)
⎯⎯⎯⎯⎯⎯⎯ Failed Tests 2 ⎯⎯⎯⎯⎯⎯⎯

 FAIL  test/08x4-exam-entries-rework.test.ts > F4 on the reservations rework > every other path that ends a paid line withdraws its entries, in its own transaction (the review of 093dbd1, item 1) > what staff set on an entry withdrawn with its line is carried to the entry made again after a second payment (the review of 54c225f, item 3)
AssertionError: expected { …(3) } to match object { option_code: 'B2', …(1) }
(1 matching property omitted from actual)

[32m- Expected[39m
[31m+ Received[39m

[2m  {[22m
[32m-   "option_code": "B2",[39m
[32m-   "staff_set": [[39m
[32m-     "option",[39m
[32m-   ],[39m
[31m+   "option_code": null,[39m
[31m+   "staff_set": [],[39m
[2m  }[22m

 ❯ test/08x4-exam-entries-rework.test.ts:564:20
    562|       const made = await one<{ id: string; option_code: string | null;…
    563|         `select id, option_code, staff_set from exam_entry where regis…
    564|       expect(made).toMatchObject({ option_code: 'B2', staff_set: ['opt…
       |                    ^
    565|       expect(made.id).not.toBe(e!.id);
    566|     });

⎯⎯⎯⎯⎯⎯⎯⎯⎯⎯⎯⎯⎯⎯⎯⎯⎯⎯⎯⎯⎯⎯⎯⎯[1/2]⎯

 FAIL  test/08x4-exam-entries-rework.test.ts > F4 on the reservations rework > after a move (the review of 54c225f, items 1 and 3) > what staff set on a draft withdrawn by the move is carried to the entry made in the new series (item 3)
AssertionError: expected { option_code: null, staff_set: [] } to deeply equal { option_code: 'A1', …(1) }

[32m- Expected[39m
[31m+ Received[39m

[2m  {[22m
[32m-   "option_code": "A1",[39m
[32m-   "staff_set": [[39m
[32m-     "option",[39m
[32m-   ],[39m
[31m+   "option_code": null,[39m
[31m+   "staff_set": [],[39m
[2m  }[22m

 ❯ test/08x4-exam-entries-rework.test.ts:1180:115
    1178|       expect(await derive(to, f.studentId)).toMatchObject({ created: 1…
    1179|       expect(await one<{ option_code: string | null; staff_set: string…
    1180|         `select option_code, staff_set from exam_entry where registrat…
       |                                                                                                                   ^
    1181|     });
    1182|   });

⎯⎯⎯⎯⎯⎯⎯⎯⎯⎯⎯⎯⎯⎯⎯⎯⎯⎯⎯⎯⎯⎯⎯⎯[2/2]⎯

