# C69: an option chosen on an entry added by hand not recorded as staff's
# undone in: apps/api/src/services/exam-entry.services.ts
# ran: test/08x4-exam-entries-rework.test.ts
# expected red: ["an option chosen on an entry added by hand is staff's"]
# result: RED as expected

 ❯ test/08x4-exam-entries-rework.test.ts (56 tests | 1 failed) 26753ms
   × F4 on the reservations rework > every other path that ends a paid line withdraws its entries, in its own transaction (the review of 093dbd1, item 1) > an option chosen on an entry added by hand is staff's (the review of 54c225f, item 3) 284ms
     → expected [] to deeply equal [ 'option' ]
 Test Files  1 failed (1)
      Tests  1 failed | 55 passed (56)
 ERR_PNPM_RECURSIVE_EXEC_FIRST_FAIL  Command failed with exit code 1: vitest run test/08x4-exam-entries-rework.test.ts
[results] Could not verify the declared sitting of line 36090bb1-bb2c-4e36-bbd9-edd8577f364c: DrizzleQueryError: Failed query: insert into "audit_log" ("id", "user_id", "action", "entity_type", "entity_id", "previous_data", "new_data", "ip_address", "user_agent", "created_at") values ($1, $2, $3, $4, $5, $6, $7, $8, $9, default)
⎯⎯⎯⎯⎯⎯⎯ Failed Tests 1 ⎯⎯⎯⎯⎯⎯⎯

 FAIL  test/08x4-exam-entries-rework.test.ts > F4 on the reservations rework > every other path that ends a paid line withdraws its entries, in its own transaction (the review of 093dbd1, item 1) > an option chosen on an entry added by hand is staff's (the review of 54c225f, item 3)
AssertionError: expected [] to deeply equal [ 'option' ]

[32m- Expected[39m
[31m+ Received[39m

[32m- [[39m
[32m-   "option",[39m
[32m- ][39m
[31m+ [][39m

 ❯ test/08x4-exam-entries-rework.test.ts:571:109


⎯⎯⎯⎯⎯⎯⎯⎯⎯⎯⎯⎯⎯⎯⎯⎯⎯⎯⎯⎯⎯⎯⎯⎯[1/1]⎯

