Control email-claim: an email claimed (queued -> sending, status-guarded) before it is sent undone; test test/08t-rework-races.test.ts -t "two senders of the same queued email"; started 2026-10-08T10:13:31Z; restored after the run
Tests run:
   ↓ 08t: the rework races > two desks reserve one subject for one student at the same moment: one line
   ↓ 08t: the rework races > the same entry in one series from two sessions at once: the student lock serialises them and the second is refused
   ↓ 08t: the rework races > two items of one exclusive group at once: one line, the other refused
   ↓ 08t: the rework races > an item closed while a line is being reserved: the close waits for the line; a close that lands first refuses it
   ↓ 08t: the rework races > a teacher removed from the offer while a line naming them is reserved: removed first, the line is refused
   ↓ 08t: the rework races > a fee confirmed while a line is being priced on it: the confirm waits for the line and clears it — never a line left provisional
   ↓ 08t: the rework races > a re-price racing a checkout (flag 46): the lines are locked first > the checkout lands first: it pays the price it read, and the re-price lists the line and leaves it
   ↓ 08t: the rework races > a re-price racing a checkout (flag 46): the lines are locked first > the re-price lands first: the checkout that read the old price is refused, nothing is charged
   ↓ 08t: the rework races > an item's series changed while a checkout lands on its line: the checkout first, the change is refused
   ↓ 08t: the rework races > capture and the deadline sweep on one paid preregistration at once: refunded once
   ↓ 08t: the rework races > a declared sitting answered while its line is being paid > the checkout first: it opens its payment, and the rejection is refused while it is open
   ↓ 08t: the rework races > a declared sitting answered while its line is being paid > the rejection first: the line expires, and the checkout that waited is refused, no payment made
   ↓ 08t: the rework races > a declared sitting answered while its line is being paid > verified while its payment is confirmed: both land, the line paid and verified
   ↓ 08t: the rework races > a declared sitting answered while its line is being paid > a parent's approval of a drop against the coordinator's rejection of the same paid line > the approval first: the line is dropped, and the rejection that waited finds nothing to answer
   ↓ 08t: the rework races > a declared sitting answered while its line is being paid > a parent's approval of a drop against the coordinator's rejection of the same paid line > the rejection first: the paid line stands as a first entry, then the approval drops it
   ↓ 08t: the rework races > a declared sitting answered while its line is being paid > a payment confirmed while a rejection waits for the line: the rejection is refused (try again), then answered with the receipt first
   ↓ 08t: the rework races > a declared sitting answered while its line is being paid > a payment reversal against the coordinator's rejection of the same paid line > the rejection first: it holds the receipt and the line; the reversal waits, then reverts the payment
   ↓ 08t: the rework races > a declared sitting answered while its line is being paid > a payment reversal against the coordinator's rejection of the same paid line > the reversal first: the line waits for payment again, and the rejection that waited ends it
   ↓ 08t: the rework races > a declared sitting answered while its line is being paid > the hold step run by two schedulers at once drops a paid unverified line once
   ↓ 08t: the rework races > a parent's approval of a drop against a reversal of the line's payment (MA-16's order: the receipt, then the line) > the approval first: it drops the line; the reversal then refuses (the subject was dropped) — no deadlock
   ↓ 08t: the rework races > a parent's approval of a drop against a reversal of the line's payment (MA-16's order: the receipt, then the line) > the reversal first: it reverts the line; the approval then refuses (already processed) — no deadlock
   ↓ 08t: the rework races > a fee list pasted out of id order against a line priced on two of its rows: the put takes them in id order, the line waits for it, nothing deadlocks
   ↓ 08t: the rework races > a swap while the fee row its new line and its old line read is confirmed (the review of B): the new line's locks come before the old line > the Confirm takes the row first: the approval waits for its fee grid before the old line; both land
   ↓ 08t: the rework races > a swap while the fee row its new line and its old line read is confirmed (the review of B): the new line's locks come before the old line > the approval takes its new line's row first: the Confirm waits for the swap; both land
   ↓ 08t: the rework races > a swap while the fee row its new line and its old line read is confirmed (the review of B): the new line's locks come before the old line > the parent's own swap, the Confirm first: the same order, both land
   ↓ 08t: the rework races > a fee row that exists nowhere when the admin's move begins, created and confirmed by finance around it (the series' fee grid) > the move first: the fee row created during it waits for it — the move, finding no fee there, is refused; the row is made after
   ↓ 08t: the rework races > a fee row that exists nowhere when the admin's move begins, created and confirmed by finance around it (the series' fee grid) > finance first: the move waits for the fee row being created, holds it, and the Confirm that follows waits for the move and reaches the moved line
   ↓ 08t: the rework races > a Confirm landing inside a move (the review of 40c1447): the move holds the new series' fee rows before its lines, so the Confirm waits and reaches the moved line > an item's series change
   ↓ 08t: the rework races > a Confirm landing inside a move (the review of 40c1447): the move holds the new series' fee rows before its lines, so the Confirm waits and reaches the moved line > the admin's move
   ↓ 08t: the rework races > a Confirm landing inside a move (the review of 40c1447): the move holds the new series' fee rows before its lines, so the Confirm waits and reaches the moved line > a board change
   ↓ 08t: the rework races > a Confirm landing inside a move (the review of 40c1447): the move holds the new series' fee rows before its lines, so the Confirm waits and reaches the moved line > the session's series correction
   ↓ 08t: the rework races — money (step C) > an exception revoked while a line relies on it: the revocation waits for the reservation, then re-dates its line; one that lands first leaves the line without it
   ↓ 08t: the rework races — money (step C) > a family's one-shot gate wanted by two of its children at once: one reservation gets it, the other is refused
   ↓ 08t: the rework races — money (step C) > the desk collects a line and another line's instalment while both lines' board fees are re-priced: every line taken in one id-ordered pass, so the two never deadlock
   ↓ 08t: the rework races — money (step C) > the last instalment's confirmation racing the line's deadline > the confirmation first (begun before the deadline): the line is captured; the sweep after the deadline finds it confirmed and settles nothing
   ↓ 08t: the rework races — money (step C) > the last instalment's confirmation racing the line's deadline > the sweep first (after the deadline): the line expires and its deposits are settled once; the confirmation is refused and the payment failed
   ↓ 08t: the rework races — reminders (step D) > a payment taken while the reminder step reads the line: the step waits for the line, reads it being paid, and reminds nothing
   ↓ 08t: the rework races — reminders (step D) > a reminder claimed while the payment is taken: the payment waits for the line, the reminder goes out once, before the payment confirms
   × 08t: the rework races — reminders (step D) > two senders of the same queued email: each claims it before sending (queued → sending), so it is sent once 326ms
   ↓ 08t: the rework races — reminders (step D) > the reminder step and the admin's change of the session's payment date at once: the step takes the session before its lines (A's order), so neither waits on the other in a cycle (the review of 5c2f2bf, item 3)

⎯⎯⎯⎯⎯⎯⎯ Failed Tests 1 ⎯⎯⎯⎯⎯⎯⎯
 FAIL  test/08t-rework-races.test.ts > 08t: the rework races — reminders (step D) > two senders of the same queued email: each claims it before sending (queued → sending), so it is sent once
AssertionError: expected 2 to be 1 // Object.is equality
- Expected
+ Received
- 1
+ 2
 ❯ test/08t-rework-races.test.ts:1460:51
    1458|       await release().catch(() => {});
    1459|     }
    1460|     expect(sends.reduce((n, x) => n + x.sent, 0)).toBe(1);
       |                                                   ^
    1461|     expect(await one(`select status, attempts from message_delivery wh…
    1462|   });
⎯⎯⎯⎯⎯⎯⎯⎯⎯⎯⎯⎯⎯⎯⎯⎯⎯⎯⎯⎯⎯⎯⎯⎯[1/1]⎯
 Test Files  1 failed (1)
      Tests  1 failed | 39 skipped (40)
   Start at  13:13:31
   Duration  3.83s (transform 602ms, setup 2ms, collect 248ms, tests 1.80s, environment 0ms, prepare 34ms)

 Test Files  1 failed (1)
      Tests  1 failed | 39 skipped (40)
   Start at  13:13:31
   Duration  3.83s (transform 602ms, setup 2ms, collect 248ms, tests 1.80s, environment 0ms, prepare 34ms)
