Control not-claimed-filter: a target already claimed is left out before anything is locked (review item 4) undone; test test/08s-messages-reminders.test.ts -t "a target already reminded is not locked again"; started 2026-10-08T10:14:04Z; restored after the run
Tests run:
   ↓ 08s: messages and reminders > one rule per kind for every session, seeded with the defaults; the school texts in English and Arabic; WhatsApp has no sender
   ↓ 08s: messages and reminders > a payment reminder: −7, −3, the day, +3, then every 3 days until paid > nothing before its day in Cairo, nothing before the send hour; at 09:00 Cairo on day −7 both families are reminded, once
   ↓ 08s: messages and reminders > a payment reminder: −7, −3, the day, +3, then every 3 days until paid > a day whose hour passed while nothing ran goes out at the next tick, once; the days between are quiet
   ↓ 08s: messages and reminders > a payment reminder: −7, −3, the day, +3, then every 3 days until paid > the line paid between two days stops its reminders; the unpaid one is reminded on the day, then with the overdue text at +3, +6, +9
   ↓ 08s: messages and reminders > a payment reminder: −7, −3, the day, +3, then every 3 days until paid > what went out: the reminders list and the log, each message with its deliveries per channel
   ↓ 08s: messages and reminders > two scheduler instances running the step at the same minute send once: the second waits on the first one's claim and finds it taken
   ↓ 08s: messages and reminders > a line on a provisional board fee is not reminded (it cannot be paid yet); confirmed, it is reminded once
   ↓ 08s: messages and reminders > an instalment and a charge are reminded by the payment rule, together; the line its plan pays is not
   ↓ 08s: messages and reminders > a session's own rule overrides the rule for every session there; switched off, nothing goes; dropped, the session follows every session's rule again
   ↓ 08s: messages and reminders > "parents of grade 11" is an audience: the parents of every grade-11 student today, not a parent of grade 10, not the students
   ↓ 08s: messages and reminders > a batch to a session's unpaid families (the Money tab's "Remind", sent by the finance officer): the families who owe, with what they owe; not the family that paid; only those ticked
   ↓ 08s: messages and reminders > a direct message to chosen people; a variable an audience cannot fill is refused before anything is sent
   ↓ 08s: messages and reminders > a scheduled message is sent by the tick at its time and not before; a cancelled one is never sent; a sent one cannot be cancelled
   ↓ 08s: messages and reminders > families cannot delete a message or a notification: there is no such route; marking read keeps every row, the student's too
   ↓ 08s: messages and reminders > a template with every variable renders in both languages for each family
   ↓ 08s: messages and reminders > a failed email is recorded on its delivery, the in-app copy is still delivered, and the others are sent
   ↓ 08s: messages and reminders > staff reminders: the closing of a session to families; a board deadline to the staff with how many lines wait; a declared retake to the coordinator until verified
   ↓ 08s: messages and reminders > reminders off (the setting): nothing goes out, and nothing missed meanwhile is sent as a backlog
   ↓ 08s: messages and reminders > two ticks at the same minute send a scheduled message once: the second finds it locked and leaves it
   ↓ 08s: messages and reminders > a cancel landing while the tick sends the message waits for it, and is refused: the message was sent
   ↓ 08s: messages and reminders > an email claimed by a sender that stopped half way is marked failed at the next tick, never sent again
   ↓ 08s: messages and reminders > a session the old 24-hour closing reminder already reached is not reminded again on its day −1
   ↓ 08s: messages and reminders > a pushed school fee is reminded by the school-fee rule, 14 days before its date; paid, its reminders stop
   ↓ 08s: messages and reminders > Remind and every money list leave out what is being paid: a line whose InstaPay transfer is being checked, a charge with its payment open (item 1)
   ↓ 08s: messages and reminders > finance writes to the holders of an unpaid charge only; the admin may write to the holders of a paid one, and that is a message, not a payment reminder (item 2)
   × 08s: messages and reminders > a target already reminded is not locked again on the minutes after: the step leaves it out before it locks anything (item 4) 4422ms
   ↓ 08s: messages and reminders > a rule changed during the day never sends a family a second reminder that day about the same date (item 5)
   ↓ 08s: messages and reminders > a student who has left the school is in no list and is not reminded, a pending charge of theirs included (item 6)
   ↓ 08s: messages and reminders > a text a rule sends — one the admin wrote included — cannot be switched off; the refusal names the rule (item 10)
   ↓ 08s: messages and reminders > "Remind" per line: what is past its due date gets the overdue text, what is not yet due the due text (item 8)

⎯⎯⎯⎯⎯⎯⎯ Failed Tests 1 ⎯⎯⎯⎯⎯⎯⎯
 FAIL  test/08s-messages-reminders.test.ts > 08s: messages and reminders > a target already reminded is not locked again on the minutes after: the step leaves it out before it locks anything (item 4)
AssertionError: expected 'waited on the line' to be 'finished' // Object.is equality
Expected: "finished"
Received: "waited on the line"
 ❯ test/08s-messages-reminders.test.ts:737:23
    735|         new Promise<string>((r) => setTimeout(() => r('waited on the l…
    736|       ]);
    737|       expect(outcome).toBe('finished');
       |                       ^
    738|     } finally {
    739|       await release();
⎯⎯⎯⎯⎯⎯⎯⎯⎯⎯⎯⎯⎯⎯⎯⎯⎯⎯⎯⎯⎯⎯⎯⎯[1/1]⎯
 Test Files  1 failed (1)
      Tests  1 failed | 29 skipped (30)
   Start at  13:14:04
   Duration  8.06s (transform 576ms, setup 2ms, collect 203ms, tests 6.19s, environment 0ms, prepare 33ms)

 Test Files  1 failed (1)
      Tests  1 failed | 29 skipped (30)
   Start at  13:14:04
   Duration  8.06s (transform 576ms, setup 2ms, collect 203ms, tests 6.19s, environment 0ms, prepare 33ms)
