officer.mona@igcse.local → http://localhost:3000/desk
session options: Pick an open session… / June 2028
ACCOUNTING: 	Whole subject | Cambridge International June 2028 | 	Teacher A	 | First entry, in school | Retake, in school — name the sitting | Retake, self-study — name the sitting | 	EGP 1,500
PHYSICS: 	Whole subject | Cambridge International June 2028 | 	Teacher A	 | First entry, in school | Retake, in school — name the sitting | Retake, self-study — name the sitting | 	EGP 1,600
MATHEMATICS: 	Whole subject | Cambridge International June 2028 | 	— self-study	 | First entry, self-study (not taught this cycle) | Retake, self-study — name the sitting | 	EGP 850
maths entry options: First entry, self-study (not taught this cycle) / Retake, self-study — name the sitting
sitting options: From the sitting… / Cambridge International November 2027 / Cambridge International June 2027 / Cambridge International November 2026 / Cambridge International June 2026
MATHEMATICS after: 	Whole subject declared — listed to verify | Cambridge International June 2028 | 	— self-study	 | First entry, self-study (not taught this cycle) | Retake, self-study — name the sitting | From the sitting… | Cambridge International November 2027 | Cambridge International June 2027 | Cambridge International November 2026 | Cambridge International June 2026 | 	EGP 850
SUMMARY:
EGP 0
EGP 0
A retake is set when the system knows the earlier sitting. For a new family choose "retake" and name the sitting: it is recorded and listed on the session's To verify tab. A teacher may be left as "no preference". A line on a provisional board fee (ⓟ) is reserved now and collected once the fee is confirmed.
	EGP 1,500
	Whole subject declared — listed to verify
	EGP 850
	EGP 1,600
3 lines · EGP 3,950
Due 22 Nov 2026
Paid per entry deadline: Cambridge International June 2028 EGP 3,100 · Cambridge International June 2028 (retake deadline) EGP 850
Refund policy and declaration read and signed by the parent
Reserve only
Paid with
Escrow to apply (EGP)
Reserve and collect
EGP 3,950
consent boxes: 1
instrument default: cash
shot 01-desk-ticked
collect button: Reserve and collect
EGP 3,950
AFTER COLLECT:
The Desk
Find a student — see everything, do everything, in one place.
+ New Family (Onboard)
Reserved 3 lines. Collected EGP 3,950 in 2 payments, one per entry deadline.
Dismiss
Student F2Grade 11 · STU-20261008-4B08C
At school
Started grade 10 in 2025/26
Academic record
Statement
Parents: Parent F2
Owes now
EGP 0
Escrow
EGP 0
Close
Reserve at the desk
Session
Pick an open session…
June 2028
Reserved 3 lines. Collected EGP 3,950 in 2 payments, one per entry deadline.
Receipts to hand over: RCP-2D5E0F9786, RCP-DEA91BF46B, RCP-77B551BC44
Print the reservation slip
A retake is set when the system knows the earlier sitting. For a new family choose "retake" and name the sitting: it is recorded and listed on the session's To verify tab. A teacher may be left as "no preference". A line on a provisional board fee (ⓟ) is reserved now and collected once the fee is confirmed.
	SUBJECT · WHAT IS ENTERED	TEACHER	ENTRY	PRICE
O.L.
Accounting Cambridge International
	Whole subject already reserved
Cambridge International June 2028
			
Environmental Management Cambridge International Self-study only (not taught this cycle)
	Whole subject Self-study only (not taught this cycle)
Cambridge International June 2028
			
French Cambridge International Self-study only (not taught this cycle)
	Whole subject Self-study only (not taught this cycle)
Cambridge International June 2028
			
Mathematics Cambridge International grade-10 core Self-study only (not taught this cycle)
	Whole subject already reserved
shot 03-after-collect
TOTAL: inputs 8 clicks 3
ERRORS: none
