admin@igcse.local → http://localhost:3000/admin/dashboard
DRAWER text:
Accounting
Cambridge International · 0452 · 0 live lines
This cycle
Availability
Open
Retakes only
Self-study only
Closed

Closing stops new lines; the lines already made stand.

Course fee
Course starts (if not the session's)
Grade 10 core
Teachers

No teacher in this subject's pool yet.

Show every teacher
Notes
Remove subject
Save
What can be entered
Add an item
Whole subject
0 live lines · board fee EGP 300 provisional
Series
Cambridge International June 2028

This series has no dates yet: it takes no reservation until they are set.

Availability
Open
Retakes only
Self-study only
Closed
Course fee (if not the subject's)
Only one of the group

Items with the same group cannot be reserved together.

A first entry of the subject in this series includes it
Needs an earlier sitting carried forward
Its own teachers

No teacher in this subject's pool yet.

Show every teacher

None: the subject's teachers.

Untick
Save item
DRAWER inputs:
0: select Availability = Open/Retakes only/Self-study only/Closed
1: input[number] Course fee = 1100
2: input[date] Course starts (if not the session's) = 
3: input[checkbox]  = on
4: textarea Notes = 
5: select Series = Cambridge International June 2028
6: select Availability = Open/Retakes only/Self-study only/Closed
7: input[number] Course fee (if not the subject's) = 
8: input Only one of the group = 
9: input[checkbox]  = on
10: input[checkbox]  = on
DRAWER buttons: Show every teacher | Remove subject | Save | Add an item | Show every teacher | Untick | Save item
shot 01-drawer
first select options: Open/Retakes only/Self-study only/Closed
after availability, inputs:
0: select Availability = Open/Retakes only/Self-study only/Closed
1: input[number] Course fee = 1100
2: input[date] Course starts (if not the session's) = 
3: input[checkbox]  = on
4: textarea Notes = 
5: select Series = Cambridge International June 2028
6: select Availability = Open/Retakes only/Self-study only/Closed
7: input[number] Course fee (if not the subject's) = 
8: input Only one of the group = 
9: input[checkbox]  = on
10: input[checkbox]  = on
teacher button: Show every teacher
after teacher button, inputs:
0: select Availability = Open/Retakes only/Self-study only/Closed
1: input[number] Course fee = 1200
2: input[date] Course starts (if not the session's) = 
3: input[checkbox]  = on
4: textarea Notes = 
5: select Series = Cambridge International June 2028
6: select Availability = Open/Retakes only/Self-study only/Closed
7: input[number] Course fee (if not the subject's) = 
8: input Only one of the group = 
9: input[checkbox]  = on
10: input[checkbox]  = on
teacher options: Open/Retakes only/Self-study only/Closed
shot 02-drawer-filled
save button: Save item
drawer still open; text: Accounting | Cambridge International · 0452 · 0 live lines | This cycle | Availability | Open | Retakes only | Self-study only | Closed |  | Closing stops new lines; the lines already made stand. |  | Course fee | Course starts (if not the session's) | Grade 10 core | Teachers |  | No teacher in this subject's pool yet. |  | Show this subject's teachers only | Notes | Remove subject | Save | What can be entered | Add an item | Whole subject | 0 l
ROW AFTER: Accounting | Closed | Series has no dates | 	Cambridge International	—	Whole subject (retake)	EGP 1,100	 | EGP 300 | provisional | 	0
drawer cost: inputs 3 clicks 3
shot 03-row-after
FEES TAB:
← Sessions
June 2028
Open

Reserve 7 Oct 2026 07:43 – 6 Jan 2027 07:43
Course starts 22 Oct 2026
Due 22 Nov 2026 07:43

Refunds: 100% to week 2 · 50% in week 3 · 0% from week 4

Edit
Close
Correct the series
Deadlines
Cambridge International June 2028
Dates not set
Subjects
Fees
Money
Grade 10
To verify
Cambridge International June 2028
Copy from…
Paste the fee list
Confirm all
 
(17)
CODE	TITLE	USED BY	AMOUNT	STATE	LINES
0400	Art & Design	Art & Design		provisional	0
0413	Physical Education	Physical Education		provisional	0
0417	Information and Communication Technology	Information and Communication Technology		provisional	0
0450	Business Studies	Business Studies		provisional	0
0452	Accounting	Accounting		provisional	0
0455	Economics	Economics		provisional	0
0460	Geography	Geography		provisional	0
0470	History	History		provisional	0
0478	Computer Science	Computer Science		provisional	0
0500	English Language	English Language		provisional	0
0520	French	French		provisional	0
0544	Arabic Language	Arabic Language		provisional	0
0580	Mathematics	Mathematics		provisional	0
0610	Biology	Biology		provisional	0
0620	Chemistry	Chemistry		provisional	0
0625	Physics	Physics		provisional	0
0680	Environmental Management	Environmental Management		provisional	0
fees buttons: Edit | Close | Correct the series | Subjects | Fees | Money | Grade 10 | To verify | Copy from… | Paste the fee list | Confirm all
 
(17)
fees inputs:
0: input[number] Amount for 0400 = 300
1: input[number] Amount for 0413 = 300
2: input[number] Amount for 0417 = 300
3: input[number] Amount for 0450 = 300
4: input[number] Amount for 0452 = 300
5: input[number] Amount for 0455 = 300
6: input[number] Amount for 0460 = 300
7: input[number] Amount for 0470 = 300
8: input[number] Amount for 0478 = 300
9: input[number] Amount for 0500 = 300
10: input[number] Amount for 0520 = 300
11: input[number] Amount for 0544 = 300
12: input[number] Amount for 0580 = 300
13: input[number] Amount for 0610 = 300
shot 04-fees
Dates not set: no dialog; url http://localhost:3000/admin/sessions/a2944615-40a9-44a9-a93e-91350a48410a#subjects
CORRECT dialog:
Correct the series

The series decides the academic year every line is judged by. The subjects go to the same series of the new year with their lines; a line whose student may no longer sit it expires, and its checkout closes.

Type
June
Winter (November – January)
June of
Why
Cancel
Correct
CORRECT inputs:
0: select Type = June/Winter (November – January)
1: input[number] June of = 2028
2: input Why = 
shot 06-correct
TOTAL: inputs 3 clicks 4
ERRORS: none
